Archive member included to satisfy reference by file (symbol)

c:/program files (x86)/atmel/studio/7.0/toolchain/avr8/avr8-gnu-toolchain/bin/../lib/gcc/avr/5.4.0/../../../../avr/lib/avr5\libm.a(addsf3.o)
                              Mcal/Atmega32/PWM/src/PWM.o (__subsf3)
c:/program files (x86)/atmel/studio/7.0/toolchain/avr8/avr8-gnu-toolchain/bin/../lib/gcc/avr/5.4.0/../../../../avr/lib/avr5\libm.a(addsf3x.o)
                              c:/program files (x86)/atmel/studio/7.0/toolchain/avr8/avr8-gnu-toolchain/bin/../lib/gcc/avr/5.4.0/../../../../avr/lib/avr5\libm.a(addsf3.o) (__addsf3x)
c:/program files (x86)/atmel/studio/7.0/toolchain/avr8/avr8-gnu-toolchain/bin/../lib/gcc/avr/5.4.0/../../../../avr/lib/avr5\libm.a(divsf3.o)
                              Mcal/Atmega32/PWM/src/PWM.o (__divsf3)
c:/program files (x86)/atmel/studio/7.0/toolchain/avr8/avr8-gnu-toolchain/bin/../lib/gcc/avr/5.4.0/../../../../avr/lib/avr5\libm.a(divsf3x.o)
                              c:/program files (x86)/atmel/studio/7.0/toolchain/avr8/avr8-gnu-toolchain/bin/../lib/gcc/avr/5.4.0/../../../../avr/lib/avr5\libm.a(divsf3.o) (__divsf3x)
c:/program files (x86)/atmel/studio/7.0/toolchain/avr8/avr8-gnu-toolchain/bin/../lib/gcc/avr/5.4.0/../../../../avr/lib/avr5\libm.a(fixunssfsi.o)
                              Mcal/Atmega32/PWM/src/PWM.o (__fixunssfsi)
c:/program files (x86)/atmel/studio/7.0/toolchain/avr8/avr8-gnu-toolchain/bin/../lib/gcc/avr/5.4.0/../../../../avr/lib/avr5\libm.a(floatsisf.o)
                              Mcal/Atmega32/PWM/src/PWM.o (__floatsisf)
c:/program files (x86)/atmel/studio/7.0/toolchain/avr8/avr8-gnu-toolchain/bin/../lib/gcc/avr/5.4.0/../../../../avr/lib/avr5\libm.a(fp_inf.o)
                              c:/program files (x86)/atmel/studio/7.0/toolchain/avr8/avr8-gnu-toolchain/bin/../lib/gcc/avr/5.4.0/../../../../avr/lib/avr5\libm.a(addsf3x.o) (__fp_inf)
c:/program files (x86)/atmel/studio/7.0/toolchain/avr8/avr8-gnu-toolchain/bin/../lib/gcc/avr/5.4.0/../../../../avr/lib/avr5\libm.a(fp_nan.o)
                              c:/program files (x86)/atmel/studio/7.0/toolchain/avr8/avr8-gnu-toolchain/bin/../lib/gcc/avr/5.4.0/../../../../avr/lib/avr5\libm.a(addsf3x.o) (__fp_nan)
c:/program files (x86)/atmel/studio/7.0/toolchain/avr8/avr8-gnu-toolchain/bin/../lib/gcc/avr/5.4.0/../../../../avr/lib/avr5\libm.a(fp_pscA.o)
                              c:/program files (x86)/atmel/studio/7.0/toolchain/avr8/avr8-gnu-toolchain/bin/../lib/gcc/avr/5.4.0/../../../../avr/lib/avr5\libm.a(addsf3x.o) (__fp_pscA)
c:/program files (x86)/atmel/studio/7.0/toolchain/avr8/avr8-gnu-toolchain/bin/../lib/gcc/avr/5.4.0/../../../../avr/lib/avr5\libm.a(fp_pscB.o)
                              c:/program files (x86)/atmel/studio/7.0/toolchain/avr8/avr8-gnu-toolchain/bin/../lib/gcc/avr/5.4.0/../../../../avr/lib/avr5\libm.a(addsf3x.o) (__fp_pscB)
c:/program files (x86)/atmel/studio/7.0/toolchain/avr8/avr8-gnu-toolchain/bin/../lib/gcc/avr/5.4.0/../../../../avr/lib/avr5\libm.a(fp_round.o)
                              c:/program files (x86)/atmel/studio/7.0/toolchain/avr8/avr8-gnu-toolchain/bin/../lib/gcc/avr/5.4.0/../../../../avr/lib/avr5\libm.a(addsf3.o) (__fp_round)
c:/program files (x86)/atmel/studio/7.0/toolchain/avr8/avr8-gnu-toolchain/bin/../lib/gcc/avr/5.4.0/../../../../avr/lib/avr5\libm.a(fp_split3.o)
                              c:/program files (x86)/atmel/studio/7.0/toolchain/avr8/avr8-gnu-toolchain/bin/../lib/gcc/avr/5.4.0/../../../../avr/lib/avr5\libm.a(addsf3x.o) (__fp_split3)
c:/program files (x86)/atmel/studio/7.0/toolchain/avr8/avr8-gnu-toolchain/bin/../lib/gcc/avr/5.4.0/../../../../avr/lib/avr5\libm.a(fp_zero.o)
                              c:/program files (x86)/atmel/studio/7.0/toolchain/avr8/avr8-gnu-toolchain/bin/../lib/gcc/avr/5.4.0/../../../../avr/lib/avr5\libm.a(addsf3x.o) (__fp_zero)
c:/program files (x86)/atmel/studio/7.0/toolchain/avr8/avr8-gnu-toolchain/bin/../lib/gcc/avr/5.4.0/../../../../avr/lib/avr5\libm.a(mulsf3.o)
                              Mcal/Atmega32/PWM/src/PWM.o (__mulsf3)
c:/program files (x86)/atmel/studio/7.0/toolchain/avr8/avr8-gnu-toolchain/bin/../lib/gcc/avr/5.4.0/../../../../avr/lib/avr5\libm.a(mulsf3x.o)
                              c:/program files (x86)/atmel/studio/7.0/toolchain/avr8/avr8-gnu-toolchain/bin/../lib/gcc/avr/5.4.0/../../../../avr/lib/avr5\libm.a(mulsf3.o) (__mulsf3x)
c:/program files (x86)/atmel/studio/7.0/toolchain/avr8/avr8-gnu-toolchain/bin/../lib/gcc/avr/5.4.0/avr5\libgcc.a(_udivmodsi4.o)
                              LIB/src/UTILS.o (__udivmodsi4)
c:/program files (x86)/atmel/studio/7.0/toolchain/avr8/avr8-gnu-toolchain/bin/../lib/gcc/avr/5.4.0/avr5\libgcc.a(_exit.o)
                              C:/Program Files (x86)/Atmel/Studio/7.0/Packs/atmel/ATmega_DFP/1.6.364/gcc/dev/atmega32a/avr5/crtatmega32a.o (exit)
c:/program files (x86)/atmel/studio/7.0/toolchain/avr8/avr8-gnu-toolchain/bin/../lib/gcc/avr/5.4.0/avr5\libgcc.a(_tablejump2.o)
                              App/BLUETOOTH_Mng_Master/src/BLUETOOTH_Mng.o (__tablejump2__)
c:/program files (x86)/atmel/studio/7.0/toolchain/avr8/avr8-gnu-toolchain/bin/../lib/gcc/avr/5.4.0/avr5\libgcc.a(_copy_data.o)
                              FreeRTOS/tasks.o (__do_copy_data)
c:/program files (x86)/atmel/studio/7.0/toolchain/avr8/avr8-gnu-toolchain/bin/../lib/gcc/avr/5.4.0/avr5\libgcc.a(_clear_bss.o)
                              FreeRTOS/portable/MemMang/heap_4.o (__do_clear_bss)
c:/program files (x86)/atmel/studio/7.0/toolchain/avr8/avr8-gnu-toolchain/bin/../lib/gcc/avr/5.4.0/../../../../avr/lib/avr5\libc.a(memcpy.o)
                              FreeRTOS/queue.o (memcpy)

Discarded input sections

 .data          0x00000000        0x0 C:/Program Files (x86)/Atmel/Studio/7.0/Packs/atmel/ATmega_DFP/1.6.364/gcc/dev/atmega32a/avr5/crtatmega32a.o
 .bss           0x00000000        0x0 C:/Program Files (x86)/Atmel/Studio/7.0/Packs/atmel/ATmega_DFP/1.6.364/gcc/dev/atmega32a/avr5/crtatmega32a.o
 .text          0x00000000        0x0 FreeRTOS/croutine.o
 .data          0x00000000        0x0 FreeRTOS/croutine.o
 .bss           0x00000000        0x0 FreeRTOS/croutine.o
 .debug_info    0x00000000       0x64 FreeRTOS/croutine.o
 .debug_abbrev  0x00000000       0x26 FreeRTOS/croutine.o
 .debug_aranges
                0x00000000       0x18 FreeRTOS/croutine.o
 .debug_line    0x00000000       0x1a FreeRTOS/croutine.o
 .debug_str     0x00000000      0x197 FreeRTOS/croutine.o
 .comment       0x00000000       0x31 FreeRTOS/croutine.o
 .text          0x00000000        0x0 FreeRTOS/event_groups.o
 .data          0x00000000        0x0 FreeRTOS/event_groups.o
 .bss           0x00000000        0x0 FreeRTOS/event_groups.o
 .text.prvTestWaitCondition
                0x00000000       0x26 FreeRTOS/event_groups.o
 .text.xEventGroupCreate
                0x00000000       0x26 FreeRTOS/event_groups.o
 .text.xEventGroupWaitBits
                0x00000000       0xe4 FreeRTOS/event_groups.o
 .text.xEventGroupClearBits
                0x00000000       0x1e FreeRTOS/event_groups.o
 .text.xEventGroupGetBitsFromISR
                0x00000000        0x8 FreeRTOS/event_groups.o
 .text.xEventGroupSetBits
                0x00000000       0xc8 FreeRTOS/event_groups.o
 .text.xEventGroupSync
                0x00000000       0xd6 FreeRTOS/event_groups.o
 .text.vEventGroupDelete
                0x00000000       0x2e FreeRTOS/event_groups.o
 .text.vEventGroupSetBitsCallback
                0x00000000        0x8 FreeRTOS/event_groups.o
 .text.vEventGroupClearBitsCallback
                0x00000000        0x8 FreeRTOS/event_groups.o
 .debug_info    0x00000000      0x8c1 FreeRTOS/event_groups.o
 .debug_abbrev  0x00000000      0x1d5 FreeRTOS/event_groups.o
 .debug_loc     0x00000000      0xb21 FreeRTOS/event_groups.o
 .debug_aranges
                0x00000000       0x68 FreeRTOS/event_groups.o
 .debug_ranges  0x00000000       0x70 FreeRTOS/event_groups.o
 .debug_line    0x00000000      0x46a FreeRTOS/event_groups.o
 .debug_str     0x00000000      0x5b1 FreeRTOS/event_groups.o
 .comment       0x00000000       0x31 FreeRTOS/event_groups.o
 .debug_frame   0x00000000      0x15c FreeRTOS/event_groups.o
 .text          0x00000000        0x0 FreeRTOS/list.o
 .data          0x00000000        0x0 FreeRTOS/list.o
 .bss           0x00000000        0x0 FreeRTOS/list.o
 .text          0x00000000        0x0 FreeRTOS/portable/GCC/ATMega323/port.o
 .data          0x00000000        0x0 FreeRTOS/portable/GCC/ATMega323/port.o
 .bss           0x00000000        0x0 FreeRTOS/portable/GCC/ATMega323/port.o
 .text.vPortEndScheduler
                0x00000000        0x2 FreeRTOS/portable/GCC/ATMega323/port.o
 .text          0x00000000        0x0 FreeRTOS/portable/MemMang/heap_4.o
 .data          0x00000000        0x0 FreeRTOS/portable/MemMang/heap_4.o
 .bss           0x00000000        0x0 FreeRTOS/portable/MemMang/heap_4.o
 .text.xPortGetFreeHeapSize
                0x00000000        0xa FreeRTOS/portable/MemMang/heap_4.o
 .text.xPortGetMinimumEverFreeHeapSize
                0x00000000        0xa FreeRTOS/portable/MemMang/heap_4.o
 .text.vPortInitialiseBlocks
                0x00000000        0x2 FreeRTOS/portable/MemMang/heap_4.o
 .text          0x00000000        0x0 FreeRTOS/queue.o
 .data          0x00000000        0x0 FreeRTOS/queue.o
 .bss           0x00000000        0x0 FreeRTOS/queue.o
 .text.prvIsQueueEmpty
                0x00000000       0x1a FreeRTOS/queue.o
 .text.prvIsQueueFull
                0x00000000       0x1c FreeRTOS/queue.o
 .text.prvCopyDataToQueue
                0x00000000       0x92 FreeRTOS/queue.o
 .text.prvCopyDataFromQueue
                0x00000000       0x34 FreeRTOS/queue.o
 .text.prvUnlockQueue
                0x00000000       0x68 FreeRTOS/queue.o
 .text.xQueueGenericReset
                0x00000000       0x8c FreeRTOS/queue.o
 .text.prvInitialiseNewQueue
                0x00000000       0x26 FreeRTOS/queue.o
 .text.xQueueGenericCreate
                0x00000000       0x54 FreeRTOS/queue.o
 .text.xQueueGenericSend
                0x00000000      0x124 FreeRTOS/queue.o
 .text.xQueueGenericSendFromISR
                0x00000000       0x74 FreeRTOS/queue.o
 .text.xQueueGiveFromISR
                0x00000000       0x52 FreeRTOS/queue.o
 .text.xQueueGenericReceive
                0x00000000      0x152 FreeRTOS/queue.o
 .text.xQueueReceiveFromISR
                0x00000000       0x6e FreeRTOS/queue.o
 .text.xQueuePeekFromISR
                0x00000000       0x2e FreeRTOS/queue.o
 .text.uxQueueMessagesWaiting
                0x00000000       0x10 FreeRTOS/queue.o
 .text.uxQueueSpacesAvailable
                0x00000000       0x16 FreeRTOS/queue.o
 .text.uxQueueMessagesWaitingFromISR
                0x00000000        0x6 FreeRTOS/queue.o
 .text.vQueueDelete
                0x00000000        0x6 FreeRTOS/queue.o
 .text.xQueueIsQueueEmptyFromISR
                0x00000000       0x10 FreeRTOS/queue.o
 .text.xQueueIsQueueFullFromISR
                0x00000000       0x12 FreeRTOS/queue.o
 .debug_info    0x00000000     0x1049 FreeRTOS/queue.o
 .debug_abbrev  0x00000000      0x211 FreeRTOS/queue.o
 .debug_loc     0x00000000     0x1375 FreeRTOS/queue.o
 .debug_aranges
                0x00000000       0xb8 FreeRTOS/queue.o
 .debug_ranges  0x00000000       0xf0 FreeRTOS/queue.o
 .debug_line    0x00000000      0x8a4 FreeRTOS/queue.o
 .debug_str     0x00000000      0x6e4 FreeRTOS/queue.o
 .comment       0x00000000       0x31 FreeRTOS/queue.o
 .debug_frame   0x00000000      0x284 FreeRTOS/queue.o
 .text          0x00000000        0x0 FreeRTOS/tasks.o
 .data          0x00000000        0x0 FreeRTOS/tasks.o
 .bss           0x00000000        0x0 FreeRTOS/tasks.o
 .text.vTaskEndScheduler
                0x00000000        0xc FreeRTOS/tasks.o
 .text.xTaskGetTickCountFromISR
                0x00000000        0xa FreeRTOS/tasks.o
 .text.uxTaskGetNumberOfTasks
                0x00000000        0x6 FreeRTOS/tasks.o
 .text.pcTaskGetName
                0x00000000       0x10 FreeRTOS/tasks.o
 .text.vTaskPlaceOnEventList
                0x00000000       0x24 FreeRTOS/tasks.o
 .text.vTaskPlaceOnUnorderedEventList
                0x00000000       0x32 FreeRTOS/tasks.o
 .text.xTaskRemoveFromEventList
                0x00000000       0x90 FreeRTOS/tasks.o
 .text.xTaskRemoveFromUnorderedEventList
                0x00000000       0x74 FreeRTOS/tasks.o
 .text.vTaskSetTimeOutState
                0x00000000       0x16 FreeRTOS/tasks.o
 .text.xTaskCheckForTimeOut
                0x00000000       0x64 FreeRTOS/tasks.o
 .text.vTaskMissedYield
                0x00000000        0x8 FreeRTOS/tasks.o
 .text.uxTaskResetEventItemValue
                0x00000000       0x2e FreeRTOS/tasks.o
 .text.ulTaskNotifyTake
                0x00000000       0xae FreeRTOS/tasks.o
 .text.xTaskNotifyWait
                0x00000000      0x108 FreeRTOS/tasks.o
 .text.xTaskGenericNotify
                0x00000000      0x10a FreeRTOS/tasks.o
 .text.xTaskGenericNotifyFromISR
                0x00000000      0x130 FreeRTOS/tasks.o
 .text.vTaskNotifyGiveFromISR
                0x00000000       0xb6 FreeRTOS/tasks.o
 .text.xTaskNotifyStateClear
                0x00000000       0x28 FreeRTOS/tasks.o
 .text          0x00000000        0x0 FreeRTOS/timers.o
 .data          0x00000000        0x0 FreeRTOS/timers.o
 .bss           0x00000000        0x0 FreeRTOS/timers.o
 .debug_info    0x00000000       0x64 FreeRTOS/timers.o
 .debug_abbrev  0x00000000       0x26 FreeRTOS/timers.o
 .debug_aranges
                0x00000000       0x18 FreeRTOS/timers.o
 .debug_line    0x00000000       0x1a FreeRTOS/timers.o
 .debug_str     0x00000000      0x195 FreeRTOS/timers.o
 .comment       0x00000000       0x31 FreeRTOS/timers.o
 .text          0x00000000        0x0 HAL/BLUETOOTH/src/BLUETOOTH.o
 .data          0x00000000        0x0 HAL/BLUETOOTH/src/BLUETOOTH.o
 .bss           0x00000000        0x0 HAL/BLUETOOTH/src/BLUETOOTH.o
 .text          0x00000000        0x0 HAL/EEPROM_Proxy/src/EEPROM_Proxy.o
 .data          0x00000000        0x0 HAL/EEPROM_Proxy/src/EEPROM_Proxy.o
 .bss           0x00000000        0x0 HAL/EEPROM_Proxy/src/EEPROM_Proxy.o
 .text.EEPROM_ProxyLoadFromMemory
                0x00000000       0x7a HAL/EEPROM_Proxy/src/EEPROM_Proxy.o
 .text.EEPROM_EraseSection
                0x00000000        0xa HAL/EEPROM_Proxy/src/EEPROM_Proxy.o
 .text          0x00000000        0x0 HAL/Keypad/src/Keypad.o
 .data          0x00000000        0x0 HAL/Keypad/src/Keypad.o
 .bss           0x00000000        0x0 HAL/Keypad/src/Keypad.o
 .text          0x00000000        0x0 HAL/LED/src/LED.o
 .data          0x00000000        0x0 HAL/LED/src/LED.o
 .bss           0x00000000        0x0 HAL/LED/src/LED.o
 .text.LED_Toggle
                0x00000000       0x54 HAL/LED/src/LED.o
 .text.LED_Status
                0x00000000       0x60 HAL/LED/src/LED.o
 .text          0x00000000        0x0 LIB/src/UTILS.o
 .data          0x00000000        0x0 LIB/src/UTILS.o
 .bss           0x00000000        0x0 LIB/src/UTILS.o
 .text.dummy_delay
                0x00000000       0x54 LIB/src/UTILS.o
 .text.STR_CharIsNumeric
                0x00000000       0x16 LIB/src/UTILS.o
 .text.STR_StringIsNumeric
                0x00000000       0x54 LIB/src/UTILS.o
 .text.STR_CompareString
                0x00000000       0x40 LIB/src/UTILS.o
 .text.STR_String2Number
                0x00000000       0x80 LIB/src/UTILS.o
 .text.STR_StringReverse
                0x00000000       0x26 LIB/src/UTILS.o
 .text.STR_Number2String
                0x00000000       0x54 LIB/src/UTILS.o
 .text.STR_StringCopy
                0x00000000       0x22 LIB/src/UTILS.o
 .text          0x00000000        0x0 Mcal/Atmega32/DIO/src/DIO.o
 .data          0x00000000        0x0 Mcal/Atmega32/DIO/src/DIO.o
 .bss           0x00000000        0x0 Mcal/Atmega32/DIO/src/DIO.o
 .text.DIO_TogglePin
                0x00000000       0x7c Mcal/Atmega32/DIO/src/DIO.o
 .text          0x00000000        0x0 Mcal/Atmega32/EEPROM/src/EEPROM.o
 .data          0x00000000        0x0 Mcal/Atmega32/EEPROM/src/EEPROM.o
 .bss           0x00000000        0x0 Mcal/Atmega32/EEPROM/src/EEPROM.o
 .text.EEPROM_Read
                0x00000000       0x22 Mcal/Atmega32/EEPROM/src/EEPROM.o
 .text          0x00000000        0x0 Mcal/Atmega32/GLOBAL_Interrupt/src/GLOBAL_Interrupt.o
 .data          0x00000000        0x0 Mcal/Atmega32/GLOBAL_Interrupt/src/GLOBAL_Interrupt.o
 .bss           0x00000000        0x0 Mcal/Atmega32/GLOBAL_Interrupt/src/GLOBAL_Interrupt.o
 .text.GLOBALINTTERUPTS_Disable
                0x00000000        0x8 Mcal/Atmega32/GLOBAL_Interrupt/src/GLOBAL_Interrupt.o
 .text          0x00000000        0x0 Mcal/Atmega32/PWM/src/PWM.o
 .data          0x00000000        0x0 Mcal/Atmega32/PWM/src/PWM.o
 .bss           0x00000000        0x0 Mcal/Atmega32/PWM/src/PWM.o
 .text.PWM_Stop
                0x00000000       0x12 Mcal/Atmega32/PWM/src/PWM.o
 .text.PWM_Disconnect
                0x00000000       0x12 Mcal/Atmega32/PWM/src/PWM.o
 .text          0x00000000        0x0 Mcal/Atmega32/UART/src/UART.o
 .data          0x00000000        0x0 Mcal/Atmega32/UART/src/UART.o
 .bss           0x00000000        0x0 Mcal/Atmega32/UART/src/UART.o
 .text.UART_TransmitChar
                0x00000000       0x12 Mcal/Atmega32/UART/src/UART.o
 .text.UART_ReceiveChar
                0x00000000       0x20 Mcal/Atmega32/UART/src/UART.o
 .text.UART_TransmitString
                0x00000000       0x2e Mcal/Atmega32/UART/src/UART.o
 .text.UART_ReceiveString
                0x00000000       0x5e Mcal/Atmega32/UART/src/UART.o
 .text.UART_DisableInterrupt
                0x00000000       0x20 Mcal/Atmega32/UART/src/UART.o
 .text.UART_IsDataAvailableToRead
                0x00000000       0x12 Mcal/Atmega32/UART/src/UART.o
 .text          0x00000000        0x0 App/BLUETOOTH_Mng_Master/src/BLUETOOTH_Mng.o
 .data          0x00000000        0x0 App/BLUETOOTH_Mng_Master/src/BLUETOOTH_Mng.o
 .bss           0x00000000        0x0 App/BLUETOOTH_Mng_Master/src/BLUETOOTH_Mng.o
 .text          0x00000000        0x0 App/BLUETOOTH_Mng_Master/src/BLUETOOTH_Mng_Lcfg.o
 .data          0x00000000        0x0 App/BLUETOOTH_Mng_Master/src/BLUETOOTH_Mng_Lcfg.o
 .bss           0x00000000        0x0 App/BLUETOOTH_Mng_Master/src/BLUETOOTH_Mng_Lcfg.o
 .text          0x00000000        0x0 App/HMI/src/HMI.o
 .data          0x00000000        0x0 App/HMI/src/HMI.o
 .bss           0x00000000        0x0 App/HMI/src/HMI.o
 .text          0x00000000        0x0 App/HMI/src/HMI_Interface.o
 .data          0x00000000        0x0 App/HMI/src/HMI_Interface.o
 .bss           0x00000000        0x0 App/HMI/src/HMI_Interface.o
 .text.HMI_GetDeviceEraseFlag
                0x00000000       0x18 App/HMI/src/HMI_Interface.o
 .text.HMI_GetPasswordChangeFlag
                0x00000000       0x18 App/HMI/src/HMI_Interface.o
 .text.HMI_GetKeyPressed
                0x00000000       0x18 App/HMI/src/HMI_Interface.o
 .text          0x00000000        0x0 App/HMI/src/HMI_Lcfg.o
 .data          0x00000000        0x0 App/HMI/src/HMI_Lcfg.o
 .bss           0x00000000        0x0 App/HMI/src/HMI_Lcfg.o
 .text          0x00000000        0x0 App/Indicator/src/Indicator.o
 .data          0x00000000        0x0 App/Indicator/src/Indicator.o
 .bss           0x00000000        0x0 App/Indicator/src/Indicator.o
 .text          0x00000000        0x0 App/Indicator/src/Indicator_interface.o
 .data          0x00000000        0x0 App/Indicator/src/Indicator_interface.o
 .bss           0x00000000        0x0 App/Indicator/src/Indicator_interface.o
 .text          0x00000000        0x0 App/Indicator/src/Indicator_Lcfg.o
 .data          0x00000000        0x0 App/Indicator/src/Indicator_Lcfg.o
 .bss           0x00000000        0x0 App/Indicator/src/Indicator_Lcfg.o
 .text          0x00000000        0x0 App/STORAGE/src/STORAGE.o
 .data          0x00000000        0x0 App/STORAGE/src/STORAGE.o
 .bss           0x00000000        0x0 App/STORAGE/src/STORAGE.o
 .text.STORAGE_MAC_Load
                0x00000000       0x10 App/STORAGE/src/STORAGE.o
 .text.STORAGE_DataPacket_Load
                0x00000000       0x10 App/STORAGE/src/STORAGE.o
 .text.STORAGE_Password_Save
                0x00000000       0x32 App/STORAGE/src/STORAGE.o
 .text.STORAGE_Password_Load
                0x00000000       0x10 App/STORAGE/src/STORAGE.o
 .text.STORAGE_MAC_ERASE
                0x00000000        0xa App/STORAGE/src/STORAGE.o
 .text          0x00000000        0x0 HAL/BLUETOOTH/src/BLUETOOTH_Lcfg.o
 .data          0x00000000        0x0 HAL/BLUETOOTH/src/BLUETOOTH_Lcfg.o
 .bss           0x00000000        0x0 HAL/BLUETOOTH/src/BLUETOOTH_Lcfg.o
 .text          0x00000000        0x0 HAL/Keypad/src/Keypad_Lcfg.o
 .data          0x00000000        0x0 HAL/Keypad/src/Keypad_Lcfg.o
 .bss           0x00000000        0x0 HAL/Keypad/src/Keypad_Lcfg.o
 .text          0x00000000        0x0 HAL/LED/src/LED_Lcfg.o
 .data          0x00000000        0x0 HAL/LED/src/LED_Lcfg.o
 .bss           0x00000000        0x0 HAL/LED/src/LED_Lcfg.o
 .text          0x00000000        0x0 main.o
 .data          0x00000000        0x0 main.o
 .bss           0x00000000        0x0 main.o
 .text          0x00000000        0x0 Mcal/Atmega32/PWM/src/PWM_Lcfg.o
 .data          0x00000000        0x0 Mcal/Atmega32/PWM/src/PWM_Lcfg.o
 .bss           0x00000000        0x0 Mcal/Atmega32/PWM/src/PWM_Lcfg.o
 .text          0x00000000        0x0 Mcal/Atmega32/UART/src/UART_Config.o
 .data          0x00000000        0x0 Mcal/Atmega32/UART/src/UART_Config.o
 .bss           0x00000000        0x0 Mcal/Atmega32/UART/src/UART_Config.o
 .text          0x00000000        0x0 c:/program files (x86)/atmel/studio/7.0/toolchain/avr8/avr8-gnu-toolchain/bin/../lib/gcc/avr/5.4.0/../../../../avr/lib/avr5\libm.a(addsf3.o)
 .data          0x00000000        0x0 c:/program files (x86)/atmel/studio/7.0/toolchain/avr8/avr8-gnu-toolchain/bin/../lib/gcc/avr/5.4.0/../../../../avr/lib/avr5\libm.a(addsf3.o)
 .bss           0x00000000        0x0 c:/program files (x86)/atmel/studio/7.0/toolchain/avr8/avr8-gnu-toolchain/bin/../lib/gcc/avr/5.4.0/../../../../avr/lib/avr5\libm.a(addsf3.o)
 .text          0x00000000        0x0 c:/program files (x86)/atmel/studio/7.0/toolchain/avr8/avr8-gnu-toolchain/bin/../lib/gcc/avr/5.4.0/../../../../avr/lib/avr5\libm.a(addsf3x.o)
 .data          0x00000000        0x0 c:/program files (x86)/atmel/studio/7.0/toolchain/avr8/avr8-gnu-toolchain/bin/../lib/gcc/avr/5.4.0/../../../../avr/lib/avr5\libm.a(addsf3x.o)
 .bss           0x00000000        0x0 c:/program files (x86)/atmel/studio/7.0/toolchain/avr8/avr8-gnu-toolchain/bin/../lib/gcc/avr/5.4.0/../../../../avr/lib/avr5\libm.a(addsf3x.o)
 .text          0x00000000        0x0 c:/program files (x86)/atmel/studio/7.0/toolchain/avr8/avr8-gnu-toolchain/bin/../lib/gcc/avr/5.4.0/../../../../avr/lib/avr5\libm.a(divsf3.o)
 .data          0x00000000        0x0 c:/program files (x86)/atmel/studio/7.0/toolchain/avr8/avr8-gnu-toolchain/bin/../lib/gcc/avr/5.4.0/../../../../avr/lib/avr5\libm.a(divsf3.o)
 .bss           0x00000000        0x0 c:/program files (x86)/atmel/studio/7.0/toolchain/avr8/avr8-gnu-toolchain/bin/../lib/gcc/avr/5.4.0/../../../../avr/lib/avr5\libm.a(divsf3.o)
 .text          0x00000000        0x0 c:/program files (x86)/atmel/studio/7.0/toolchain/avr8/avr8-gnu-toolchain/bin/../lib/gcc/avr/5.4.0/../../../../avr/lib/avr5\libm.a(divsf3x.o)
 .data          0x00000000        0x0 c:/program files (x86)/atmel/studio/7.0/toolchain/avr8/avr8-gnu-toolchain/bin/../lib/gcc/avr/5.4.0/../../../../avr/lib/avr5\libm.a(divsf3x.o)
 .bss           0x00000000        0x0 c:/program files (x86)/atmel/studio/7.0/toolchain/avr8/avr8-gnu-toolchain/bin/../lib/gcc/avr/5.4.0/../../../../avr/lib/avr5\libm.a(divsf3x.o)
 .text          0x00000000        0x0 c:/program files (x86)/atmel/studio/7.0/toolchain/avr8/avr8-gnu-toolchain/bin/../lib/gcc/avr/5.4.0/../../../../avr/lib/avr5\libm.a(fixunssfsi.o)
 .data          0x00000000        0x0 c:/program files (x86)/atmel/studio/7.0/toolchain/avr8/avr8-gnu-toolchain/bin/../lib/gcc/avr/5.4.0/../../../../avr/lib/avr5\libm.a(fixunssfsi.o)
 .bss           0x00000000        0x0 c:/program files (x86)/atmel/studio/7.0/toolchain/avr8/avr8-gnu-toolchain/bin/../lib/gcc/avr/5.4.0/../../../../avr/lib/avr5\libm.a(fixunssfsi.o)
 .text          0x00000000        0x0 c:/program files (x86)/atmel/studio/7.0/toolchain/avr8/avr8-gnu-toolchain/bin/../lib/gcc/avr/5.4.0/../../../../avr/lib/avr5\libm.a(floatsisf.o)
 .data          0x00000000        0x0 c:/program files (x86)/atmel/studio/7.0/toolchain/avr8/avr8-gnu-toolchain/bin/../lib/gcc/avr/5.4.0/../../../../avr/lib/avr5\libm.a(floatsisf.o)
 .bss           0x00000000        0x0 c:/program files (x86)/atmel/studio/7.0/toolchain/avr8/avr8-gnu-toolchain/bin/../lib/gcc/avr/5.4.0/../../../../avr/lib/avr5\libm.a(floatsisf.o)
 .text          0x00000000        0x0 c:/program files (x86)/atmel/studio/7.0/toolchain/avr8/avr8-gnu-toolchain/bin/../lib/gcc/avr/5.4.0/../../../../avr/lib/avr5\libm.a(fp_inf.o)
 .data          0x00000000        0x0 c:/program files (x86)/atmel/studio/7.0/toolchain/avr8/avr8-gnu-toolchain/bin/../lib/gcc/avr/5.4.0/../../../../avr/lib/avr5\libm.a(fp_inf.o)
 .bss           0x00000000        0x0 c:/program files (x86)/atmel/studio/7.0/toolchain/avr8/avr8-gnu-toolchain/bin/../lib/gcc/avr/5.4.0/../../../../avr/lib/avr5\libm.a(fp_inf.o)
 .text          0x00000000        0x0 c:/program files (x86)/atmel/studio/7.0/toolchain/avr8/avr8-gnu-toolchain/bin/../lib/gcc/avr/5.4.0/../../../../avr/lib/avr5\libm.a(fp_nan.o)
 .data          0x00000000        0x0 c:/program files (x86)/atmel/studio/7.0/toolchain/avr8/avr8-gnu-toolchain/bin/../lib/gcc/avr/5.4.0/../../../../avr/lib/avr5\libm.a(fp_nan.o)
 .bss           0x00000000        0x0 c:/program files (x86)/atmel/studio/7.0/toolchain/avr8/avr8-gnu-toolchain/bin/../lib/gcc/avr/5.4.0/../../../../avr/lib/avr5\libm.a(fp_nan.o)
 .text          0x00000000        0x0 c:/program files (x86)/atmel/studio/7.0/toolchain/avr8/avr8-gnu-toolchain/bin/../lib/gcc/avr/5.4.0/../../../../avr/lib/avr5\libm.a(fp_pscA.o)
 .data          0x00000000        0x0 c:/program files (x86)/atmel/studio/7.0/toolchain/avr8/avr8-gnu-toolchain/bin/../lib/gcc/avr/5.4.0/../../../../avr/lib/avr5\libm.a(fp_pscA.o)
 .bss           0x00000000        0x0 c:/program files (x86)/atmel/studio/7.0/toolchain/avr8/avr8-gnu-toolchain/bin/../lib/gcc/avr/5.4.0/../../../../avr/lib/avr5\libm.a(fp_pscA.o)
 .text          0x00000000        0x0 c:/program files (x86)/atmel/studio/7.0/toolchain/avr8/avr8-gnu-toolchain/bin/../lib/gcc/avr/5.4.0/../../../../avr/lib/avr5\libm.a(fp_pscB.o)
 .data          0x00000000        0x0 c:/program files (x86)/atmel/studio/7.0/toolchain/avr8/avr8-gnu-toolchain/bin/../lib/gcc/avr/5.4.0/../../../../avr/lib/avr5\libm.a(fp_pscB.o)
 .bss           0x00000000        0x0 c:/program files (x86)/atmel/studio/7.0/toolchain/avr8/avr8-gnu-toolchain/bin/../lib/gcc/avr/5.4.0/../../../../avr/lib/avr5\libm.a(fp_pscB.o)
 .text          0x00000000        0x0 c:/program files (x86)/atmel/studio/7.0/toolchain/avr8/avr8-gnu-toolchain/bin/../lib/gcc/avr/5.4.0/../../../../avr/lib/avr5\libm.a(fp_round.o)
 .data          0x00000000        0x0 c:/program files (x86)/atmel/studio/7.0/toolchain/avr8/avr8-gnu-toolchain/bin/../lib/gcc/avr/5.4.0/../../../../avr/lib/avr5\libm.a(fp_round.o)
 .bss           0x00000000        0x0 c:/program files (x86)/atmel/studio/7.0/toolchain/avr8/avr8-gnu-toolchain/bin/../lib/gcc/avr/5.4.0/../../../../avr/lib/avr5\libm.a(fp_round.o)
 .text          0x00000000        0x0 c:/program files (x86)/atmel/studio/7.0/toolchain/avr8/avr8-gnu-toolchain/bin/../lib/gcc/avr/5.4.0/../../../../avr/lib/avr5\libm.a(fp_split3.o)
 .data          0x00000000        0x0 c:/program files (x86)/atmel/studio/7.0/toolchain/avr8/avr8-gnu-toolchain/bin/../lib/gcc/avr/5.4.0/../../../../avr/lib/avr5\libm.a(fp_split3.o)
 .bss           0x00000000        0x0 c:/program files (x86)/atmel/studio/7.0/toolchain/avr8/avr8-gnu-toolchain/bin/../lib/gcc/avr/5.4.0/../../../../avr/lib/avr5\libm.a(fp_split3.o)
 .text          0x00000000        0x0 c:/program files (x86)/atmel/studio/7.0/toolchain/avr8/avr8-gnu-toolchain/bin/../lib/gcc/avr/5.4.0/../../../../avr/lib/avr5\libm.a(fp_zero.o)
 .data          0x00000000        0x0 c:/program files (x86)/atmel/studio/7.0/toolchain/avr8/avr8-gnu-toolchain/bin/../lib/gcc/avr/5.4.0/../../../../avr/lib/avr5\libm.a(fp_zero.o)
 .bss           0x00000000        0x0 c:/program files (x86)/atmel/studio/7.0/toolchain/avr8/avr8-gnu-toolchain/bin/../lib/gcc/avr/5.4.0/../../../../avr/lib/avr5\libm.a(fp_zero.o)
 .text          0x00000000        0x0 c:/program files (x86)/atmel/studio/7.0/toolchain/avr8/avr8-gnu-toolchain/bin/../lib/gcc/avr/5.4.0/../../../../avr/lib/avr5\libm.a(mulsf3.o)
 .data          0x00000000        0x0 c:/program files (x86)/atmel/studio/7.0/toolchain/avr8/avr8-gnu-toolchain/bin/../lib/gcc/avr/5.4.0/../../../../avr/lib/avr5\libm.a(mulsf3.o)
 .bss           0x00000000        0x0 c:/program files (x86)/atmel/studio/7.0/toolchain/avr8/avr8-gnu-toolchain/bin/../lib/gcc/avr/5.4.0/../../../../avr/lib/avr5\libm.a(mulsf3.o)
 .text          0x00000000        0x0 c:/program files (x86)/atmel/studio/7.0/toolchain/avr8/avr8-gnu-toolchain/bin/../lib/gcc/avr/5.4.0/../../../../avr/lib/avr5\libm.a(mulsf3x.o)
 .data          0x00000000        0x0 c:/program files (x86)/atmel/studio/7.0/toolchain/avr8/avr8-gnu-toolchain/bin/../lib/gcc/avr/5.4.0/../../../../avr/lib/avr5\libm.a(mulsf3x.o)
 .bss           0x00000000        0x0 c:/program files (x86)/atmel/studio/7.0/toolchain/avr8/avr8-gnu-toolchain/bin/../lib/gcc/avr/5.4.0/../../../../avr/lib/avr5\libm.a(mulsf3x.o)
 .text          0x00000000        0x0 c:/program files (x86)/atmel/studio/7.0/toolchain/avr8/avr8-gnu-toolchain/bin/../lib/gcc/avr/5.4.0/avr5\libgcc.a(_udivmodsi4.o)
 .data          0x00000000        0x0 c:/program files (x86)/atmel/studio/7.0/toolchain/avr8/avr8-gnu-toolchain/bin/../lib/gcc/avr/5.4.0/avr5\libgcc.a(_udivmodsi4.o)
 .bss           0x00000000        0x0 c:/program files (x86)/atmel/studio/7.0/toolchain/avr8/avr8-gnu-toolchain/bin/../lib/gcc/avr/5.4.0/avr5\libgcc.a(_udivmodsi4.o)
 .text.libgcc.mul
                0x00000000        0x0 c:/program files (x86)/atmel/studio/7.0/toolchain/avr8/avr8-gnu-toolchain/bin/../lib/gcc/avr/5.4.0/avr5\libgcc.a(_udivmodsi4.o)
 .text.libgcc.div
                0x00000000       0x44 c:/program files (x86)/atmel/studio/7.0/toolchain/avr8/avr8-gnu-toolchain/bin/../lib/gcc/avr/5.4.0/avr5\libgcc.a(_udivmodsi4.o)
 .text.libgcc   0x00000000        0x0 c:/program files (x86)/atmel/studio/7.0/toolchain/avr8/avr8-gnu-toolchain/bin/../lib/gcc/avr/5.4.0/avr5\libgcc.a(_udivmodsi4.o)
 .text.libgcc.prologue
                0x00000000        0x0 c:/program files (x86)/atmel/studio/7.0/toolchain/avr8/avr8-gnu-toolchain/bin/../lib/gcc/avr/5.4.0/avr5\libgcc.a(_udivmodsi4.o)
 .text.libgcc.builtins
                0x00000000        0x0 c:/program files (x86)/atmel/studio/7.0/toolchain/avr8/avr8-gnu-toolchain/bin/../lib/gcc/avr/5.4.0/avr5\libgcc.a(_udivmodsi4.o)
 .text.libgcc.fmul
                0x00000000        0x0 c:/program files (x86)/atmel/studio/7.0/toolchain/avr8/avr8-gnu-toolchain/bin/../lib/gcc/avr/5.4.0/avr5\libgcc.a(_udivmodsi4.o)
 .text.libgcc.fixed
                0x00000000        0x0 c:/program files (x86)/atmel/studio/7.0/toolchain/avr8/avr8-gnu-toolchain/bin/../lib/gcc/avr/5.4.0/avr5\libgcc.a(_udivmodsi4.o)
 .text          0x00000000        0x0 c:/program files (x86)/atmel/studio/7.0/toolchain/avr8/avr8-gnu-toolchain/bin/../lib/gcc/avr/5.4.0/avr5\libgcc.a(_exit.o)
 .data          0x00000000        0x0 c:/program files (x86)/atmel/studio/7.0/toolchain/avr8/avr8-gnu-toolchain/bin/../lib/gcc/avr/5.4.0/avr5\libgcc.a(_exit.o)
 .bss           0x00000000        0x0 c:/program files (x86)/atmel/studio/7.0/toolchain/avr8/avr8-gnu-toolchain/bin/../lib/gcc/avr/5.4.0/avr5\libgcc.a(_exit.o)
 .text.libgcc.mul
                0x00000000        0x0 c:/program files (x86)/atmel/studio/7.0/toolchain/avr8/avr8-gnu-toolchain/bin/../lib/gcc/avr/5.4.0/avr5\libgcc.a(_exit.o)
 .text.libgcc.div
                0x00000000        0x0 c:/program files (x86)/atmel/studio/7.0/toolchain/avr8/avr8-gnu-toolchain/bin/../lib/gcc/avr/5.4.0/avr5\libgcc.a(_exit.o)
 .text.libgcc   0x00000000        0x0 c:/program files (x86)/atmel/studio/7.0/toolchain/avr8/avr8-gnu-toolchain/bin/../lib/gcc/avr/5.4.0/avr5\libgcc.a(_exit.o)
 .text.libgcc.prologue
                0x00000000        0x0 c:/program files (x86)/atmel/studio/7.0/toolchain/avr8/avr8-gnu-toolchain/bin/../lib/gcc/avr/5.4.0/avr5\libgcc.a(_exit.o)
 .text.libgcc.builtins
                0x00000000        0x0 c:/program files (x86)/atmel/studio/7.0/toolchain/avr8/avr8-gnu-toolchain/bin/../lib/gcc/avr/5.4.0/avr5\libgcc.a(_exit.o)
 .text.libgcc.fmul
                0x00000000        0x0 c:/program files (x86)/atmel/studio/7.0/toolchain/avr8/avr8-gnu-toolchain/bin/../lib/gcc/avr/5.4.0/avr5\libgcc.a(_exit.o)
 .text.libgcc.fixed
                0x00000000        0x0 c:/program files (x86)/atmel/studio/7.0/toolchain/avr8/avr8-gnu-toolchain/bin/../lib/gcc/avr/5.4.0/avr5\libgcc.a(_exit.o)
 .text          0x00000000        0x0 c:/program files (x86)/atmel/studio/7.0/toolchain/avr8/avr8-gnu-toolchain/bin/../lib/gcc/avr/5.4.0/avr5\libgcc.a(_tablejump2.o)
 .data          0x00000000        0x0 c:/program files (x86)/atmel/studio/7.0/toolchain/avr8/avr8-gnu-toolchain/bin/../lib/gcc/avr/5.4.0/avr5\libgcc.a(_tablejump2.o)
 .bss           0x00000000        0x0 c:/program files (x86)/atmel/studio/7.0/toolchain/avr8/avr8-gnu-toolchain/bin/../lib/gcc/avr/5.4.0/avr5\libgcc.a(_tablejump2.o)
 .text.libgcc.mul
                0x00000000        0x0 c:/program files (x86)/atmel/studio/7.0/toolchain/avr8/avr8-gnu-toolchain/bin/../lib/gcc/avr/5.4.0/avr5\libgcc.a(_tablejump2.o)
 .text.libgcc.div
                0x00000000        0x0 c:/program files (x86)/atmel/studio/7.0/toolchain/avr8/avr8-gnu-toolchain/bin/../lib/gcc/avr/5.4.0/avr5\libgcc.a(_tablejump2.o)
 .text.libgcc.prologue
                0x00000000        0x0 c:/program files (x86)/atmel/studio/7.0/toolchain/avr8/avr8-gnu-toolchain/bin/../lib/gcc/avr/5.4.0/avr5\libgcc.a(_tablejump2.o)
 .text.libgcc.builtins
                0x00000000        0x0 c:/program files (x86)/atmel/studio/7.0/toolchain/avr8/avr8-gnu-toolchain/bin/../lib/gcc/avr/5.4.0/avr5\libgcc.a(_tablejump2.o)
 .text.libgcc.fmul
                0x00000000        0x0 c:/program files (x86)/atmel/studio/7.0/toolchain/avr8/avr8-gnu-toolchain/bin/../lib/gcc/avr/5.4.0/avr5\libgcc.a(_tablejump2.o)
 .text.libgcc.fixed
                0x00000000        0x0 c:/program files (x86)/atmel/studio/7.0/toolchain/avr8/avr8-gnu-toolchain/bin/../lib/gcc/avr/5.4.0/avr5\libgcc.a(_tablejump2.o)
 .text          0x00000000        0x0 c:/program files (x86)/atmel/studio/7.0/toolchain/avr8/avr8-gnu-toolchain/bin/../lib/gcc/avr/5.4.0/avr5\libgcc.a(_copy_data.o)
 .data          0x00000000        0x0 c:/program files (x86)/atmel/studio/7.0/toolchain/avr8/avr8-gnu-toolchain/bin/../lib/gcc/avr/5.4.0/avr5\libgcc.a(_copy_data.o)
 .bss           0x00000000        0x0 c:/program files (x86)/atmel/studio/7.0/toolchain/avr8/avr8-gnu-toolchain/bin/../lib/gcc/avr/5.4.0/avr5\libgcc.a(_copy_data.o)
 .text.libgcc.mul
                0x00000000        0x0 c:/program files (x86)/atmel/studio/7.0/toolchain/avr8/avr8-gnu-toolchain/bin/../lib/gcc/avr/5.4.0/avr5\libgcc.a(_copy_data.o)
 .text.libgcc.div
                0x00000000        0x0 c:/program files (x86)/atmel/studio/7.0/toolchain/avr8/avr8-gnu-toolchain/bin/../lib/gcc/avr/5.4.0/avr5\libgcc.a(_copy_data.o)
 .text.libgcc   0x00000000        0x0 c:/program files (x86)/atmel/studio/7.0/toolchain/avr8/avr8-gnu-toolchain/bin/../lib/gcc/avr/5.4.0/avr5\libgcc.a(_copy_data.o)
 .text.libgcc.prologue
                0x00000000        0x0 c:/program files (x86)/atmel/studio/7.0/toolchain/avr8/avr8-gnu-toolchain/bin/../lib/gcc/avr/5.4.0/avr5\libgcc.a(_copy_data.o)
 .text.libgcc.builtins
                0x00000000        0x0 c:/program files (x86)/atmel/studio/7.0/toolchain/avr8/avr8-gnu-toolchain/bin/../lib/gcc/avr/5.4.0/avr5\libgcc.a(_copy_data.o)
 .text.libgcc.fmul
                0x00000000        0x0 c:/program files (x86)/atmel/studio/7.0/toolchain/avr8/avr8-gnu-toolchain/bin/../lib/gcc/avr/5.4.0/avr5\libgcc.a(_copy_data.o)
 .text.libgcc.fixed
                0x00000000        0x0 c:/program files (x86)/atmel/studio/7.0/toolchain/avr8/avr8-gnu-toolchain/bin/../lib/gcc/avr/5.4.0/avr5\libgcc.a(_copy_data.o)
 .text          0x00000000        0x0 c:/program files (x86)/atmel/studio/7.0/toolchain/avr8/avr8-gnu-toolchain/bin/../lib/gcc/avr/5.4.0/avr5\libgcc.a(_clear_bss.o)
 .data          0x00000000        0x0 c:/program files (x86)/atmel/studio/7.0/toolchain/avr8/avr8-gnu-toolchain/bin/../lib/gcc/avr/5.4.0/avr5\libgcc.a(_clear_bss.o)
 .bss           0x00000000        0x0 c:/program files (x86)/atmel/studio/7.0/toolchain/avr8/avr8-gnu-toolchain/bin/../lib/gcc/avr/5.4.0/avr5\libgcc.a(_clear_bss.o)
 .text.libgcc.mul
                0x00000000        0x0 c:/program files (x86)/atmel/studio/7.0/toolchain/avr8/avr8-gnu-toolchain/bin/../lib/gcc/avr/5.4.0/avr5\libgcc.a(_clear_bss.o)
 .text.libgcc.div
                0x00000000        0x0 c:/program files (x86)/atmel/studio/7.0/toolchain/avr8/avr8-gnu-toolchain/bin/../lib/gcc/avr/5.4.0/avr5\libgcc.a(_clear_bss.o)
 .text.libgcc   0x00000000        0x0 c:/program files (x86)/atmel/studio/7.0/toolchain/avr8/avr8-gnu-toolchain/bin/../lib/gcc/avr/5.4.0/avr5\libgcc.a(_clear_bss.o)
 .text.libgcc.prologue
                0x00000000        0x0 c:/program files (x86)/atmel/studio/7.0/toolchain/avr8/avr8-gnu-toolchain/bin/../lib/gcc/avr/5.4.0/avr5\libgcc.a(_clear_bss.o)
 .text.libgcc.builtins
                0x00000000        0x0 c:/program files (x86)/atmel/studio/7.0/toolchain/avr8/avr8-gnu-toolchain/bin/../lib/gcc/avr/5.4.0/avr5\libgcc.a(_clear_bss.o)
 .text.libgcc.fmul
                0x00000000        0x0 c:/program files (x86)/atmel/studio/7.0/toolchain/avr8/avr8-gnu-toolchain/bin/../lib/gcc/avr/5.4.0/avr5\libgcc.a(_clear_bss.o)
 .text.libgcc.fixed
                0x00000000        0x0 c:/program files (x86)/atmel/studio/7.0/toolchain/avr8/avr8-gnu-toolchain/bin/../lib/gcc/avr/5.4.0/avr5\libgcc.a(_clear_bss.o)
 .text          0x00000000        0x0 c:/program files (x86)/atmel/studio/7.0/toolchain/avr8/avr8-gnu-toolchain/bin/../lib/gcc/avr/5.4.0/../../../../avr/lib/avr5\libc.a(memcpy.o)
 .data          0x00000000        0x0 c:/program files (x86)/atmel/studio/7.0/toolchain/avr8/avr8-gnu-toolchain/bin/../lib/gcc/avr/5.4.0/../../../../avr/lib/avr5\libc.a(memcpy.o)
 .bss           0x00000000        0x0 c:/program files (x86)/atmel/studio/7.0/toolchain/avr8/avr8-gnu-toolchain/bin/../lib/gcc/avr/5.4.0/../../../../avr/lib/avr5\libc.a(memcpy.o)
 .text.avr-libc
                0x00000000       0x12 c:/program files (x86)/atmel/studio/7.0/toolchain/avr8/avr8-gnu-toolchain/bin/../lib/gcc/avr/5.4.0/../../../../avr/lib/avr5\libc.a(memcpy.o)

Memory Configuration

Name             Origin             Length             Attributes
text             0x00000000         0x00008000         xr
data             0x00800060         0x00000800         rw !x
eeprom           0x00810000         0x00000400         rw !x
fuse             0x00820000         0x00000002         rw !x
lock             0x00830000         0x00000400         rw !x
signature        0x00840000         0x00000400         rw !x
user_signatures  0x00850000         0x00000400         rw !x
*default*        0x00000000         0xffffffff

Linker script and memory map

LOAD C:/Program Files (x86)/Atmel/Studio/7.0/Packs/atmel/ATmega_DFP/1.6.364/gcc/dev/atmega32a/avr5/crtatmega32a.o
LOAD FreeRTOS/croutine.o
LOAD FreeRTOS/event_groups.o
LOAD FreeRTOS/list.o
LOAD FreeRTOS/portable/GCC/ATMega323/port.o
LOAD FreeRTOS/portable/MemMang/heap_4.o
LOAD FreeRTOS/queue.o
LOAD FreeRTOS/tasks.o
LOAD FreeRTOS/timers.o
LOAD HAL/BLUETOOTH/src/BLUETOOTH.o
LOAD HAL/EEPROM_Proxy/src/EEPROM_Proxy.o
LOAD HAL/Keypad/src/Keypad.o
LOAD HAL/LED/src/LED.o
LOAD LIB/src/UTILS.o
LOAD Mcal/Atmega32/DIO/src/DIO.o
LOAD Mcal/Atmega32/EEPROM/src/EEPROM.o
LOAD Mcal/Atmega32/GLOBAL_Interrupt/src/GLOBAL_Interrupt.o
LOAD Mcal/Atmega32/PWM/src/PWM.o
LOAD Mcal/Atmega32/UART/src/UART.o
LOAD App/BLUETOOTH_Mng_Master/src/BLUETOOTH_Mng.o
LOAD App/BLUETOOTH_Mng_Master/src/BLUETOOTH_Mng_Lcfg.o
LOAD App/HMI/src/HMI.o
LOAD App/HMI/src/HMI_Interface.o
LOAD App/HMI/src/HMI_Lcfg.o
LOAD App/Indicator/src/Indicator.o
LOAD App/Indicator/src/Indicator_interface.o
LOAD App/Indicator/src/Indicator_Lcfg.o
LOAD App/STORAGE/src/STORAGE.o
LOAD HAL/BLUETOOTH/src/BLUETOOTH_Lcfg.o
LOAD HAL/Keypad/src/Keypad_Lcfg.o
LOAD HAL/LED/src/LED_Lcfg.o
LOAD main.o
LOAD Mcal/Atmega32/PWM/src/PWM_Lcfg.o
LOAD Mcal/Atmega32/UART/src/UART_Config.o
START GROUP
LOAD c:/program files (x86)/atmel/studio/7.0/toolchain/avr8/avr8-gnu-toolchain/bin/../lib/gcc/avr/5.4.0/../../../../avr/lib/avr5\libm.a
END GROUP
START GROUP
LOAD c:/program files (x86)/atmel/studio/7.0/toolchain/avr8/avr8-gnu-toolchain/bin/../lib/gcc/avr/5.4.0/avr5\libgcc.a
LOAD c:/program files (x86)/atmel/studio/7.0/toolchain/avr8/avr8-gnu-toolchain/bin/../lib/gcc/avr/5.4.0/../../../../avr/lib/avr5\libm.a
LOAD c:/program files (x86)/atmel/studio/7.0/toolchain/avr8/avr8-gnu-toolchain/bin/../lib/gcc/avr/5.4.0/../../../../avr/lib/avr5\libc.a
LOAD C:/Program Files (x86)/Atmel/Studio/7.0/Packs/atmel/ATmega_DFP/1.6.364/gcc/dev/atmega32a/avr5\libatmega32a.a
END GROUP
                [0x00000000]                __TEXT_REGION_ORIGIN__ = DEFINED (__TEXT_REGION_ORIGIN__)?__TEXT_REGION_ORIGIN__:0x0
                [0x00800060]                __DATA_REGION_ORIGIN__ = DEFINED (__DATA_REGION_ORIGIN__)?__DATA_REGION_ORIGIN__:0x800060
                [0x00008000]                __TEXT_REGION_LENGTH__ = DEFINED (__TEXT_REGION_LENGTH__)?__TEXT_REGION_LENGTH__:0x20000
                [0x00000800]                __DATA_REGION_LENGTH__ = DEFINED (__DATA_REGION_LENGTH__)?__DATA_REGION_LENGTH__:0xffa0
                [0x00000400]                __EEPROM_REGION_LENGTH__ = DEFINED (__EEPROM_REGION_LENGTH__)?__EEPROM_REGION_LENGTH__:0x10000
                [0x00000002]                __FUSE_REGION_LENGTH__ = DEFINED (__FUSE_REGION_LENGTH__)?__FUSE_REGION_LENGTH__:0x400
                0x00000400                __LOCK_REGION_LENGTH__ = DEFINED (__LOCK_REGION_LENGTH__)?__LOCK_REGION_LENGTH__:0x400
                0x00000400                __SIGNATURE_REGION_LENGTH__ = DEFINED (__SIGNATURE_REGION_LENGTH__)?__SIGNATURE_REGION_LENGTH__:0x400
                0x00000400                __USER_SIGNATURE_REGION_LENGTH__ = DEFINED (__USER_SIGNATURE_REGION_LENGTH__)?__USER_SIGNATURE_REGION_LENGTH__:0x400

.hash
 *(.hash)

.dynsym
 *(.dynsym)

.dynstr
 *(.dynstr)

.gnu.version
 *(.gnu.version)

.gnu.version_d
 *(.gnu.version_d)

.gnu.version_r
 *(.gnu.version_r)

.rel.init
 *(.rel.init)

.rela.init
 *(.rela.init)

.rel.text
 *(.rel.text)
 *(.rel.text.*)
 *(.rel.gnu.linkonce.t*)

.rela.text
 *(.rela.text)
 *(.rela.text.*)
 *(.rela.gnu.linkonce.t*)

.rel.fini
 *(.rel.fini)

.rela.fini
 *(.rela.fini)

.rel.rodata
 *(.rel.rodata)
 *(.rel.rodata.*)
 *(.rel.gnu.linkonce.r*)

.rela.rodata
 *(.rela.rodata)
 *(.rela.rodata.*)
 *(.rela.gnu.linkonce.r*)

.rel.data
 *(.rel.data)
 *(.rel.data.*)
 *(.rel.gnu.linkonce.d*)

.rela.data
 *(.rela.data)
 *(.rela.data.*)
 *(.rela.gnu.linkonce.d*)

.rel.ctors
 *(.rel.ctors)

.rela.ctors
 *(.rela.ctors)

.rel.dtors
 *(.rel.dtors)

.rela.dtors
 *(.rela.dtors)

.rel.got
 *(.rel.got)

.rela.got
 *(.rela.got)

.rel.bss
 *(.rel.bss)

.rela.bss
 *(.rela.bss)

.rel.plt
 *(.rel.plt)

.rela.plt
 *(.rela.plt)

.text           0x00000000     0x3114
 *(.vectors)
 .vectors       0x00000000       0x54 C:/Program Files (x86)/Atmel/Studio/7.0/Packs/atmel/ATmega_DFP/1.6.364/gcc/dev/atmega32a/avr5/crtatmega32a.o
                0x00000000                __vector_default
                0x00000000                __vectors
 *(.vectors)
 *(.progmem.gcc*)
 .progmem.gcc_sw_table.BLUETOOTH_Mng_Init
                0x00000054       0x16 App/BLUETOOTH_Mng_Master/src/BLUETOOTH_Mng.o
                0x0000006a                . = ALIGN (0x2)
                0x0000006a                __trampolines_start = .
 *(.trampolines)
 .trampolines   0x0000006a        0x0 linker stubs
 *(.trampolines*)
                0x0000006a                __trampolines_end = .
 *libprintf_flt.a:*(.progmem.data)
 *libc.a:*(.progmem.data)
 *(.progmem*)
                0x0000006a                . = ALIGN (0x2)
 *(.jumptables)
 *(.jumptables*)
 *(.lowtext)
 *(.lowtext*)
                0x0000006a                __ctors_start = .
 *(.ctors)
                0x0000006a                __ctors_end = .
                0x0000006a                __dtors_start = .
 *(.dtors)
                0x0000006a                __dtors_end = .
 SORT(*)(.ctors)
 SORT(*)(.dtors)
 *(.init0)
 .init0         0x0000006a        0x0 C:/Program Files (x86)/Atmel/Studio/7.0/Packs/atmel/ATmega_DFP/1.6.364/gcc/dev/atmega32a/avr5/crtatmega32a.o
                0x0000006a                __init
 *(.init0)
 *(.init1)
 *(.init1)
 *(.init2)
 .init2         0x0000006a        0xc C:/Program Files (x86)/Atmel/Studio/7.0/Packs/atmel/ATmega_DFP/1.6.364/gcc/dev/atmega32a/avr5/crtatmega32a.o
 *(.init2)
 *(.init3)
 *(.init3)
 *(.init4)
 .init4         0x00000076       0x16 c:/program files (x86)/atmel/studio/7.0/toolchain/avr8/avr8-gnu-toolchain/bin/../lib/gcc/avr/5.4.0/avr5\libgcc.a(_copy_data.o)
                0x00000076                __do_copy_data
 .init4         0x0000008c       0x10 c:/program files (x86)/atmel/studio/7.0/toolchain/avr8/avr8-gnu-toolchain/bin/../lib/gcc/avr/5.4.0/avr5\libgcc.a(_clear_bss.o)
                0x0000008c                __do_clear_bss
 *(.init4)
 *(.init5)
 *(.init5)
 *(.init6)
 *(.init6)
 *(.init7)
 *(.init7)
 *(.init8)
 *(.init8)
 *(.init9)
 .init9         0x0000009c        0x8 C:/Program Files (x86)/Atmel/Studio/7.0/Packs/atmel/ATmega_DFP/1.6.364/gcc/dev/atmega32a/avr5/crtatmega32a.o
 *(.init9)
 *(.text)
 .text          0x000000a4        0x4 C:/Program Files (x86)/Atmel/Studio/7.0/Packs/atmel/ATmega_DFP/1.6.364/gcc/dev/atmega32a/avr5/crtatmega32a.o
                0x000000a4                __vector_1
                0x000000a4                __vector_12
                0x000000a4                __bad_interrupt
                0x000000a4                __vector_6
                0x000000a4                __vector_3
                0x000000a4                __vector_11
                0x000000a4                __vector_17
                0x000000a4                __vector_19
                0x000000a4                __vector_5
                0x000000a4                __vector_4
                0x000000a4                __vector_9
                0x000000a4                __vector_2
                0x000000a4                __vector_15
                0x000000a4                __vector_8
                0x000000a4                __vector_14
                0x000000a4                __vector_10
                0x000000a4                __vector_16
                0x000000a4                __vector_18
                0x000000a4                __vector_20
                0x000000a8                . = ALIGN (0x2)
 *(.text.*)
 .text.vListInitialise
                0x000000a8       0x1c FreeRTOS/list.o
                0x000000a8                vListInitialise
 .text.vListInitialiseItem
                0x000000c4        0x8 FreeRTOS/list.o
                0x000000c4                vListInitialiseItem
 .text.vListInsertEnd
                0x000000cc       0x42 FreeRTOS/list.o
                0x000000cc                vListInsertEnd
 .text.vListInsert
                0x0000010e       0x62 FreeRTOS/list.o
                0x0000010e                vListInsert
 .text.uxListRemove
                0x00000170       0x4c FreeRTOS/list.o
                0x00000170                uxListRemove
 .text.prvSetupTimerInterrupt
                0x000001bc       0x12 FreeRTOS/portable/GCC/ATMega323/port.o
 .text.pxPortInitialiseStack
                0x000001ce       0xd8 FreeRTOS/portable/GCC/ATMega323/port.o
                0x000001ce                pxPortInitialiseStack
 .text.xPortStartScheduler
                0x000002a6       0x5e FreeRTOS/portable/GCC/ATMega323/port.o
                0x000002a6                xPortStartScheduler
 .text.vPortYield
                0x00000304       0xb2 FreeRTOS/portable/GCC/ATMega323/port.o
                0x00000304                vPortYield
 .text.vPortYieldFromTick
                0x000003b6       0xb8 FreeRTOS/portable/GCC/ATMega323/port.o
                0x000003b6                vPortYieldFromTick
 .text.__vector_7
                0x0000046e        0x6 FreeRTOS/portable/GCC/ATMega323/port.o
                0x0000046e                __vector_7
 .text.prvHeapInit
                0x00000474       0x52 FreeRTOS/portable/MemMang/heap_4.o
 .text.prvInsertBlockIntoFreeList
                0x000004c6       0x94 FreeRTOS/portable/MemMang/heap_4.o
 .text.pvPortMalloc
                0x0000055a      0x12c FreeRTOS/portable/MemMang/heap_4.o
                0x0000055a                pvPortMalloc
 .text.vPortFree
                0x00000686       0x6a FreeRTOS/portable/MemMang/heap_4.o
                0x00000686                vPortFree
 .text.prvResetNextTaskUnblockTime
                0x000006f0       0x3e FreeRTOS/tasks.o
 .text.prvInitialiseNewTask
                0x0000072e       0xd4 FreeRTOS/tasks.o
 .text.prvIdleTask
                0x00000802        0xe FreeRTOS/tasks.o
 .text.prvInitialiseTaskLists
                0x00000810       0x5e FreeRTOS/tasks.o
 .text.prvAddNewTaskToReadyList
                0x0000086e       0xb8 FreeRTOS/tasks.o
 .text.prvAddCurrentTaskToDelayedList
                0x00000926       0x88 FreeRTOS/tasks.o
 .text.xTaskCreate
                0x000009ae       0xa8 FreeRTOS/tasks.o
                0x000009ae                xTaskCreate
 .text.vTaskStartScheduler
                0x00000a56       0x54 FreeRTOS/tasks.o
                0x00000a56                vTaskStartScheduler
 .text.vTaskSuspendAll
                0x00000aaa        0xc FreeRTOS/tasks.o
                0x00000aaa                vTaskSuspendAll
 .text.xTaskGetTickCount
                0x00000ab6       0x14 FreeRTOS/tasks.o
                0x00000ab6                xTaskGetTickCount
 .text.xTaskIncrementTick
                0x00000aca      0x174 FreeRTOS/tasks.o
                0x00000aca                xTaskIncrementTick
 .text.xTaskResumeAll
                0x00000c3e       0xe4 FreeRTOS/tasks.o
                0x00000c3e                xTaskResumeAll
 .text.vTaskDelayUntil
                0x00000d22       0x82 FreeRTOS/tasks.o
                0x00000d22                vTaskDelayUntil
 .text.vTaskSwitchContext
                0x00000da4       0xa8 FreeRTOS/tasks.o
                0x00000da4                vTaskSwitchContext
 .text.BLUETOOTH_SetATMode
                0x00000e4c       0x52 HAL/BLUETOOTH/src/BLUETOOTH.o
 .text.BLUETOOTH_SetDataMode
                0x00000e9e        0xa HAL/BLUETOOTH/src/BLUETOOTH.o
                0x00000e9e                BLUETOOTH_SetDataMode
 .text.BLUETOOTH_Init
                0x00000ea8       0x44 HAL/BLUETOOTH/src/BLUETOOTH.o
                0x00000ea8                BLUETOOTH_Init
 .text.BLUETOOTH_SendData
                0x00000eec       0x76 HAL/BLUETOOTH/src/BLUETOOTH.o
                0x00000eec                BLUETOOTH_SendData
 .text.BLUETOOTH_ReceiveData
                0x00000f62       0x66 HAL/BLUETOOTH/src/BLUETOOTH.o
                0x00000f62                BLUETOOTH_ReceiveData
 .text.BLUETOOTH_ATModeGetCommand
                0x00000fc8       0xc4 HAL/BLUETOOTH/src/BLUETOOTH.o
                0x00000fc8                BLUETOOTH_ATModeGetCommand
 .text.BLUETOOTH_ATModeSetCommand
                0x0000108c      0x104 HAL/BLUETOOTH/src/BLUETOOTH.o
                0x0000108c                BLUETOOTH_ATModeSetCommand
 .text.BLUETOOTH_Scan
                0x00001190        0xc HAL/BLUETOOTH/src/BLUETOOTH.o
                0x00001190                BLUETOOTH_Scan
 .text.BLUETOOTH_Connect
                0x0000119c       0x22 HAL/BLUETOOTH/src/BLUETOOTH.o
                0x0000119c                BLUETOOTH_Connect
 .text.BLUETOOTH_Disconnect
                0x000011be        0x8 HAL/BLUETOOTH/src/BLUETOOTH.o
                0x000011be                BLUETOOTH_Disconnect
 .text.EEPROM_ProxySaveToMemory
                0x000011c6       0x40 HAL/EEPROM_Proxy/src/EEPROM_Proxy.o
                0x000011c6                EEPROM_ProxySaveToMemory
 .text.KP_Init  0x00001206       0xb8 HAL/Keypad/src/Keypad.o
                0x00001206                KP_Init
 .text.KP_GetPressedValue
                0x000012be      0x162 HAL/Keypad/src/Keypad.o
                0x000012be                KP_GetPressedValue
 .text.LED_Init
                0x00001420       0xcc HAL/LED/src/LED.o
                0x00001420                LED_Init
 .text.LED_Off  0x000014ec       0x7c HAL/LED/src/LED.o
                0x000014ec                LED_Off
 .text.LED_On   0x00001568       0x7c HAL/LED/src/LED.o
                0x00001568                LED_On
 .text.LED_Dim  0x000015e4       0x5a HAL/LED/src/LED.o
                0x000015e4                LED_Dim
 .text.StringCompare
                0x0000163e       0x42 LIB/src/UTILS.o
                0x0000163e                StringCompare
 .text.STR_Length
                0x00001680       0x26 LIB/src/UTILS.o
                0x00001680                STR_Length
 .text.STR_StringConcatenate
                0x000016a6       0x5a LIB/src/UTILS.o
                0x000016a6                STR_StringConcatenate
 .text.CRC_16_Calc
                0x00001700      0x358 LIB/src/UTILS.o
                0x00001700                CRC_16_Calc
 .text.CRC_16_Chk
                0x00001a58      0x314 LIB/src/UTILS.o
                0x00001a58                CRC_16_Chk
 .text.DIO_SetPinDirection
                0x00001d6c       0xd2 Mcal/Atmega32/DIO/src/DIO.o
                0x00001d6c                DIO_SetPinDirection
 .text.DIO_WritePin
                0x00001e3e       0xd2 Mcal/Atmega32/DIO/src/DIO.o
                0x00001e3e                DIO_WritePin
 .text.DIO_ReadPin
                0x00001f10       0x86 Mcal/Atmega32/DIO/src/DIO.o
                0x00001f10                DIO_ReadPin
 .text.DIO_EnablePinPullup
                0x00001f96       0x7c Mcal/Atmega32/DIO/src/DIO.o
                0x00001f96                DIO_EnablePinPullup
 .text.EEPROM_Write
                0x00002012       0x24 Mcal/Atmega32/EEPROM/src/EEPROM.o
                0x00002012                EEPROM_Write
 .text.GLOBALINTTERUPTS_Enable
                0x00002036        0x8 Mcal/Atmega32/GLOBAL_Interrupt/src/GLOBAL_Interrupt.o
                0x00002036                GLOBALINTTERUPTS_Enable
 .text.PWM_Init
                0x0000203e       0x62 Mcal/Atmega32/PWM/src/PWM.o
                0x0000203e                PWM_Init
 .text.PWM_Start
                0x000020a0       0x18 Mcal/Atmega32/PWM/src/PWM.o
                0x000020a0                PWM_Start
 .text.PWM_Connect
                0x000020b8       0x22 Mcal/Atmega32/PWM/src/PWM.o
                0x000020b8                PWM_Connect
 .text.PWM_SetDuty
                0x000020da       0x58 Mcal/Atmega32/PWM/src/PWM.o
                0x000020da                PWM_SetDuty
 .text.UART_Init
                0x00002132       0x48 Mcal/Atmega32/UART/src/UART.o
                0x00002132                UART_Init
 .text.UART_EnableInterrupt
                0x0000217a       0x1e Mcal/Atmega32/UART/src/UART.o
                0x0000217a                UART_EnableInterrupt
 .text.UART_SetCallback
                0x00002198       0x56 Mcal/Atmega32/UART/src/UART.o
                0x00002198                UART_SetCallback
 .text.UART_SetData
                0x000021ee        0x6 Mcal/Atmega32/UART/src/UART.o
                0x000021ee                UART_SetData
 .text.UART_GetData
                0x000021f4        0xa Mcal/Atmega32/UART/src/UART.o
                0x000021f4                UART_GetData
 .text.UART_SetBaudRate
                0x000021fe       0x8a Mcal/Atmega32/UART/src/UART.o
                0x000021fe                UART_SetBaudRate
 .text.UART_IsDataAvailableToWrite
                0x00002288       0x12 Mcal/Atmega32/UART/src/UART.o
                0x00002288                UART_IsDataAvailableToWrite
 .text.__vector_13
                0x0000229a       0x4e Mcal/Atmega32/UART/src/UART.o
                0x0000229a                __vector_13
 .text.BT_Mng_InsertMAC
                0x000022e8       0x2e App/BLUETOOTH_Mng_Master/src/BLUETOOTH_Mng.o
 .text.BT_Mng_ExtractMAC
                0x00002316       0x3c App/BLUETOOTH_Mng_Master/src/BLUETOOTH_Mng.o
 .text.BT_Mng_SendHandShake
                0x00002352       0x8e App/BLUETOOTH_Mng_Master/src/BLUETOOTH_Mng.o
 .text.BLUETOOTH_Mng_RxCallback
                0x000023e0       0x54 App/BLUETOOTH_Mng_Master/src/BLUETOOTH_Mng.o
 .text.BT_Mng_SelfTest
                0x00002434       0xc0 App/BLUETOOTH_Mng_Master/src/BLUETOOTH_Mng.o
 .text.BT_Mng_SetConfig
                0x000024f4      0x194 App/BLUETOOTH_Mng_Master/src/BLUETOOTH_Mng.o
 .text.BT_Mng_SendDeviceData
                0x00002688       0xaa App/BLUETOOTH_Mng_Master/src/BLUETOOTH_Mng.o
 .text.BLUETOOTH_Mng_Init
                0x00002732      0x224 App/BLUETOOTH_Mng_Master/src/BLUETOOTH_Mng.o
 .text.BLUETOOTH_Mng_MainFunction
                0x00002956       0x12 App/BLUETOOTH_Mng_Master/src/BLUETOOTH_Mng.o
                0x00002956                BLUETOOTH_Mng_MainFunction
 .text.HMI_MainFunction
                0x00002968      0x106 App/HMI/src/HMI.o
                0x00002968                HMI_MainFunction
 .text.HMI_SetDeviceEraseFlag
                0x00002a6e        0xa App/HMI/src/HMI_Interface.o
                0x00002a6e                HMI_SetDeviceEraseFlag
 .text.HMI_SetPasswordChangeFlag
                0x00002a78        0xa App/HMI/src/HMI_Interface.o
                0x00002a78                HMI_SetPasswordChangeFlag
 .text.HMI_SetKeyPressed
                0x00002a82       0x10 App/HMI/src/HMI_Interface.o
                0x00002a82                HMI_SetKeyPressed
 .text.Indicator_MainFunction
                0x00002a92      0x15e App/Indicator/src/Indicator.o
                0x00002a92                Indicator_MainFunction
 .text.Indicator_GetPattern
                0x00002bf0       0x14 App/Indicator/src/Indicator_interface.o
                0x00002bf0                Indicator_GetPattern
 .text.Indicator_SetPattern
                0x00002c04       0x10 App/Indicator/src/Indicator_interface.o
                0x00002c04                Indicator_SetPattern
 .text.STORAGE_MAC_Save
                0x00002c14       0x32 App/STORAGE/src/STORAGE.o
                0x00002c14                STORAGE_MAC_Save
 .text.STORAGE_DataPacket_Save
                0x00002c46       0x32 App/STORAGE/src/STORAGE.o
                0x00002c46                STORAGE_DataPacket_Save
 .text.HMI_Task
                0x00002c78       0x24 main.o
                0x00002c78                HMI_Task
 .text.Feedback_Task
                0x00002c9c        0x6 main.o
                0x00002c9c                Feedback_Task
 .text.Bluetooth_Task
                0x00002ca2        0x6 main.o
                0x00002ca2                Bluetooth_Task
 .text.main     0x00002ca8       0x4a main.o
                0x00002ca8                main
 .text.avr-libc.fplib
                0x00002cf2        0xe c:/program files (x86)/atmel/studio/7.0/toolchain/avr8/avr8-gnu-toolchain/bin/../lib/gcc/avr/5.4.0/../../../../avr/lib/avr5\libm.a(addsf3.o)
                0x00002cf2                __subsf3
                0x00002cf4                __addsf3
 .text.avr-libc.fplib
                0x00002d00       0xcc c:/program files (x86)/atmel/studio/7.0/toolchain/avr8/avr8-gnu-toolchain/bin/../lib/gcc/avr/5.4.0/../../../../avr/lib/avr5\libm.a(addsf3x.o)
                0x00002d22                __addsf3x
 .text.avr-libc.fplib
                0x00002dcc        0x8 c:/program files (x86)/atmel/studio/7.0/toolchain/avr8/avr8-gnu-toolchain/bin/../lib/gcc/avr/5.4.0/../../../../avr/lib/avr5\libm.a(divsf3.o)
                0x00002dcc                __divsf3
 .text.avr-libc.fplib
                0x00002dd4       0xdc c:/program files (x86)/atmel/studio/7.0/toolchain/avr8/avr8-gnu-toolchain/bin/../lib/gcc/avr/5.4.0/../../../../avr/lib/avr5\libm.a(divsf3x.o)
                0x00002df4                __divsf3x
                0x00002dfa                __divsf3_pse
 .text.avr-libc.fplib
                0x00002eb0       0x5e c:/program files (x86)/atmel/studio/7.0/toolchain/avr8/avr8-gnu-toolchain/bin/../lib/gcc/avr/5.4.0/../../../../avr/lib/avr5\libm.a(fixunssfsi.o)
                0x00002eb0                __fixunssfsi
 .text.avr-libc.fplib
                0x00002f0e       0x7a c:/program files (x86)/atmel/studio/7.0/toolchain/avr8/avr8-gnu-toolchain/bin/../lib/gcc/avr/5.4.0/../../../../avr/lib/avr5\libm.a(floatsisf.o)
                0x00002f0e                __floatunsisf
                0x00002f12                __floatsisf
 .text.avr-libc.fplib
                0x00002f88        0xc c:/program files (x86)/atmel/studio/7.0/toolchain/avr8/avr8-gnu-toolchain/bin/../lib/gcc/avr/5.4.0/../../../../avr/lib/avr5\libm.a(fp_inf.o)
                0x00002f88                __fp_inf
 .text.avr-libc.fplib
                0x00002f94        0x6 c:/program files (x86)/atmel/studio/7.0/toolchain/avr8/avr8-gnu-toolchain/bin/../lib/gcc/avr/5.4.0/../../../../avr/lib/avr5\libm.a(fp_nan.o)
                0x00002f94                __fp_nan
 .text.avr-libc.fplib
                0x00002f9a        0xe c:/program files (x86)/atmel/studio/7.0/toolchain/avr8/avr8-gnu-toolchain/bin/../lib/gcc/avr/5.4.0/../../../../avr/lib/avr5\libm.a(fp_pscA.o)
                0x00002f9a                __fp_pscA
 .text.avr-libc.fplib
                0x00002fa8        0xe c:/program files (x86)/atmel/studio/7.0/toolchain/avr8/avr8-gnu-toolchain/bin/../lib/gcc/avr/5.4.0/../../../../avr/lib/avr5\libm.a(fp_pscB.o)
                0x00002fa8                __fp_pscB
 .text.avr-libc.fplib
                0x00002fb6       0x22 c:/program files (x86)/atmel/studio/7.0/toolchain/avr8/avr8-gnu-toolchain/bin/../lib/gcc/avr/5.4.0/../../../../avr/lib/avr5\libm.a(fp_round.o)
                0x00002fb6                __fp_round
 .text.avr-libc.fplib
                0x00002fd8       0x44 c:/program files (x86)/atmel/studio/7.0/toolchain/avr8/avr8-gnu-toolchain/bin/../lib/gcc/avr/5.4.0/../../../../avr/lib/avr5\libm.a(fp_split3.o)
                0x00002fd8                __fp_split3
                0x00002fe8                __fp_splitA
 .text.avr-libc.fplib
                0x0000301c        0xe c:/program files (x86)/atmel/studio/7.0/toolchain/avr8/avr8-gnu-toolchain/bin/../lib/gcc/avr/5.4.0/../../../../avr/lib/avr5\libm.a(fp_zero.o)
                0x0000301c                __fp_zero
                0x0000301e                __fp_szero
 .text.avr-libc.fplib
                0x0000302a        0x8 c:/program files (x86)/atmel/studio/7.0/toolchain/avr8/avr8-gnu-toolchain/bin/../lib/gcc/avr/5.4.0/../../../../avr/lib/avr5\libm.a(mulsf3.o)
                0x0000302a                __mulsf3
 .text.avr-libc.fplib
                0x00003032       0xd2 c:/program files (x86)/atmel/studio/7.0/toolchain/avr8/avr8-gnu-toolchain/bin/../lib/gcc/avr/5.4.0/../../../../avr/lib/avr5\libm.a(mulsf3x.o)
                0x00003050                __mulsf3x
                0x00003056                __mulsf3_pse
 .text.libgcc   0x00003104        0xc c:/program files (x86)/atmel/studio/7.0/toolchain/avr8/avr8-gnu-toolchain/bin/../lib/gcc/avr/5.4.0/avr5\libgcc.a(_tablejump2.o)
                0x00003104                __tablejump2__
                0x00003110                . = ALIGN (0x2)
 *(.fini9)
 .fini9         0x00003110        0x0 c:/program files (x86)/atmel/studio/7.0/toolchain/avr8/avr8-gnu-toolchain/bin/../lib/gcc/avr/5.4.0/avr5\libgcc.a(_exit.o)
                0x00003110                _exit
                0x00003110                exit
 *(.fini9)
 *(.fini8)
 *(.fini8)
 *(.fini7)
 *(.fini7)
 *(.fini6)
 *(.fini6)
 *(.fini5)
 *(.fini5)
 *(.fini4)
 *(.fini4)
 *(.fini3)
 *(.fini3)
 *(.fini2)
 *(.fini2)
 *(.fini1)
 *(.fini1)
 *(.fini0)
 .fini0         0x00003110        0x4 c:/program files (x86)/atmel/studio/7.0/toolchain/avr8/avr8-gnu-toolchain/bin/../lib/gcc/avr/5.4.0/avr5\libgcc.a(_exit.o)
 *(.fini0)
                0x00003114                _etext = .

.data           0x00800060      0x1be load address 0x00003114
                0x00800060                PROVIDE (__data_start, .)
 *(.data)
 *(.data*)
 .data.gu8_BLUETOOTH_PasswordChangePacket
                0x00800060        0x6 App/BLUETOOTH_Mng_Master/src/BLUETOOTH_Mng.o
 .data.gu8_BLUETOOTH_DeviceDataPacket
                0x00800066       0x19 App/BLUETOOTH_Mng_Master/src/BLUETOOTH_Mng.o
 .data.gu8_BLUETOOTH_HandShakePacket
                0x0080007f        0x9 App/BLUETOOTH_Mng_Master/src/BLUETOOTH_Mng.o
 .data.gu8_RX_Buffer_Counter
                0x00800088        0x1 App/BLUETOOTH_Mng_Master/src/BLUETOOTH_Mng.o
 .data.u8_OldPattern.1976
                0x00800089        0x1 App/Indicator/src/Indicator.o
 .data.gu8_IndicatorPattern
                0x0080008a        0x1 App/Indicator/src/Indicator_interface.o
 .data.gastr_PWMConfig
                0x0080008b        0xc Mcal/Atmega32/PWM/src/PWM_Lcfg.o
                0x0080008b                gastr_PWMConfig
 *(.gnu.linkonce.d*)
 *(.rodata)
 *(.rodata*)
 .rodata.str1.1
                0x00800097        0x5 FreeRTOS/tasks.o
 .rodata.str1.1
                0x0080009c       0x10 HAL/BLUETOOTH/src/BLUETOOTH.o
                                 0x13 (size before relaxing)
 .rodata.str1.1
                0x008000ac       0x60 App/BLUETOOTH_Mng_Master/src/BLUETOOTH_Mng.o
 .rodata.gastr_BuadRate_CFG
                0x0080010c       0x5a App/BLUETOOTH_Mng_Master/src/BLUETOOTH_Mng.o
 .rodata.str1.1
                0x00800166        0x2 App/BLUETOOTH_Mng_Master/src/BLUETOOTH_Mng_Lcfg.o
 .rodata.gastr_BLUETOOTH_Mng_Config
                0x00800168       0x25 App/BLUETOOTH_Mng_Master/src/BLUETOOTH_Mng_Lcfg.o
                0x00800168                gastr_BLUETOOTH_Mng_Config
 .rodata.KP_UsedChannel
                0x0080018d        0x1 App/HMI/src/HMI_Lcfg.o
                0x0080018d                KP_UsedChannel
 .rodata.aSTR_IndicatorConfig
                0x0080018e       0x58 App/Indicator/src/Indicator_Lcfg.o
                0x0080018e                aSTR_IndicatorConfig
 .rodata.LED_UsedChannel
                0x008001e6        0x1 App/Indicator/src/Indicator_Lcfg.o
                0x008001e6                LED_UsedChannel
 .rodata.gastr_BLUETOOTH_Config
                0x008001e7        0x5 HAL/BLUETOOTH/src/BLUETOOTH_Lcfg.o
                0x008001e7                gastr_BLUETOOTH_Config
 .rodata.KP_Ch0Map
                0x008001ec        0xc HAL/Keypad/src/Keypad_Lcfg.o
                0x008001ec                KP_Ch0Map
 .rodata.aSTR_KPConfig
                0x008001f8        0x6 HAL/Keypad/src/Keypad_Lcfg.o
                0x008001f8                aSTR_KPConfig
 .rodata.gSTR_LEDConfig
                0x008001fe        0x4 HAL/LED/src/LED_Lcfg.o
                0x008001fe                gSTR_LEDConfig
 .rodata.str1.1
                0x00800202       0x18 main.o
 .rodata.UART_CH_0_BaudRate
                0x0080021a        0x2 Mcal/Atmega32/UART/src/UART_Config.o
                0x0080021a                UART_CH_0_BaudRate
 .rodata.UART_CH_0_CONTROL_2
                0x0080021c        0x1 Mcal/Atmega32/UART/src/UART_Config.o
                0x0080021c                UART_CH_0_CONTROL_2
 .rodata.UART_CH_0_CONTROL
                0x0080021d        0x1 Mcal/Atmega32/UART/src/UART_Config.o
                0x0080021d                UART_CH_0_CONTROL
 *(.gnu.linkonce.r*)
                0x0080021e                . = ALIGN (0x2)
                0x0080021e                _edata = .
                0x0080021e                PROVIDE (__data_end, .)

.bss            0x0080021e      0x7fd
                0x0080021e                PROVIDE (__bss_start, .)
 *(.bss)
 *(.bss*)
 .bss.xBlockAllocatedBit
                0x0080021e        0x2 FreeRTOS/portable/MemMang/heap_4.o
 .bss.xMinimumEverFreeBytesRemaining
                0x00800220        0x2 FreeRTOS/portable/MemMang/heap_4.o
 .bss.xFreeBytesRemaining
                0x00800222        0x2 FreeRTOS/portable/MemMang/heap_4.o
 .bss.pxEnd     0x00800224        0x2 FreeRTOS/portable/MemMang/heap_4.o
 .bss.xStart    0x00800226        0x4 FreeRTOS/portable/MemMang/heap_4.o
 .bss.ucHeap    0x0080022a      0x5dc FreeRTOS/portable/MemMang/heap_4.o
 .bss.uxSchedulerSuspended
                0x00800806        0x1 FreeRTOS/tasks.o
 .bss.xIdleTaskHandle
                0x00800807        0x2 FreeRTOS/tasks.o
 .bss.xNextTaskUnblockTime
                0x00800809        0x2 FreeRTOS/tasks.o
 .bss.uxTaskNumber
                0x0080080b        0x1 FreeRTOS/tasks.o
 .bss.xNumOfOverflows
                0x0080080c        0x1 FreeRTOS/tasks.o
 .bss.xYieldPending
                0x0080080d        0x1 FreeRTOS/tasks.o
 .bss.uxPendedTicks
                0x0080080e        0x1 FreeRTOS/tasks.o
 .bss.xSchedulerRunning
                0x0080080f        0x1 FreeRTOS/tasks.o
 .bss.uxTopReadyPriority
                0x00800810        0x1 FreeRTOS/tasks.o
 .bss.xTickCount
                0x00800811        0x2 FreeRTOS/tasks.o
 .bss.uxCurrentNumberOfTasks
                0x00800813        0x1 FreeRTOS/tasks.o
 .bss.xPendingReadyList
                0x00800814        0x9 FreeRTOS/tasks.o
 .bss.pxOverflowDelayedTaskList
                0x0080081d        0x2 FreeRTOS/tasks.o
 .bss.pxDelayedTaskList
                0x0080081f        0x2 FreeRTOS/tasks.o
 .bss.xDelayedTaskList2
                0x00800821        0x9 FreeRTOS/tasks.o
 .bss.xDelayedTaskList1
                0x0080082a        0x9 FreeRTOS/tasks.o
 .bss.pxReadyTasksLists
                0x00800833       0x24 FreeRTOS/tasks.o
 .bss.pxCurrentTCB
                0x00800857        0x2 FreeRTOS/tasks.o
                0x00800857                pxCurrentTCB
 .bss.u8_CMDCounter.1748
                0x00800859        0x1 HAL/BLUETOOTH/src/BLUETOOTH.o
 .bss.u8_CMDState.1746
                0x0080085a        0x1 HAL/BLUETOOTH/src/BLUETOOTH.o
 .bss.u8_CMDCounter.1737
                0x0080085b        0x1 HAL/BLUETOOTH/src/BLUETOOTH.o
 .bss.u8_CMDState.1735
                0x0080085c        0x1 HAL/BLUETOOTH/src/BLUETOOTH.o
 .bss.u8_DataCounter.1727
                0x0080085d        0x1 HAL/BLUETOOTH/src/BLUETOOTH.o
 .bss.u8_DataCounter.1718
                0x0080085e        0x1 HAL/BLUETOOTH/src/BLUETOOTH.o
 .bss.gu8_BluetoothMode
                0x0080085f        0x1 HAL/BLUETOOTH/src/BLUETOOTH.o
 .bss.gu8_InitFlag
                0x00800860        0x1 HAL/BLUETOOTH/src/BLUETOOTH.o
 .bss.gu8_IsLEDInit
                0x00800861        0x1 HAL/LED/src/LED.o
 .bss.g_RxCallback
                0x00800862        0x2 Mcal/Atmega32/UART/src/UART.o
 .bss.s8_MAC_Counter.1916
                0x00800864        0x1 App/BLUETOOTH_Mng_Master/src/BLUETOOTH_Mng.o
 .bss.u8_CurrentState.1918
                0x00800865        0x1 App/BLUETOOTH_Mng_Master/src/BLUETOOTH_Mng.o
 .bss.u8_BT_INIT_Flag.1941
                0x00800866        0x1 App/BLUETOOTH_Mng_Master/src/BLUETOOTH_Mng.o
 .bss.gu8_BLUETOOTH_RXCOM_FLAG
                0x00800867        0x1 App/BLUETOOTH_Mng_Master/src/BLUETOOTH_Mng.o
 .bss.gu8_BLUETOOTH_MACAddressBuf
                0x00800868       0x14 App/BLUETOOTH_Mng_Master/src/BLUETOOTH_Mng.o
 .bss.gau8_BLUETOOTH_RX_Buf
                0x0080087c      0x190 App/BLUETOOTH_Mng_Master/src/BLUETOOTH_Mng.o
 .bss.u32_LastSetKey.1661
                0x00800a0c        0x4 App/HMI/src/HMI.o
 .bss.u32_OldKey.1660
                0x00800a10        0x4 App/HMI/src/HMI.o
 .bss.u8_Init.1658
                0x00800a14        0x1 App/HMI/src/HMI.o
 .bss.gu8_KeyPressedValue
                0x00800a15        0x1 App/HMI/src/HMI_Interface.o
 .bss.gu8_PasswordChangeFlag
                0x00800a16        0x1 App/HMI/src/HMI_Interface.o
 .bss.gu8_DeviceEraseFlag
                0x00800a17        0x1 App/HMI/src/HMI_Interface.o
 .bss.u8_Duty.1978
                0x00800a18        0x1 App/Indicator/src/Indicator.o
 .bss.State.1977
                0x00800a19        0x1 App/Indicator/src/Indicator.o
 .bss.u8_Init.1974
                0x00800a1a        0x1 App/Indicator/src/Indicator.o
 *(COMMON)
                0x00800a1b                PROVIDE (__bss_end, .)
                0x00003114                __data_load_start = LOADADDR (.data)
                0x000032d2                __data_load_end = (__data_load_start + SIZEOF (.data))

.noinit         0x00800a1b        0x0
                [!provide]                PROVIDE (__noinit_start, .)
 *(.noinit*)
                [!provide]                PROVIDE (__noinit_end, .)
                0x00800a1b                _end = .
                [!provide]                PROVIDE (__heap_start, .)

.eeprom         0x00810000        0x0
 *(.eeprom*)
                0x00810000                __eeprom_end = .

.fuse
 *(.fuse)
 *(.lfuse)
 *(.hfuse)
 *(.efuse)

.lock
 *(.lock*)

.signature
 *(.signature*)

.user_signatures
 *(.user_signatures*)

.stab
 *(.stab)

.stabstr
 *(.stabstr)

.stab.excl
 *(.stab.excl)

.stab.exclstr
 *(.stab.exclstr)

.stab.index
 *(.stab.index)

.stab.indexstr
 *(.stab.indexstr)

.comment        0x00000000       0x30
 *(.comment)
 .comment       0x00000000       0x30 FreeRTOS/list.o
                                 0x31 (size before relaxing)
 .comment       0x00000030       0x31 FreeRTOS/portable/GCC/ATMega323/port.o
 .comment       0x00000030       0x31 FreeRTOS/portable/MemMang/heap_4.o
 .comment       0x00000030       0x31 FreeRTOS/tasks.o
 .comment       0x00000030       0x31 HAL/BLUETOOTH/src/BLUETOOTH.o
 .comment       0x00000030       0x31 HAL/EEPROM_Proxy/src/EEPROM_Proxy.o
 .comment       0x00000030       0x31 HAL/Keypad/src/Keypad.o
 .comment       0x00000030       0x31 HAL/LED/src/LED.o
 .comment       0x00000030       0x31 LIB/src/UTILS.o
 .comment       0x00000030       0x31 Mcal/Atmega32/DIO/src/DIO.o
 .comment       0x00000030       0x31 Mcal/Atmega32/EEPROM/src/EEPROM.o
 .comment       0x00000030       0x31 Mcal/Atmega32/GLOBAL_Interrupt/src/GLOBAL_Interrupt.o
 .comment       0x00000030       0x31 Mcal/Atmega32/PWM/src/PWM.o
 .comment       0x00000030       0x31 Mcal/Atmega32/UART/src/UART.o
 .comment       0x00000030       0x31 App/BLUETOOTH_Mng_Master/src/BLUETOOTH_Mng.o
 .comment       0x00000030       0x31 App/BLUETOOTH_Mng_Master/src/BLUETOOTH_Mng_Lcfg.o
 .comment       0x00000030       0x31 App/HMI/src/HMI.o
 .comment       0x00000030       0x31 App/HMI/src/HMI_Interface.o
 .comment       0x00000030       0x31 App/HMI/src/HMI_Lcfg.o
 .comment       0x00000030       0x31 App/Indicator/src/Indicator.o
 .comment       0x00000030       0x31 App/Indicator/src/Indicator_interface.o
 .comment       0x00000030       0x31 App/Indicator/src/Indicator_Lcfg.o
 .comment       0x00000030       0x31 App/STORAGE/src/STORAGE.o
 .comment       0x00000030       0x31 HAL/BLUETOOTH/src/BLUETOOTH_Lcfg.o
 .comment       0x00000030       0x31 HAL/Keypad/src/Keypad_Lcfg.o
 .comment       0x00000030       0x31 HAL/LED/src/LED_Lcfg.o
 .comment       0x00000030       0x31 main.o
 .comment       0x00000030       0x31 Mcal/Atmega32/PWM/src/PWM_Lcfg.o
 .comment       0x00000030       0x31 Mcal/Atmega32/UART/src/UART_Config.o

.note.gnu.avr.deviceinfo
                0x00000000       0x3c
 .note.gnu.avr.deviceinfo
                0x00000000       0x3c C:/Program Files (x86)/Atmel/Studio/7.0/Packs/atmel/ATmega_DFP/1.6.364/gcc/dev/atmega32a/avr5/crtatmega32a.o

.note.gnu.build-id
 *(.note.gnu.build-id)

.debug
 *(.debug)

.line
 *(.line)

.debug_srcinfo
 *(.debug_srcinfo)

.debug_sfnames
 *(.debug_sfnames)

.debug_aranges  0x00000000      0x738
 *(.debug_aranges)
 .debug_aranges
                0x00000000       0x40 FreeRTOS/list.o
 .debug_aranges
                0x00000040       0x50 FreeRTOS/portable/GCC/ATMega323/port.o
 .debug_aranges
                0x00000090       0x50 FreeRTOS/portable/MemMang/heap_4.o
 .debug_aranges
                0x000000e0      0x118 FreeRTOS/tasks.o
 .debug_aranges
                0x000001f8       0x68 HAL/BLUETOOTH/src/BLUETOOTH.o
 .debug_aranges
                0x00000260       0x30 HAL/EEPROM_Proxy/src/EEPROM_Proxy.o
 .debug_aranges
                0x00000290       0x28 HAL/Keypad/src/Keypad.o
 .debug_aranges
                0x000002b8       0x48 HAL/LED/src/LED.o
 .debug_aranges
                0x00000300       0x80 LIB/src/UTILS.o
 .debug_aranges
                0x00000380       0x40 Mcal/Atmega32/DIO/src/DIO.o
 .debug_aranges
                0x000003c0       0x28 Mcal/Atmega32/EEPROM/src/EEPROM.o
 .debug_aranges
                0x000003e8       0x28 Mcal/Atmega32/GLOBAL_Interrupt/src/GLOBAL_Interrupt.o
 .debug_aranges
                0x00000410       0x48 Mcal/Atmega32/PWM/src/PWM.o
 .debug_aranges
                0x00000458       0x88 Mcal/Atmega32/UART/src/UART.o
 .debug_aranges
                0x000004e0       0x60 App/BLUETOOTH_Mng_Master/src/BLUETOOTH_Mng.o
 .debug_aranges
                0x00000540       0x18 App/BLUETOOTH_Mng_Master/src/BLUETOOTH_Mng_Lcfg.o
 .debug_aranges
                0x00000558       0x20 App/HMI/src/HMI.o
 .debug_aranges
                0x00000578       0x48 App/HMI/src/HMI_Interface.o
 .debug_aranges
                0x000005c0       0x18 App/HMI/src/HMI_Lcfg.o
 .debug_aranges
                0x000005d8       0x20 App/Indicator/src/Indicator.o
 .debug_aranges
                0x000005f8       0x28 App/Indicator/src/Indicator_interface.o
 .debug_aranges
                0x00000620       0x18 App/Indicator/src/Indicator_Lcfg.o
 .debug_aranges
                0x00000638       0x50 App/STORAGE/src/STORAGE.o
 .debug_aranges
                0x00000688       0x18 HAL/BLUETOOTH/src/BLUETOOTH_Lcfg.o
 .debug_aranges
                0x000006a0       0x18 HAL/Keypad/src/Keypad_Lcfg.o
 .debug_aranges
                0x000006b8       0x18 HAL/LED/src/LED_Lcfg.o
 .debug_aranges
                0x000006d0       0x38 main.o
 .debug_aranges
                0x00000708       0x18 Mcal/Atmega32/PWM/src/PWM_Lcfg.o
 .debug_aranges
                0x00000720       0x18 Mcal/Atmega32/UART/src/UART_Config.o

.debug_pubnames
 *(.debug_pubnames)

.debug_info     0x00000000     0x6d54
 *(.debug_info .gnu.linkonce.wi.*)
 .debug_info    0x00000000      0x4e6 C:/Program Files (x86)/Atmel/Studio/7.0/Packs/atmel/ATmega_DFP/1.6.364/gcc/dev/atmega32a/avr5/crtatmega32a.o
 .debug_info    0x000004e6      0x2cd FreeRTOS/list.o
 .debug_info    0x000007b3      0x24e FreeRTOS/portable/GCC/ATMega323/port.o
 .debug_info    0x00000a01      0x380 FreeRTOS/portable/MemMang/heap_4.o
 .debug_info    0x00000d81     0x1585 FreeRTOS/tasks.o
 .debug_info    0x00002306      0x70e HAL/BLUETOOTH/src/BLUETOOTH.o
 .debug_info    0x00002a14      0x2b0 HAL/EEPROM_Proxy/src/EEPROM_Proxy.o
 .debug_info    0x00002cc4      0x3dd HAL/Keypad/src/Keypad.o
 .debug_info    0x000030a1      0x4fd HAL/LED/src/LED.o
 .debug_info    0x0000359e      0x668 LIB/src/UTILS.o
 .debug_info    0x00003c06      0x2d9 Mcal/Atmega32/DIO/src/DIO.o
 .debug_info    0x00003edf      0x14a Mcal/Atmega32/EEPROM/src/EEPROM.o
 .debug_info    0x00004029       0xb8 Mcal/Atmega32/GLOBAL_Interrupt/src/GLOBAL_Interrupt.o
 .debug_info    0x000040e1      0x391 Mcal/Atmega32/PWM/src/PWM.o
 .debug_info    0x00004472      0x52f Mcal/Atmega32/UART/src/UART.o
 .debug_info    0x000049a1      0xb88 App/BLUETOOTH_Mng_Master/src/BLUETOOTH_Mng.o
 .debug_info    0x00005529      0x162 App/BLUETOOTH_Mng_Master/src/BLUETOOTH_Mng_Lcfg.o
 .debug_info    0x0000568b      0x18b App/HMI/src/HMI.o
 .debug_info    0x00005816      0x1e7 App/HMI/src/HMI_Interface.o
 .debug_info    0x000059fd       0x86 App/HMI/src/HMI_Lcfg.o
 .debug_info    0x00005a83      0x314 App/Indicator/src/Indicator.o
 .debug_info    0x00005d97      0x117 App/Indicator/src/Indicator_interface.o
 .debug_info    0x00005eae      0x13e App/Indicator/src/Indicator_Lcfg.o
 .debug_info    0x00005fec      0x3aa App/STORAGE/src/STORAGE.o
 .debug_info    0x00006396      0x16a HAL/BLUETOOTH/src/BLUETOOTH_Lcfg.o
 .debug_info    0x00006500      0x1aa HAL/Keypad/src/Keypad_Lcfg.o
 .debug_info    0x000066aa      0x185 HAL/LED/src/LED_Lcfg.o
 .debug_info    0x0000682f      0x2e6 main.o
 .debug_info    0x00006b15      0x185 Mcal/Atmega32/PWM/src/PWM_Lcfg.o
 .debug_info    0x00006c9a       0xba Mcal/Atmega32/UART/src/UART_Config.o

.debug_abbrev   0x00000000     0x2237
 *(.debug_abbrev)
 .debug_abbrev  0x00000000      0x4a3 C:/Program Files (x86)/Atmel/Studio/7.0/Packs/atmel/ATmega_DFP/1.6.364/gcc/dev/atmega32a/avr5/crtatmega32a.o
 .debug_abbrev  0x000004a3       0xf8 FreeRTOS/list.o
 .debug_abbrev  0x0000059b      0x143 FreeRTOS/portable/GCC/ATMega323/port.o
 .debug_abbrev  0x000006de      0x1e4 FreeRTOS/portable/MemMang/heap_4.o
 .debug_abbrev  0x000008c2      0x2a5 FreeRTOS/tasks.o
 .debug_abbrev  0x00000b67      0x205 HAL/BLUETOOTH/src/BLUETOOTH.o
 .debug_abbrev  0x00000d6c       0xe8 HAL/EEPROM_Proxy/src/EEPROM_Proxy.o
 .debug_abbrev  0x00000e54      0x13e HAL/Keypad/src/Keypad.o
 .debug_abbrev  0x00000f92      0x1a3 HAL/LED/src/LED.o
 .debug_abbrev  0x00001135      0x1c7 LIB/src/UTILS.o
 .debug_abbrev  0x000012fc       0xbf Mcal/Atmega32/DIO/src/DIO.o
 .debug_abbrev  0x000013bb       0xc3 Mcal/Atmega32/EEPROM/src/EEPROM.o
 .debug_abbrev  0x0000147e       0x5a Mcal/Atmega32/GLOBAL_Interrupt/src/GLOBAL_Interrupt.o
 .debug_abbrev  0x000014d8      0x11c Mcal/Atmega32/PWM/src/PWM.o
 .debug_abbrev  0x000015f4      0x16b Mcal/Atmega32/UART/src/UART.o
 .debug_abbrev  0x0000175f      0x200 App/BLUETOOTH_Mng_Master/src/BLUETOOTH_Mng.o
 .debug_abbrev  0x0000195f       0x84 App/BLUETOOTH_Mng_Master/src/BLUETOOTH_Mng_Lcfg.o
 .debug_abbrev  0x000019e3       0xc8 App/HMI/src/HMI.o
 .debug_abbrev  0x00001aab       0xa5 App/HMI/src/HMI_Interface.o
 .debug_abbrev  0x00001b50       0x4b App/HMI/src/HMI_Lcfg.o
 .debug_abbrev  0x00001b9b      0x115 App/Indicator/src/Indicator.o
 .debug_abbrev  0x00001cb0       0x8b App/Indicator/src/Indicator_interface.o
 .debug_abbrev  0x00001d3b       0x7b App/Indicator/src/Indicator_Lcfg.o
 .debug_abbrev  0x00001db6       0xd0 App/STORAGE/src/STORAGE.o
 .debug_abbrev  0x00001e86       0x95 HAL/BLUETOOTH/src/BLUETOOTH_Lcfg.o
 .debug_abbrev  0x00001f1b       0x95 HAL/Keypad/src/Keypad_Lcfg.o
 .debug_abbrev  0x00001fb0       0x95 HAL/LED/src/LED_Lcfg.o
 .debug_abbrev  0x00002045      0x119 main.o
 .debug_abbrev  0x0000215e       0x8e Mcal/Atmega32/PWM/src/PWM_Lcfg.o
 .debug_abbrev  0x000021ec       0x4b Mcal/Atmega32/UART/src/UART_Config.o

.debug_line     0x00000000     0x4766
 *(.debug_line .debug_line.* .debug_line_end)
 .debug_line    0x00000000      0x116 C:/Program Files (x86)/Atmel/Studio/7.0/Packs/atmel/ATmega_DFP/1.6.364/gcc/dev/atmega32a/avr5/crtatmega32a.o
 .debug_line    0x00000116      0x239 FreeRTOS/list.o
 .debug_line    0x0000034f      0x2ef FreeRTOS/portable/GCC/ATMega323/port.o
 .debug_line    0x0000063e      0x376 FreeRTOS/portable/MemMang/heap_4.o
 .debug_line    0x000009b4      0xcc7 FreeRTOS/tasks.o
 .debug_line    0x0000167b      0x43f HAL/BLUETOOTH/src/BLUETOOTH.o
 .debug_line    0x00001aba      0x185 HAL/EEPROM_Proxy/src/EEPROM_Proxy.o
 .debug_line    0x00001c3f      0x1e8 HAL/Keypad/src/Keypad.o
 .debug_line    0x00001e27      0x35b HAL/LED/src/LED.o
 .debug_line    0x00002182      0x6c7 LIB/src/UTILS.o
 .debug_line    0x00002849      0x308 Mcal/Atmega32/DIO/src/DIO.o
 .debug_line    0x00002b51       0xfc Mcal/Atmega32/EEPROM/src/EEPROM.o
 .debug_line    0x00002c4d       0xae Mcal/Atmega32/GLOBAL_Interrupt/src/GLOBAL_Interrupt.o
 .debug_line    0x00002cfb      0x236 Mcal/Atmega32/PWM/src/PWM.o
 .debug_line    0x00002f31      0x467 Mcal/Atmega32/UART/src/UART.o
 .debug_line    0x00003398      0x642 App/BLUETOOTH_Mng_Master/src/BLUETOOTH_Mng.o
 .debug_line    0x000039da       0xad App/BLUETOOTH_Mng_Master/src/BLUETOOTH_Mng_Lcfg.o
 .debug_line    0x00003a87      0x136 App/HMI/src/HMI.o
 .debug_line    0x00003bbd      0x165 App/HMI/src/HMI_Interface.o
 .debug_line    0x00003d22       0x5a App/HMI/src/HMI_Lcfg.o
 .debug_line    0x00003d7c      0x20d App/Indicator/src/Indicator.o
 .debug_line    0x00003f89       0xc7 App/Indicator/src/Indicator_interface.o
 .debug_line    0x00004050       0x8f App/Indicator/src/Indicator_Lcfg.o
 .debug_line    0x000040df      0x18a App/STORAGE/src/STORAGE.o
 .debug_line    0x00004269       0xc3 HAL/BLUETOOTH/src/BLUETOOTH_Lcfg.o
 .debug_line    0x0000432c       0xb7 HAL/Keypad/src/Keypad_Lcfg.o
 .debug_line    0x000043e3       0xd6 HAL/LED/src/LED_Lcfg.o
 .debug_line    0x000044b9      0x1b1 main.o
 .debug_line    0x0000466a       0x94 Mcal/Atmega32/PWM/src/PWM_Lcfg.o
 .debug_line    0x000046fe       0x68 Mcal/Atmega32/UART/src/UART_Config.o

.debug_frame    0x00000000     0x104c
 *(.debug_frame)
 .debug_frame   0x00000000       0x88 FreeRTOS/list.o
 .debug_frame   0x00000088       0x84 FreeRTOS/portable/GCC/ATMega323/port.o
 .debug_frame   0x0000010c       0xc4 FreeRTOS/portable/MemMang/heap_4.o
 .debug_frame   0x000001d0      0x438 FreeRTOS/tasks.o
 .debug_frame   0x00000608      0x140 HAL/BLUETOOTH/src/BLUETOOTH.o
 .debug_frame   0x00000748       0x88 HAL/EEPROM_Proxy/src/EEPROM_Proxy.o
 .debug_frame   0x000007d0       0xa4 HAL/Keypad/src/Keypad.o
 .debug_frame   0x00000874       0x94 HAL/LED/src/LED.o
 .debug_frame   0x00000908      0x1c8 LIB/src/UTILS.o
 .debug_frame   0x00000ad0       0x64 Mcal/Atmega32/DIO/src/DIO.o
 .debug_frame   0x00000b34       0x34 Mcal/Atmega32/EEPROM/src/EEPROM.o
 .debug_frame   0x00000b68       0x34 Mcal/Atmega32/GLOBAL_Interrupt/src/GLOBAL_Interrupt.o
 .debug_frame   0x00000b9c       0x74 Mcal/Atmega32/PWM/src/PWM.o
 .debug_frame   0x00000c10      0x14c Mcal/Atmega32/UART/src/UART.o
 .debug_frame   0x00000d5c       0xbc App/BLUETOOTH_Mng_Master/src/BLUETOOTH_Mng.o
 .debug_frame   0x00000e18       0x40 App/HMI/src/HMI.o
 .debug_frame   0x00000e58       0x74 App/HMI/src/HMI_Interface.o
 .debug_frame   0x00000ecc       0x34 App/Indicator/src/Indicator.o
 .debug_frame   0x00000f00       0x34 App/Indicator/src/Indicator_interface.o
 .debug_frame   0x00000f34       0xb4 App/STORAGE/src/STORAGE.o
 .debug_frame   0x00000fe8       0x64 main.o

.debug_str      0x00000000     0x2589
 *(.debug_str)
 .debug_str     0x00000000      0x196 C:/Program Files (x86)/Atmel/Studio/7.0/Packs/atmel/ATmega_DFP/1.6.364/gcc/dev/atmega32a/avr5/crtatmega32a.o
 .debug_str     0x00000196      0x28e FreeRTOS/list.o
                                0x2d6 (size before relaxing)
 .debug_str     0x00000424      0x14f FreeRTOS/portable/GCC/ATMega323/port.o
                                0x2e6 (size before relaxing)
 .debug_str     0x00000573      0x20f FreeRTOS/portable/MemMang/heap_4.o
                                0x392 (size before relaxing)
 .debug_str     0x00000782      0x748 FreeRTOS/tasks.o
                                0xae2 (size before relaxing)
 .debug_str     0x00000eca      0x310 HAL/BLUETOOTH/src/BLUETOOTH.o
                                0x488 (size before relaxing)
 .debug_str     0x000011da      0x126 HAL/EEPROM_Proxy/src/EEPROM_Proxy.o
                                0x2b4 (size before relaxing)
 .debug_str     0x00001300      0x12b HAL/Keypad/src/Keypad.o
                                0x332 (size before relaxing)
 .debug_str     0x0000142b      0x11a HAL/LED/src/LED.o
                                0x32f (size before relaxing)
 .debug_str     0x00001545      0x1e2 LIB/src/UTILS.o
                                0x3de (size before relaxing)
 .debug_str     0x00001727       0x9b Mcal/Atmega32/DIO/src/DIO.o
                                0x2f2 (size before relaxing)
 .debug_str     0x000017c2       0x3b Mcal/Atmega32/EEPROM/src/EEPROM.o
                                0x1f7 (size before relaxing)
 .debug_str     0x000017fd       0x73 Mcal/Atmega32/GLOBAL_Interrupt/src/GLOBAL_Interrupt.o
                                0x1f6 (size before relaxing)
 .debug_str     0x00001870      0x160 Mcal/Atmega32/PWM/src/PWM.o
                                0x3e6 (size before relaxing)
 .debug_str     0x000019d0      0x1d8 Mcal/Atmega32/UART/src/UART.o
                                0x3f0 (size before relaxing)
 .debug_str     0x00001ba8      0x426 App/BLUETOOTH_Mng_Master/src/BLUETOOTH_Mng.o
                                0x7eb (size before relaxing)
 .debug_str     0x00001fce       0x35 App/BLUETOOTH_Mng_Master/src/BLUETOOTH_Mng_Lcfg.o
                                0x2cd (size before relaxing)
 .debug_str     0x00002003       0xb0 App/HMI/src/HMI.o
                                0x24b (size before relaxing)
 .debug_str     0x000020b3       0xb0 App/HMI/src/HMI_Interface.o
                                0x283 (size before relaxing)
 .debug_str     0x00002163       0x1a App/HMI/src/HMI_Lcfg.o
                                0x1a0 (size before relaxing)
 .debug_str     0x0000217d      0x17c App/Indicator/src/Indicator.o
                                0x36e (size before relaxing)
 .debug_str     0x000022f9       0x55 App/Indicator/src/Indicator_interface.o
                                0x20a (size before relaxing)
 .debug_str     0x0000234e       0x26 App/Indicator/src/Indicator_Lcfg.o
                                0x24a (size before relaxing)
 .debug_str     0x00002374       0x84 App/STORAGE/src/STORAGE.o
                                0x2a4 (size before relaxing)
 .debug_str     0x000023f8       0x26 HAL/BLUETOOTH/src/BLUETOOTH_Lcfg.o
                                0x2c3 (size before relaxing)
 .debug_str     0x0000241e       0x20 HAL/Keypad/src/Keypad_Lcfg.o
                                0x27d (size before relaxing)
 .debug_str     0x0000243e       0x1a HAL/LED/src/LED_Lcfg.o
                                0x29b (size before relaxing)
 .debug_str     0x00002458       0x37 main.o
                                0x268 (size before relaxing)
 .debug_str     0x0000248f       0xd2 Mcal/Atmega32/PWM/src/PWM_Lcfg.o
                                0x313 (size before relaxing)
 .debug_str     0x00002561       0x28 Mcal/Atmega32/UART/src/UART_Config.o
                                0x1e1 (size before relaxing)

.debug_loc      0x00000000     0x50af
 *(.debug_loc)
 .debug_loc     0x00000000      0x145 FreeRTOS/list.o
 .debug_loc     0x00000145      0x2a0 FreeRTOS/portable/GCC/ATMega323/port.o
 .debug_loc     0x000003e5      0x2ee FreeRTOS/portable/MemMang/heap_4.o
 .debug_loc     0x000006d3     0x1776 FreeRTOS/tasks.o
 .debug_loc     0x00001e49      0x5d9 HAL/BLUETOOTH/src/BLUETOOTH.o
 .debug_loc     0x00002422      0x31b HAL/EEPROM_Proxy/src/EEPROM_Proxy.o
 .debug_loc     0x0000273d      0x2b4 HAL/Keypad/src/Keypad.o
 .debug_loc     0x000029f1      0x52c HAL/LED/src/LED.o
 .debug_loc     0x00002f1d      0xac3 LIB/src/UTILS.o
 .debug_loc     0x000039e0      0x4ea Mcal/Atmega32/DIO/src/DIO.o
 .debug_loc     0x00003eca       0x95 Mcal/Atmega32/EEPROM/src/EEPROM.o
 .debug_loc     0x00003f5f      0x25b Mcal/Atmega32/PWM/src/PWM.o
 .debug_loc     0x000041ba      0x666 Mcal/Atmega32/UART/src/UART.o
 .debug_loc     0x00004820      0x214 App/BLUETOOTH_Mng_Master/src/BLUETOOTH_Mng.o
 .debug_loc     0x00004a34       0x8b App/HMI/src/HMI.o
 .debug_loc     0x00004abf      0x189 App/HMI/src/HMI_Interface.o
 .debug_loc     0x00004c48       0x48 App/Indicator/src/Indicator.o
 .debug_loc     0x00004c90       0xbf App/Indicator/src/Indicator_interface.o
 .debug_loc     0x00004d4f      0x2f2 App/STORAGE/src/STORAGE.o
 .debug_loc     0x00005041       0x6e main.o

.debug_macinfo
 *(.debug_macinfo)

.debug_weaknames
 *(.debug_weaknames)

.debug_funcnames
 *(.debug_funcnames)

.debug_typenames
 *(.debug_typenames)

.debug_varnames
 *(.debug_varnames)

.debug_pubtypes
 *(.debug_pubtypes)

.debug_ranges   0x00000000      0x670
 *(.debug_ranges)
 .debug_ranges  0x00000000       0x30 FreeRTOS/list.o
 .debug_ranges  0x00000030       0x40 FreeRTOS/portable/GCC/ATMega323/port.o
 .debug_ranges  0x00000070       0x40 FreeRTOS/portable/MemMang/heap_4.o
 .debug_ranges  0x000000b0      0x148 FreeRTOS/tasks.o
 .debug_ranges  0x000001f8       0x58 HAL/BLUETOOTH/src/BLUETOOTH.o
 .debug_ranges  0x00000250       0x20 HAL/EEPROM_Proxy/src/EEPROM_Proxy.o
 .debug_ranges  0x00000270       0x30 HAL/Keypad/src/Keypad.o
 .debug_ranges  0x000002a0      0x110 HAL/LED/src/LED.o
 .debug_ranges  0x000003b0       0x70 LIB/src/UTILS.o
 .debug_ranges  0x00000420       0x30 Mcal/Atmega32/DIO/src/DIO.o
 .debug_ranges  0x00000450       0x18 Mcal/Atmega32/EEPROM/src/EEPROM.o
 .debug_ranges  0x00000468       0x18 Mcal/Atmega32/GLOBAL_Interrupt/src/GLOBAL_Interrupt.o
 .debug_ranges  0x00000480       0x38 Mcal/Atmega32/PWM/src/PWM.o
 .debug_ranges  0x000004b8       0x78 Mcal/Atmega32/UART/src/UART.o
 .debug_ranges  0x00000530       0x50 App/BLUETOOTH_Mng_Master/src/BLUETOOTH_Mng.o
 .debug_ranges  0x00000580       0x28 App/HMI/src/HMI.o
 .debug_ranges  0x000005a8       0x38 App/HMI/src/HMI_Interface.o
 .debug_ranges  0x000005e0       0x10 App/Indicator/src/Indicator.o
 .debug_ranges  0x000005f0       0x18 App/Indicator/src/Indicator_interface.o
 .debug_ranges  0x00000608       0x40 App/STORAGE/src/STORAGE.o
 .debug_ranges  0x00000648       0x28 main.o

.debug_macro
 *(.debug_macro)
OUTPUT(Transmiter.elf elf32-avr)
LOAD linker stubs
