Archive member included to satisfy reference by file (symbol)

e:/new folder/atmel/7.0/toolchain/avr8/avr8-gnu-toolchain/bin/../lib/gcc/avr/5.4.0/../../../../avr/lib/avr5\libm.a(addsf3.o)
                              MCAL/PWM/src/PWM.o (__subsf3)
e:/new folder/atmel/7.0/toolchain/avr8/avr8-gnu-toolchain/bin/../lib/gcc/avr/5.4.0/../../../../avr/lib/avr5\libm.a(addsf3x.o)
                              e:/new folder/atmel/7.0/toolchain/avr8/avr8-gnu-toolchain/bin/../lib/gcc/avr/5.4.0/../../../../avr/lib/avr5\libm.a(addsf3.o) (__addsf3x)
e:/new folder/atmel/7.0/toolchain/avr8/avr8-gnu-toolchain/bin/../lib/gcc/avr/5.4.0/../../../../avr/lib/avr5\libm.a(cmpsf2.o)
                              MCAL/TIMER/src/TIMER.o (__nesf2)
e:/new folder/atmel/7.0/toolchain/avr8/avr8-gnu-toolchain/bin/../lib/gcc/avr/5.4.0/../../../../avr/lib/avr5\libm.a(divsf3.o)
                              MCAL/PWM/src/PWM.o (__divsf3)
e:/new folder/atmel/7.0/toolchain/avr8/avr8-gnu-toolchain/bin/../lib/gcc/avr/5.4.0/../../../../avr/lib/avr5\libm.a(divsf3x.o)
                              e:/new folder/atmel/7.0/toolchain/avr8/avr8-gnu-toolchain/bin/../lib/gcc/avr/5.4.0/../../../../avr/lib/avr5\libm.a(divsf3.o) (__divsf3x)
e:/new folder/atmel/7.0/toolchain/avr8/avr8-gnu-toolchain/bin/../lib/gcc/avr/5.4.0/../../../../avr/lib/avr5\libm.a(fixunssfsi.o)
                              MCAL/PWM/src/PWM.o (__fixunssfsi)
e:/new folder/atmel/7.0/toolchain/avr8/avr8-gnu-toolchain/bin/../lib/gcc/avr/5.4.0/../../../../avr/lib/avr5\libm.a(floatsisf.o)
                              MCAL/TIMER/src/TIMER.o (__floatunsisf)
e:/new folder/atmel/7.0/toolchain/avr8/avr8-gnu-toolchain/bin/../lib/gcc/avr/5.4.0/../../../../avr/lib/avr5\libm.a(fp_cmp.o)
                              e:/new folder/atmel/7.0/toolchain/avr8/avr8-gnu-toolchain/bin/../lib/gcc/avr/5.4.0/../../../../avr/lib/avr5\libm.a(cmpsf2.o) (__fp_cmp)
e:/new folder/atmel/7.0/toolchain/avr8/avr8-gnu-toolchain/bin/../lib/gcc/avr/5.4.0/../../../../avr/lib/avr5\libm.a(fp_inf.o)
                              e:/new folder/atmel/7.0/toolchain/avr8/avr8-gnu-toolchain/bin/../lib/gcc/avr/5.4.0/../../../../avr/lib/avr5\libm.a(addsf3x.o) (__fp_inf)
e:/new folder/atmel/7.0/toolchain/avr8/avr8-gnu-toolchain/bin/../lib/gcc/avr/5.4.0/../../../../avr/lib/avr5\libm.a(fp_nan.o)
                              e:/new folder/atmel/7.0/toolchain/avr8/avr8-gnu-toolchain/bin/../lib/gcc/avr/5.4.0/../../../../avr/lib/avr5\libm.a(addsf3x.o) (__fp_nan)
e:/new folder/atmel/7.0/toolchain/avr8/avr8-gnu-toolchain/bin/../lib/gcc/avr/5.4.0/../../../../avr/lib/avr5\libm.a(fp_pscA.o)
                              e:/new folder/atmel/7.0/toolchain/avr8/avr8-gnu-toolchain/bin/../lib/gcc/avr/5.4.0/../../../../avr/lib/avr5\libm.a(addsf3x.o) (__fp_pscA)
e:/new folder/atmel/7.0/toolchain/avr8/avr8-gnu-toolchain/bin/../lib/gcc/avr/5.4.0/../../../../avr/lib/avr5\libm.a(fp_pscB.o)
                              e:/new folder/atmel/7.0/toolchain/avr8/avr8-gnu-toolchain/bin/../lib/gcc/avr/5.4.0/../../../../avr/lib/avr5\libm.a(addsf3x.o) (__fp_pscB)
e:/new folder/atmel/7.0/toolchain/avr8/avr8-gnu-toolchain/bin/../lib/gcc/avr/5.4.0/../../../../avr/lib/avr5\libm.a(fp_round.o)
                              e:/new folder/atmel/7.0/toolchain/avr8/avr8-gnu-toolchain/bin/../lib/gcc/avr/5.4.0/../../../../avr/lib/avr5\libm.a(addsf3.o) (__fp_round)
e:/new folder/atmel/7.0/toolchain/avr8/avr8-gnu-toolchain/bin/../lib/gcc/avr/5.4.0/../../../../avr/lib/avr5\libm.a(fp_split3.o)
                              e:/new folder/atmel/7.0/toolchain/avr8/avr8-gnu-toolchain/bin/../lib/gcc/avr/5.4.0/../../../../avr/lib/avr5\libm.a(addsf3x.o) (__fp_split3)
e:/new folder/atmel/7.0/toolchain/avr8/avr8-gnu-toolchain/bin/../lib/gcc/avr/5.4.0/../../../../avr/lib/avr5\libm.a(fp_zero.o)
                              e:/new folder/atmel/7.0/toolchain/avr8/avr8-gnu-toolchain/bin/../lib/gcc/avr/5.4.0/../../../../avr/lib/avr5\libm.a(addsf3x.o) (__fp_zero)
e:/new folder/atmel/7.0/toolchain/avr8/avr8-gnu-toolchain/bin/../lib/gcc/avr/5.4.0/../../../../avr/lib/avr5\libm.a(mulsf3.o)
                              MCAL/PWM/src/PWM.o (__mulsf3)
e:/new folder/atmel/7.0/toolchain/avr8/avr8-gnu-toolchain/bin/../lib/gcc/avr/5.4.0/../../../../avr/lib/avr5\libm.a(mulsf3x.o)
                              e:/new folder/atmel/7.0/toolchain/avr8/avr8-gnu-toolchain/bin/../lib/gcc/avr/5.4.0/../../../../avr/lib/avr5\libm.a(mulsf3.o) (__mulsf3x)
e:/new folder/atmel/7.0/toolchain/avr8/avr8-gnu-toolchain/bin/../lib/gcc/avr/5.4.0/avr5\libgcc.a(_udivmodhi4.o)
                              FreeRTOS/Source/queue.o (__udivmodhi4)
e:/new folder/atmel/7.0/toolchain/avr8/avr8-gnu-toolchain/bin/../lib/gcc/avr/5.4.0/avr5\libgcc.a(_udivmodsi4.o)
                              LIB/UTILS.o (__udivmodsi4)
e:/new folder/atmel/7.0/toolchain/avr8/avr8-gnu-toolchain/bin/../lib/gcc/avr/5.4.0/avr5\libgcc.a(_exit.o)
                              E:/New folder/Atmel/7.0/Packs/atmel/ATmega_DFP/1.6.364/gcc/dev/atmega32/avr5/crtatmega32.o (exit)
e:/new folder/atmel/7.0/toolchain/avr8/avr8-gnu-toolchain/bin/../lib/gcc/avr/5.4.0/avr5\libgcc.a(_tablejump2.o)
                              MCAL/TIMER/src/TIMER.o (__tablejump2__)
e:/new folder/atmel/7.0/toolchain/avr8/avr8-gnu-toolchain/bin/../lib/gcc/avr/5.4.0/avr5\libgcc.a(_copy_data.o)
                              FreeRTOS/Source/tasks.o (__do_copy_data)
e:/new folder/atmel/7.0/toolchain/avr8/avr8-gnu-toolchain/bin/../lib/gcc/avr/5.4.0/avr5\libgcc.a(_clear_bss.o)
                              FreeRTOS/Source/croutine.o (__do_clear_bss)
e:/new folder/atmel/7.0/toolchain/avr8/avr8-gnu-toolchain/bin/../lib/gcc/avr/5.4.0/avr5\libgcc.a(_umulhisi3.o)
                              APP/LCD_DISPLAY/src/DISPLAY.o (__umulhisi3)
e:/new folder/atmel/7.0/toolchain/avr8/avr8-gnu-toolchain/bin/../lib/gcc/avr/5.4.0/avr5\libgcc.a(_muluhisi3.o)
                              MCAL/TIMER/src/TIMER.o (__muluhisi3)
e:/new folder/atmel/7.0/toolchain/avr8/avr8-gnu-toolchain/bin/../lib/gcc/avr/5.4.0/../../../../avr/lib/avr5\libc.a(memcpy.o)
                              FreeRTOS/Source/queue.o (memcpy)

Discarded input sections

 .data          0x00000000        0x0 E:/New folder/Atmel/7.0/Packs/atmel/ATmega_DFP/1.6.364/gcc/dev/atmega32/avr5/crtatmega32.o
 .bss           0x00000000        0x0 E:/New folder/Atmel/7.0/Packs/atmel/ATmega_DFP/1.6.364/gcc/dev/atmega32/avr5/crtatmega32.o
 .text          0x00000000        0x0 FreeRTOS/Source/croutine.o
 .data          0x00000000        0x0 FreeRTOS/Source/croutine.o
 .bss           0x00000000        0x0 FreeRTOS/Source/croutine.o
 .text.prvInitialiseCoRoutineLists
                0x00000000       0x5e FreeRTOS/Source/croutine.o
 .text.prvCheckPendingReadyList
                0x00000000       0x6c FreeRTOS/Source/croutine.o
 .text.prvCheckDelayedList
                0x00000000      0x106 FreeRTOS/Source/croutine.o
 .text.xCoRoutineCreate
                0x00000000       0xba FreeRTOS/Source/croutine.o
 .text.vCoRoutineAddToDelayedList
                0x00000000       0x86 FreeRTOS/Source/croutine.o
 .text.vCoRoutineSchedule
                0x00000000       0xbe FreeRTOS/Source/croutine.o
 .text.xCoRoutineRemoveFromEventList
                0x00000000       0x4c FreeRTOS/Source/croutine.o
 .bss.xPassedTicks
                0x00000000        0x2 FreeRTOS/Source/croutine.o
 .bss.xLastTickCount
                0x00000000        0x2 FreeRTOS/Source/croutine.o
 .bss.xCoRoutineTickCount
                0x00000000        0x2 FreeRTOS/Source/croutine.o
 .bss.uxTopCoRoutineReadyPriority
                0x00000000        0x1 FreeRTOS/Source/croutine.o
 .bss.pxCurrentCoRoutine
                0x00000000        0x2 FreeRTOS/Source/croutine.o
 .bss.xPendingReadyCoRoutineList
                0x00000000        0x9 FreeRTOS/Source/croutine.o
 .bss.pxOverflowDelayedCoRoutineList
                0x00000000        0x2 FreeRTOS/Source/croutine.o
 .bss.pxDelayedCoRoutineList
                0x00000000        0x2 FreeRTOS/Source/croutine.o
 .bss.xDelayedCoRoutineList2
                0x00000000        0x9 FreeRTOS/Source/croutine.o
 .bss.xDelayedCoRoutineList1
                0x00000000        0x9 FreeRTOS/Source/croutine.o
 .bss.pxReadyCoRoutineLists
                0x00000000       0x12 FreeRTOS/Source/croutine.o
 .debug_info    0x00000000      0x72d FreeRTOS/Source/croutine.o
 .debug_abbrev  0x00000000      0x205 FreeRTOS/Source/croutine.o
 .debug_loc     0x00000000      0x3f0 FreeRTOS/Source/croutine.o
 .debug_aranges
                0x00000000       0x50 FreeRTOS/Source/croutine.o
 .debug_ranges  0x00000000       0x40 FreeRTOS/Source/croutine.o
 .debug_line    0x00000000      0x424 FreeRTOS/Source/croutine.o
 .debug_str     0x00000000      0x590 FreeRTOS/Source/croutine.o
 .comment       0x00000000       0x31 FreeRTOS/Source/croutine.o
 .debug_frame   0x00000000      0x100 FreeRTOS/Source/croutine.o
 .text          0x00000000        0x0 FreeRTOS/Source/event_groups.o
 .data          0x00000000        0x0 FreeRTOS/Source/event_groups.o
 .bss           0x00000000        0x0 FreeRTOS/Source/event_groups.o
 .text.prvTestWaitCondition
                0x00000000       0x26 FreeRTOS/Source/event_groups.o
 .text.xEventGroupCreate
                0x00000000       0x26 FreeRTOS/Source/event_groups.o
 .text.xEventGroupWaitBits
                0x00000000       0xe4 FreeRTOS/Source/event_groups.o
 .text.xEventGroupClearBits
                0x00000000       0x1e FreeRTOS/Source/event_groups.o
 .text.xEventGroupGetBitsFromISR
                0x00000000        0x8 FreeRTOS/Source/event_groups.o
 .text.xEventGroupSetBits
                0x00000000       0xc8 FreeRTOS/Source/event_groups.o
 .text.xEventGroupSync
                0x00000000       0xd6 FreeRTOS/Source/event_groups.o
 .text.vEventGroupDelete
                0x00000000       0x2e FreeRTOS/Source/event_groups.o
 .text.vEventGroupSetBitsCallback
                0x00000000        0x8 FreeRTOS/Source/event_groups.o
 .text.vEventGroupClearBitsCallback
                0x00000000        0x8 FreeRTOS/Source/event_groups.o
 .debug_info    0x00000000      0x8df FreeRTOS/Source/event_groups.o
 .debug_abbrev  0x00000000      0x1dc FreeRTOS/Source/event_groups.o
 .debug_loc     0x00000000      0xb41 FreeRTOS/Source/event_groups.o
 .debug_aranges
                0x00000000       0x68 FreeRTOS/Source/event_groups.o
 .debug_ranges  0x00000000       0x70 FreeRTOS/Source/event_groups.o
 .debug_line    0x00000000      0x475 FreeRTOS/Source/event_groups.o
 .debug_str     0x00000000      0x5da FreeRTOS/Source/event_groups.o
 .comment       0x00000000       0x31 FreeRTOS/Source/event_groups.o
 .debug_frame   0x00000000      0x15c FreeRTOS/Source/event_groups.o
 .text          0x00000000        0x0 FreeRTOS/Source/list.o
 .data          0x00000000        0x0 FreeRTOS/Source/list.o
 .bss           0x00000000        0x0 FreeRTOS/Source/list.o
 .text.vListInitialise
                0x00000000       0x1c FreeRTOS/Source/list.o
 .text.vListInitialiseItem
                0x00000000        0x8 FreeRTOS/Source/list.o
 .text.vListInsertEnd
                0x00000000       0x42 FreeRTOS/Source/list.o
 .text.vListInsert
                0x00000000       0x62 FreeRTOS/Source/list.o
 .text.uxListRemove
                0x00000000       0x4e FreeRTOS/Source/list.o
 .debug_info    0x00000000      0x2d8 FreeRTOS/Source/list.o
 .debug_abbrev  0x00000000       0xff FreeRTOS/Source/list.o
 .debug_loc     0x00000000      0x145 FreeRTOS/Source/list.o
 .debug_aranges
                0x00000000       0x40 FreeRTOS/Source/list.o
 .debug_ranges  0x00000000       0x30 FreeRTOS/Source/list.o
 .debug_line    0x00000000      0x249 FreeRTOS/Source/list.o
 .debug_str     0x00000000      0x305 FreeRTOS/Source/list.o
 .comment       0x00000000       0x31 FreeRTOS/Source/list.o
 .debug_frame   0x00000000       0x88 FreeRTOS/Source/list.o
 .text          0x00000000        0x0 FreeRTOS/Source/portable/GCC/ATMega323/port.o
 .data          0x00000000        0x0 FreeRTOS/Source/portable/GCC/ATMega323/port.o
 .bss           0x00000000        0x0 FreeRTOS/Source/portable/GCC/ATMega323/port.o
 .text.prvSetupTimerInterrupt
                0x00000000       0x12 FreeRTOS/Source/portable/GCC/ATMega323/port.o
 .text.pxPortInitialiseStack
                0x00000000       0xd8 FreeRTOS/Source/portable/GCC/ATMega323/port.o
 .text.xPortStartScheduler
                0x00000000       0x5e FreeRTOS/Source/portable/GCC/ATMega323/port.o
 .text.vPortEndScheduler
                0x00000000        0x2 FreeRTOS/Source/portable/GCC/ATMega323/port.o
 .text.vPortYield
                0x00000000       0xb2 FreeRTOS/Source/portable/GCC/ATMega323/port.o
 .text          0x00000000        0x0 FreeRTOS/Source/portable/MemMang/heap_4.o
 .data          0x00000000        0x0 FreeRTOS/Source/portable/MemMang/heap_4.o
 .bss           0x00000000        0x0 FreeRTOS/Source/portable/MemMang/heap_4.o
 .text.prvHeapInit
                0x00000000       0x52 FreeRTOS/Source/portable/MemMang/heap_4.o
 .text.prvInsertBlockIntoFreeList
                0x00000000       0x94 FreeRTOS/Source/portable/MemMang/heap_4.o
 .text.pvPortMalloc
                0x00000000      0x14c FreeRTOS/Source/portable/MemMang/heap_4.o
 .text.vPortFree
                0x00000000       0x7c FreeRTOS/Source/portable/MemMang/heap_4.o
 .text.xPortGetFreeHeapSize
                0x00000000        0xa FreeRTOS/Source/portable/MemMang/heap_4.o
 .text.xPortGetMinimumEverFreeHeapSize
                0x00000000        0xa FreeRTOS/Source/portable/MemMang/heap_4.o
 .text.vPortInitialiseBlocks
                0x00000000        0x2 FreeRTOS/Source/portable/MemMang/heap_4.o
 .text.vPortGetHeapStats
                0x00000000       0xc4 FreeRTOS/Source/portable/MemMang/heap_4.o
 .bss.xBlockAllocatedBit
                0x00000000        0x2 FreeRTOS/Source/portable/MemMang/heap_4.o
 .bss.xNumberOfSuccessfulFrees
                0x00000000        0x2 FreeRTOS/Source/portable/MemMang/heap_4.o
 .bss.xNumberOfSuccessfulAllocations
                0x00000000        0x2 FreeRTOS/Source/portable/MemMang/heap_4.o
 .bss.xMinimumEverFreeBytesRemaining
                0x00000000        0x2 FreeRTOS/Source/portable/MemMang/heap_4.o
 .bss.xFreeBytesRemaining
                0x00000000        0x2 FreeRTOS/Source/portable/MemMang/heap_4.o
 .bss.pxEnd     0x00000000        0x2 FreeRTOS/Source/portable/MemMang/heap_4.o
 .bss.xStart    0x00000000        0x4 FreeRTOS/Source/portable/MemMang/heap_4.o
 .bss.ucHeap    0x00000000      0x5dc FreeRTOS/Source/portable/MemMang/heap_4.o
 .debug_info    0x00000000      0x4b6 FreeRTOS/Source/portable/MemMang/heap_4.o
 .debug_abbrev  0x00000000      0x1e4 FreeRTOS/Source/portable/MemMang/heap_4.o
 .debug_loc     0x00000000      0x4be FreeRTOS/Source/portable/MemMang/heap_4.o
 .debug_aranges
                0x00000000       0x58 FreeRTOS/Source/portable/MemMang/heap_4.o
 .debug_ranges  0x00000000       0x48 FreeRTOS/Source/portable/MemMang/heap_4.o
 .debug_line    0x00000000      0x482 FreeRTOS/Source/portable/MemMang/heap_4.o
 .debug_str     0x00000000      0x4ca FreeRTOS/Source/portable/MemMang/heap_4.o
 .comment       0x00000000       0x31 FreeRTOS/Source/portable/MemMang/heap_4.o
 .debug_frame   0x00000000       0xfc FreeRTOS/Source/portable/MemMang/heap_4.o
 .text          0x00000000        0x0 FreeRTOS/Source/queue.o
 .data          0x00000000        0x0 FreeRTOS/Source/queue.o
 .bss           0x00000000        0x0 FreeRTOS/Source/queue.o
 .text.prvIsQueueEmpty
                0x00000000       0x1a FreeRTOS/Source/queue.o
 .text.prvIsQueueFull
                0x00000000       0x1c FreeRTOS/Source/queue.o
 .text.prvCopyDataToQueue
                0x00000000       0x92 FreeRTOS/Source/queue.o
 .text.prvCopyDataFromQueue
                0x00000000       0x34 FreeRTOS/Source/queue.o
 .text.prvUnlockQueue
                0x00000000       0x68 FreeRTOS/Source/queue.o
 .text.xQueueGenericReset
                0x00000000       0xc0 FreeRTOS/Source/queue.o
 .text.prvInitialiseNewQueue
                0x00000000       0x26 FreeRTOS/Source/queue.o
 .text.xQueueGenericCreate
                0x00000000       0x82 FreeRTOS/Source/queue.o
 .text.xQueueGenericSend
                0x00000000      0x124 FreeRTOS/Source/queue.o
 .text.xQueueGenericSendFromISR
                0x00000000       0x78 FreeRTOS/Source/queue.o
 .text.xQueueGiveFromISR
                0x00000000       0x52 FreeRTOS/Source/queue.o
 .text.xQueueReceive
                0x00000000      0x11e FreeRTOS/Source/queue.o
 .text.xQueueSemaphoreTake
                0x00000000      0x106 FreeRTOS/Source/queue.o
 .text.xQueuePeek
                0x00000000      0x122 FreeRTOS/Source/queue.o
 .text.xQueueReceiveFromISR
                0x00000000       0x6e FreeRTOS/Source/queue.o
 .text.xQueuePeekFromISR
                0x00000000       0x2e FreeRTOS/Source/queue.o
 .text.uxQueueMessagesWaiting
                0x00000000       0x10 FreeRTOS/Source/queue.o
 .text.uxQueueSpacesAvailable
                0x00000000       0x16 FreeRTOS/Source/queue.o
 .text.uxQueueMessagesWaitingFromISR
                0x00000000        0x6 FreeRTOS/Source/queue.o
 .text.vQueueDelete
                0x00000000        0x6 FreeRTOS/Source/queue.o
 .text.xQueueIsQueueEmptyFromISR
                0x00000000       0x10 FreeRTOS/Source/queue.o
 .text.xQueueIsQueueFullFromISR
                0x00000000       0x12 FreeRTOS/Source/queue.o
 .text.xQueueCRSend
                0x00000000       0x80 FreeRTOS/Source/queue.o
 .text.xQueueCRReceive
                0x00000000       0x92 FreeRTOS/Source/queue.o
 .text.xQueueCRSendFromISR
                0x00000000       0x4c FreeRTOS/Source/queue.o
 .text.xQueueCRReceiveFromISR
                0x00000000       0x82 FreeRTOS/Source/queue.o
 .debug_info    0x00000000     0x177f FreeRTOS/Source/queue.o
 .debug_abbrev  0x00000000      0x227 FreeRTOS/Source/queue.o
 .debug_loc     0x00000000     0x1ee5 FreeRTOS/Source/queue.o
 .debug_aranges
                0x00000000       0xe8 FreeRTOS/Source/queue.o
 .debug_ranges  0x00000000      0x120 FreeRTOS/Source/queue.o
 .debug_line    0x00000000      0xcb6 FreeRTOS/Source/queue.o
 .debug_str     0x00000000      0x872 FreeRTOS/Source/queue.o
 .comment       0x00000000       0x31 FreeRTOS/Source/queue.o
 .debug_frame   0x00000000      0x37c FreeRTOS/Source/queue.o
 .text          0x00000000        0x0 FreeRTOS/Source/stream_buffer.o
 .data          0x00000000        0x0 FreeRTOS/Source/stream_buffer.o
 .bss           0x00000000        0x0 FreeRTOS/Source/stream_buffer.o
 .text.prvBytesInBuffer
                0x00000000       0x26 FreeRTOS/Source/stream_buffer.o
 .text.prvInitialiseNewStreamBuffer
                0x00000000       0x20 FreeRTOS/Source/stream_buffer.o
 .text.prvWriteBytesToBuffer
                0x00000000       0x88 FreeRTOS/Source/stream_buffer.o
 .text.prvWriteMessageToBuffer
                0x00000000       0x90 FreeRTOS/Source/stream_buffer.o
 .text.prvReadBytesFromBuffer
                0x00000000       0x88 FreeRTOS/Source/stream_buffer.o
 .text.prvReadMessageFromBuffer
                0x00000000       0x90 FreeRTOS/Source/stream_buffer.o
 .text.xStreamBufferGenericCreate
                0x00000000       0x68 FreeRTOS/Source/stream_buffer.o
 .text.vStreamBufferDelete
                0x00000000       0x1a FreeRTOS/Source/stream_buffer.o
 .text.xStreamBufferReset
                0x00000000       0x3e FreeRTOS/Source/stream_buffer.o
 .text.xStreamBufferSetTriggerLevel
                0x00000000       0x22 FreeRTOS/Source/stream_buffer.o
 .text.xStreamBufferSpacesAvailable
                0x00000000       0x34 FreeRTOS/Source/stream_buffer.o
 .text.xStreamBufferBytesAvailable
                0x00000000        0x6 FreeRTOS/Source/stream_buffer.o
 .text.xStreamBufferSend
                0x00000000      0x174 FreeRTOS/Source/stream_buffer.o
 .text.xStreamBufferSendFromISR
                0x00000000       0x8e FreeRTOS/Source/stream_buffer.o
 .text.xStreamBufferReceive
                0x00000000      0x102 FreeRTOS/Source/stream_buffer.o
 .text.xStreamBufferNextMessageLengthBytes
                0x00000000       0x54 FreeRTOS/Source/stream_buffer.o
 .text.xStreamBufferReceiveFromISR
                0x00000000       0x8a FreeRTOS/Source/stream_buffer.o
 .text.xStreamBufferIsEmpty
                0x00000000       0x18 FreeRTOS/Source/stream_buffer.o
 .text.xStreamBufferIsFull
                0x00000000       0x2c FreeRTOS/Source/stream_buffer.o
 .text.xStreamBufferSendCompletedFromISR
                0x00000000       0x4c FreeRTOS/Source/stream_buffer.o
 .text.xStreamBufferReceiveCompletedFromISR
                0x00000000       0x4c FreeRTOS/Source/stream_buffer.o
 .debug_info    0x00000000     0x12b9 FreeRTOS/Source/stream_buffer.o
 .debug_abbrev  0x00000000      0x22a FreeRTOS/Source/stream_buffer.o
 .debug_loc     0x00000000     0x1bac FreeRTOS/Source/stream_buffer.o
 .debug_aranges
                0x00000000       0xc0 FreeRTOS/Source/stream_buffer.o
 .debug_ranges  0x00000000       0xb0 FreeRTOS/Source/stream_buffer.o
 .debug_line    0x00000000      0x7d2 FreeRTOS/Source/stream_buffer.o
 .debug_str     0x00000000      0x7fb FreeRTOS/Source/stream_buffer.o
 .comment       0x00000000       0x31 FreeRTOS/Source/stream_buffer.o
 .debug_frame   0x00000000      0x3e8 FreeRTOS/Source/stream_buffer.o
 .text          0x00000000        0x0 FreeRTOS/Source/tasks.o
 .data          0x00000000        0x0 FreeRTOS/Source/tasks.o
 .bss           0x00000000        0x0 FreeRTOS/Source/tasks.o
 .text.prvDeleteTCB
                0x00000000       0x1a FreeRTOS/Source/tasks.o
 .text.prvInitialiseNewTask
                0x00000000       0xfc FreeRTOS/Source/tasks.o
 .text.prvInitialiseTaskLists
                0x00000000       0x66 FreeRTOS/Source/tasks.o
 .text.prvAddNewTaskToReadyList
                0x00000000       0xfa FreeRTOS/Source/tasks.o
 .text.prvCheckTasksWaitingTermination
                0x00000000       0x4c FreeRTOS/Source/tasks.o
 .text.prvIdleTask
                0x00000000       0x12 FreeRTOS/Source/tasks.o
 .text.prvAddCurrentTaskToDelayedList
                0x00000000       0x88 FreeRTOS/Source/tasks.o
 .text.xTaskCreate
                0x00000000       0xa8 FreeRTOS/Source/tasks.o
 .text.vTaskDelete
                0x00000000       0xa2 FreeRTOS/Source/tasks.o
 .rodata.str1.1
                0x00000000        0x5 FreeRTOS/Source/tasks.o
 .text.vTaskStartScheduler
                0x00000000       0x58 FreeRTOS/Source/tasks.o
 .text.vTaskEndScheduler
                0x00000000        0xc FreeRTOS/Source/tasks.o
 .text.vTaskSuspendAll
                0x00000000        0xc FreeRTOS/Source/tasks.o
 .text.xTaskGetTickCount
                0x00000000       0x14 FreeRTOS/Source/tasks.o
 .text.xTaskGetTickCountFromISR
                0x00000000        0xa FreeRTOS/Source/tasks.o
 .text.uxTaskGetNumberOfTasks
                0x00000000        0x6 FreeRTOS/Source/tasks.o
 .text.pcTaskGetName
                0x00000000       0x10 FreeRTOS/Source/tasks.o
 .text.xTaskResumeAll
                0x00000000      0x1aa FreeRTOS/Source/tasks.o
 .text.xTaskDelayUntil
                0x00000000       0x84 FreeRTOS/Source/tasks.o
 .text.vTaskDelay
                0x00000000       0x2c FreeRTOS/Source/tasks.o
 .text.xTaskCatchUpTicks
                0x00000000       0x28 FreeRTOS/Source/tasks.o
 .text.vTaskPlaceOnEventList
                0x00000000       0x24 FreeRTOS/Source/tasks.o
 .text.vTaskPlaceOnUnorderedEventList
                0x00000000       0x8c FreeRTOS/Source/tasks.o
 .text.xTaskRemoveFromEventList
                0x00000000      0x17a FreeRTOS/Source/tasks.o
 .text.vTaskRemoveFromUnorderedEventList
                0x00000000      0x14c FreeRTOS/Source/tasks.o
 .text.vTaskSetTimeOutState
                0x00000000       0x20 FreeRTOS/Source/tasks.o
 .text.vTaskInternalSetTimeOutState
                0x00000000       0x16 FreeRTOS/Source/tasks.o
 .text.xTaskCheckForTimeOut
                0x00000000       0x64 FreeRTOS/Source/tasks.o
 .text.vTaskMissedYield
                0x00000000        0x8 FreeRTOS/Source/tasks.o
 .text.uxTaskResetEventItemValue
                0x00000000       0x2e FreeRTOS/Source/tasks.o
 .text.ulTaskGenericNotifyTake
                0x00000000      0x106 FreeRTOS/Source/tasks.o
 .text.xTaskGenericNotifyWait
                0x00000000      0x142 FreeRTOS/Source/tasks.o
 .text.xTaskGenericNotify
                0x00000000      0x20a FreeRTOS/Source/tasks.o
 .text.xTaskGenericNotifyFromISR
                0x00000000      0x260 FreeRTOS/Source/tasks.o
 .text.vTaskGenericNotifyGiveFromISR
                0x00000000      0x194 FreeRTOS/Source/tasks.o
 .text.xTaskGenericNotifyStateClear
                0x00000000       0x34 FreeRTOS/Source/tasks.o
 .text.ulTaskGenericNotifyValueClear
                0x00000000       0x6c FreeRTOS/Source/tasks.o
 .data.uxTopUsedPriority
                0x00000000        0x1 FreeRTOS/Source/tasks.o
 .bss.xIdleTaskHandle
                0x00000000        0x2 FreeRTOS/Source/tasks.o
 .bss.uxTaskNumber
                0x00000000        0x1 FreeRTOS/Source/tasks.o
 .bss.xSchedulerRunning
                0x00000000        0x1 FreeRTOS/Source/tasks.o
 .bss.uxCurrentNumberOfTasks
                0x00000000        0x1 FreeRTOS/Source/tasks.o
 .bss.uxDeletedTasksWaitingCleanUp
                0x00000000        0x1 FreeRTOS/Source/tasks.o
 .bss.xTasksWaitingTermination
                0x00000000        0x9 FreeRTOS/Source/tasks.o
 .bss.xPendingReadyList
                0x00000000        0x9 FreeRTOS/Source/tasks.o
 .bss.xDelayedTaskList2
                0x00000000        0x9 FreeRTOS/Source/tasks.o
 .bss.xDelayedTaskList1
                0x00000000        0x9 FreeRTOS/Source/tasks.o
 .text          0x00000000        0x0 FreeRTOS/Source/timers.o
 .data          0x00000000        0x0 FreeRTOS/Source/timers.o
 .bss           0x00000000        0x0 FreeRTOS/Source/timers.o
 .debug_info    0x00000000       0x64 FreeRTOS/Source/timers.o
 .debug_abbrev  0x00000000       0x26 FreeRTOS/Source/timers.o
 .debug_aranges
                0x00000000       0x18 FreeRTOS/Source/timers.o
 .debug_line    0x00000000       0x1a FreeRTOS/Source/timers.o
 .debug_str     0x00000000      0x1c4 FreeRTOS/Source/timers.o
 .comment       0x00000000       0x31 FreeRTOS/Source/timers.o
 .text          0x00000000        0x0 HAL/EEPROM_Proxy/src/EEPROM_Proxy.o
 .data          0x00000000        0x0 HAL/EEPROM_Proxy/src/EEPROM_Proxy.o
 .bss           0x00000000        0x0 HAL/EEPROM_Proxy/src/EEPROM_Proxy.o
 .text.EEPROM_ProxySaveToMemory
                0x00000000       0x40 HAL/EEPROM_Proxy/src/EEPROM_Proxy.o
 .text.EEPROM_ProxyLoadFromMemory
                0x00000000       0x7a HAL/EEPROM_Proxy/src/EEPROM_Proxy.o
 .text.EEPROM_EraseSection
                0x00000000        0xa HAL/EEPROM_Proxy/src/EEPROM_Proxy.o
 .debug_info    0x00000000      0x2b0 HAL/EEPROM_Proxy/src/EEPROM_Proxy.o
 .debug_abbrev  0x00000000       0xe8 HAL/EEPROM_Proxy/src/EEPROM_Proxy.o
 .debug_loc     0x00000000      0x31b HAL/EEPROM_Proxy/src/EEPROM_Proxy.o
 .debug_aranges
                0x00000000       0x30 HAL/EEPROM_Proxy/src/EEPROM_Proxy.o
 .debug_ranges  0x00000000       0x20 HAL/EEPROM_Proxy/src/EEPROM_Proxy.o
 .debug_line    0x00000000      0x181 HAL/EEPROM_Proxy/src/EEPROM_Proxy.o
 .debug_str     0x00000000      0x2da HAL/EEPROM_Proxy/src/EEPROM_Proxy.o
 .comment       0x00000000       0x31 HAL/EEPROM_Proxy/src/EEPROM_Proxy.o
 .debug_frame   0x00000000       0x88 HAL/EEPROM_Proxy/src/EEPROM_Proxy.o
 .text          0x00000000        0x0 HAL/LCD/src/LCD.o
 .data          0x00000000        0x0 HAL/LCD/src/LCD.o
 .bss           0x00000000        0x0 HAL/LCD/src/LCD.o
 .text.LCD_SendCommand
                0x00000000      0x1c4 HAL/LCD/src/LCD.o
 .text.LCD_ReadDispLoc
                0x00000000      0x2f6 HAL/LCD/src/LCD.o
 .text.LCD_SendData
                0x00000000      0x174 HAL/LCD/src/LCD.o
 .text.LCD_Init
                0x00000000      0x274 HAL/LCD/src/LCD.o
 .text.LCD_SendString
                0x00000000       0x3a HAL/LCD/src/LCD.o
 .text.LCD_SendNumber
                0x00000000       0x4e HAL/LCD/src/LCD.o
 .bss.Character.1807
                0x00000000        0x1 HAL/LCD/src/LCD.o
 .data.State.1806
                0x00000000        0x1 HAL/LCD/src/LCD.o
 .bss.Number.1790
                0x00000000        0x1 HAL/LCD/src/LCD.o
 .data.State.1767
                0x00000000        0x1 HAL/LCD/src/LCD.o
 .data.State.1753
                0x00000000        0x1 HAL/LCD/src/LCD.o
 .data.State.1734
                0x00000000        0x1 HAL/LCD/src/LCD.o
 .debug_info    0x00000000     0x1157 HAL/LCD/src/LCD.o
 .debug_abbrev  0x00000000      0x1a2 HAL/LCD/src/LCD.o
 .debug_loc     0x00000000      0x7db HAL/LCD/src/LCD.o
 .debug_aranges
                0x00000000       0x48 HAL/LCD/src/LCD.o
 .debug_ranges  0x00000000       0x38 HAL/LCD/src/LCD.o
 .debug_line    0x00000000      0x645 HAL/LCD/src/LCD.o
 .debug_str     0x00000000      0x449 HAL/LCD/src/LCD.o
 .comment       0x00000000       0x31 HAL/LCD/src/LCD.o
 .debug_frame   0x00000000      0x138 HAL/LCD/src/LCD.o
 .text          0x00000000        0x0 HAL/LCD/src/LCD_Lcfg.o
 .data          0x00000000        0x0 HAL/LCD/src/LCD_Lcfg.o
 .bss           0x00000000        0x0 HAL/LCD/src/LCD_Lcfg.o
 .rodata.gastr_LCD_8_Config
                0x00000000        0xd HAL/LCD/src/LCD_Lcfg.o
 .rodata.gastr_LCD_Config
                0x00000000        0x8 HAL/LCD/src/LCD_Lcfg.o
 .debug_info    0x00000000      0x28e HAL/LCD/src/LCD_Lcfg.o
 .debug_abbrev  0x00000000       0x95 HAL/LCD/src/LCD_Lcfg.o
 .debug_aranges
                0x00000000       0x18 HAL/LCD/src/LCD_Lcfg.o
 .debug_line    0x00000000       0xb0 HAL/LCD/src/LCD_Lcfg.o
 .debug_str     0x00000000      0x312 HAL/LCD/src/LCD_Lcfg.o
 .comment       0x00000000       0x31 HAL/LCD/src/LCD_Lcfg.o
 .text          0x00000000        0x0 LIB/UTILS.o
 .data          0x00000000        0x0 LIB/UTILS.o
 .bss           0x00000000        0x0 LIB/UTILS.o
 .text.dummy_delay
                0x00000000       0x54 LIB/UTILS.o
 .text.StringCompare
                0x00000000       0x42 LIB/UTILS.o
 .text.STR_CharIsNumeric
                0x00000000       0x16 LIB/UTILS.o
 .text.STR_StringIsNumeric
                0x00000000       0x54 LIB/UTILS.o
 .text.STR_CompareString
                0x00000000       0x40 LIB/UTILS.o
 .text.STR_String2Number
                0x00000000       0x80 LIB/UTILS.o
 .text.STR_StringReverse
                0x00000000       0x26 LIB/UTILS.o
 .text.STR_Number2String
                0x00000000       0x56 LIB/UTILS.o
 .text.CRC_16_Chk
                0x00000000      0x314 LIB/UTILS.o
 .text          0x00000000        0x0 MCAL/DIO/src/DIO.o
 .data          0x00000000        0x0 MCAL/DIO/src/DIO.o
 .bss           0x00000000        0x0 MCAL/DIO/src/DIO.o
 .text.DIO_SetPinDirection
                0x00000000       0xd2 MCAL/DIO/src/DIO.o
 .text.DIO_WritePin
                0x00000000       0xd2 MCAL/DIO/src/DIO.o
 .text.DIO_TogglePin
                0x00000000       0x7c MCAL/DIO/src/DIO.o
 .text.DIO_ReadPin
                0x00000000       0x86 MCAL/DIO/src/DIO.o
 .text.DIO_EnablePinPullup
                0x00000000       0x7c MCAL/DIO/src/DIO.o
 .debug_info    0x00000000      0x2d9 MCAL/DIO/src/DIO.o
 .debug_abbrev  0x00000000       0xbf MCAL/DIO/src/DIO.o
 .debug_loc     0x00000000      0x4ea MCAL/DIO/src/DIO.o
 .debug_aranges
                0x00000000       0x40 MCAL/DIO/src/DIO.o
 .debug_ranges  0x00000000       0x30 MCAL/DIO/src/DIO.o
 .debug_line    0x00000000      0x304 MCAL/DIO/src/DIO.o
 .debug_str     0x00000000      0x318 MCAL/DIO/src/DIO.o
 .comment       0x00000000       0x31 MCAL/DIO/src/DIO.o
 .debug_frame   0x00000000       0x64 MCAL/DIO/src/DIO.o
 .text          0x00000000        0x0 MCAL/EEPROM/src/EEPROM.o
 .data          0x00000000        0x0 MCAL/EEPROM/src/EEPROM.o
 .bss           0x00000000        0x0 MCAL/EEPROM/src/EEPROM.o
 .text.EEPROM_Read
                0x00000000       0x22 MCAL/EEPROM/src/EEPROM.o
 .text.EEPROM_Write
                0x00000000       0x24 MCAL/EEPROM/src/EEPROM.o
 .debug_info    0x00000000      0x14a MCAL/EEPROM/src/EEPROM.o
 .debug_abbrev  0x00000000       0xc3 MCAL/EEPROM/src/EEPROM.o
 .debug_loc     0x00000000       0x95 MCAL/EEPROM/src/EEPROM.o
 .debug_aranges
                0x00000000       0x28 MCAL/EEPROM/src/EEPROM.o
 .debug_ranges  0x00000000       0x18 MCAL/EEPROM/src/EEPROM.o
 .debug_line    0x00000000       0xf8 MCAL/EEPROM/src/EEPROM.o
 .debug_str     0x00000000      0x21d MCAL/EEPROM/src/EEPROM.o
 .comment       0x00000000       0x31 MCAL/EEPROM/src/EEPROM.o
 .debug_frame   0x00000000       0x34 MCAL/EEPROM/src/EEPROM.o
 .text          0x00000000        0x0 MCAL/PWM/src/PWM.o
 .data          0x00000000        0x0 MCAL/PWM/src/PWM.o
 .bss           0x00000000        0x0 MCAL/PWM/src/PWM.o
 .text.PWM_Init
                0x00000000       0x62 MCAL/PWM/src/PWM.o
 .text.PWM_Start
                0x00000000       0x18 MCAL/PWM/src/PWM.o
 .text.PWM_Stop
                0x00000000       0x12 MCAL/PWM/src/PWM.o
 .text.PWM_Connect
                0x00000000       0x22 MCAL/PWM/src/PWM.o
 .text.PWM_Disconnect
                0x00000000       0x12 MCAL/PWM/src/PWM.o
 .text.PWM_SetDuty
                0x00000000       0x58 MCAL/PWM/src/PWM.o
 .debug_info    0x00000000      0x385 MCAL/PWM/src/PWM.o
 .debug_abbrev  0x00000000      0x11c MCAL/PWM/src/PWM.o
 .debug_loc     0x00000000      0x25b MCAL/PWM/src/PWM.o
 .debug_aranges
                0x00000000       0x48 MCAL/PWM/src/PWM.o
 .debug_ranges  0x00000000       0x38 MCAL/PWM/src/PWM.o
 .debug_line    0x00000000      0x232 MCAL/PWM/src/PWM.o
 .debug_str     0x00000000      0x3f5 MCAL/PWM/src/PWM.o
 .comment       0x00000000       0x31 MCAL/PWM/src/PWM.o
 .debug_frame   0x00000000       0x74 MCAL/PWM/src/PWM.o
 .text          0x00000000        0x0 MCAL/PWM/src/PWM_Lcfg.o
 .data          0x00000000        0x0 MCAL/PWM/src/PWM_Lcfg.o
 .bss           0x00000000        0x0 MCAL/PWM/src/PWM_Lcfg.o
 .data.gastr_PWMConfig
                0x00000000        0xc MCAL/PWM/src/PWM_Lcfg.o
 .debug_info    0x00000000      0x185 MCAL/PWM/src/PWM_Lcfg.o
 .debug_abbrev  0x00000000       0x8e MCAL/PWM/src/PWM_Lcfg.o
 .debug_aranges
                0x00000000       0x18 MCAL/PWM/src/PWM_Lcfg.o
 .debug_line    0x00000000       0x99 MCAL/PWM/src/PWM_Lcfg.o
 .debug_str     0x00000000      0x342 MCAL/PWM/src/PWM_Lcfg.o
 .comment       0x00000000       0x31 MCAL/PWM/src/PWM_Lcfg.o
 .text          0x00000000        0x0 MCAL/TIMER/src/TIMER.o
 .data          0x00000000        0x0 MCAL/TIMER/src/TIMER.o
 .bss           0x00000000        0x0 MCAL/TIMER/src/TIMER.o
 .text.GetFreqPrescaleRatio
                0x00000000      0x17a MCAL/TIMER/src/TIMER.o
 .progmem.gcc_sw_table.GetFreqPrescaleRatio
                0x00000000        0xe MCAL/TIMER/src/TIMER.o
 .text.TIM_Init
                0x00000000       0x98 MCAL/TIMER/src/TIMER.o
 .text.TIM_Start
                0x00000000       0x4e MCAL/TIMER/src/TIMER.o
 .text.TIM_Stop
                0x00000000       0x2a MCAL/TIMER/src/TIMER.o
 .text.TIM_GetStatus
                0x00000000      0x128 MCAL/TIMER/src/TIMER.o
 .text.TIM_DelayUs
                0x00000000       0xfc MCAL/TIMER/src/TIMER.o
 .text.TIM_DelayMs
                0x00000000      0x122 MCAL/TIMER/src/TIMER.o
 .text.TIM_DelayStatus
                0x00000000       0xc2 MCAL/TIMER/src/TIMER.o
 .bss.gptr_CallerFunc
                0x00000000        0x2 MCAL/TIMER/src/TIMER.o
 .bss.gEnu_State
                0x00000000        0x1 MCAL/TIMER/src/TIMER.o
 .bss.gu8_Remindar
                0x00000000        0x1 MCAL/TIMER/src/TIMER.o
 .bss.gu8_OverflowsComplete
                0x00000000        0x1 MCAL/TIMER/src/TIMER.o
 .bss.gu32_Overflows
                0x00000000        0x4 MCAL/TIMER/src/TIMER.o
 .debug_info    0x00000000      0x595 MCAL/TIMER/src/TIMER.o
 .debug_abbrev  0x00000000      0x1c5 MCAL/TIMER/src/TIMER.o
 .debug_loc     0x00000000      0x6e3 MCAL/TIMER/src/TIMER.o
 .debug_aranges
                0x00000000       0x58 MCAL/TIMER/src/TIMER.o
 .debug_ranges  0x00000000       0x48 MCAL/TIMER/src/TIMER.o
 .debug_line    0x00000000      0x5bc MCAL/TIMER/src/TIMER.o
 .debug_str     0x00000000      0x400 MCAL/TIMER/src/TIMER.o
 .comment       0x00000000       0x31 MCAL/TIMER/src/TIMER.o
 .debug_frame   0x00000000      0x12c MCAL/TIMER/src/TIMER.o
 .text          0x00000000        0x0 MCAL/TIMER/src/TIMER_Lcfg.o
 .data          0x00000000        0x0 MCAL/TIMER/src/TIMER_Lcfg.o
 .bss           0x00000000        0x0 MCAL/TIMER/src/TIMER_Lcfg.o
 .rodata.gastr_Timer_Config
                0x00000000        0x9 MCAL/TIMER/src/TIMER_Lcfg.o
 .debug_info    0x00000000       0xe4 MCAL/TIMER/src/TIMER_Lcfg.o
 .debug_abbrev  0x00000000       0x7b MCAL/TIMER/src/TIMER_Lcfg.o
 .debug_aranges
                0x00000000       0x18 MCAL/TIMER/src/TIMER_Lcfg.o
 .debug_line    0x00000000       0xa1 MCAL/TIMER/src/TIMER_Lcfg.o
 .debug_str     0x00000000      0x223 MCAL/TIMER/src/TIMER_Lcfg.o
 .comment       0x00000000       0x31 MCAL/TIMER/src/TIMER_Lcfg.o
 .text          0x00000000        0x0 APP/LCD_DISPLAY/src/DISPLAY.o
 .data          0x00000000        0x0 APP/LCD_DISPLAY/src/DISPLAY.o
 .bss           0x00000000        0x0 APP/LCD_DISPLAY/src/DISPLAY.o
 .text.DISPLAY_START_SHIFTING
                0x00000000       0x96 APP/LCD_DISPLAY/src/DISPLAY.o
 .rodata.str1.1
                0x00000000       0x58 APP/LCD_DISPLAY/src/DISPLAY.o
 .text.DISPLAY_MainFunction
                0x00000000      0x62e APP/LCD_DISPLAY/src/DISPLAY.o
 .progmem.gcc_sw_table.DISPLAY_MainFunction
                0x00000000       0x10 APP/LCD_DISPLAY/src/DISPLAY.o
 .bss.Counter.1754
                0x00000000        0x1 APP/LCD_DISPLAY/src/DISPLAY.o
 .data.Last_state.1753
                0x00000000        0x1 APP/LCD_DISPLAY/src/DISPLAY.o
 .bss.RemainingSeconds
                0x00000000        0x4 APP/LCD_DISPLAY/src/DISPLAY.o
 .bss.WrongPassEntries
                0x00000000        0x1 APP/LCD_DISPLAY/src/DISPLAY.o
 .data.LastShiftingState
                0x00000000        0x1 APP/LCD_DISPLAY/src/DISPLAY.o
 .data.Shifting_State
                0x00000000        0x1 APP/LCD_DISPLAY/src/DISPLAY.o
 .bss.Number_of_Asteriks
                0x00000000        0x1 APP/LCD_DISPLAY/src/DISPLAY.o
 .bss.Position  0x00000000        0x1 APP/LCD_DISPLAY/src/DISPLAY.o
 .debug_info    0x00000000      0x9b6 APP/LCD_DISPLAY/src/DISPLAY.o
 .debug_abbrev  0x00000000      0x10d APP/LCD_DISPLAY/src/DISPLAY.o
 .debug_loc     0x00000000      0x152 APP/LCD_DISPLAY/src/DISPLAY.o
 .debug_aranges
                0x00000000       0x28 APP/LCD_DISPLAY/src/DISPLAY.o
 .debug_ranges  0x00000000       0x18 APP/LCD_DISPLAY/src/DISPLAY.o
 .debug_line    0x00000000      0x66d APP/LCD_DISPLAY/src/DISPLAY.o
 .debug_str     0x00000000      0x332 APP/LCD_DISPLAY/src/DISPLAY.o
 .comment       0x00000000       0x31 APP/LCD_DISPLAY/src/DISPLAY.o
 .debug_frame   0x00000000       0x70 APP/LCD_DISPLAY/src/DISPLAY.o
 .text          0x00000000        0x0 APP/LCD_DISPLAY/src/DISPLAY_Interface.o
 .data          0x00000000        0x0 APP/LCD_DISPLAY/src/DISPLAY_Interface.o
 .bss           0x00000000        0x0 APP/LCD_DISPLAY/src/DISPLAY_Interface.o
 .text.DISPLAY_GetState
                0x00000000        0xa APP/LCD_DISPLAY/src/DISPLAY_Interface.o
 .text.DISPLAY_GetNumber_of_Asterisk
                0x00000000        0xa APP/LCD_DISPLAY/src/DISPLAY_Interface.o
 .text.DISPLAY_SetState
                0x00000000        0x6 APP/LCD_DISPLAY/src/DISPLAY_Interface.o
 .text.DISPLAY_SetNumber_of_Asterisk
                0x00000000        0x6 APP/LCD_DISPLAY/src/DISPLAY_Interface.o
 .bss.Number_of_Asteriks
                0x00000000        0x1 APP/LCD_DISPLAY/src/DISPLAY_Interface.o
 .data.State    0x00000000        0x1 APP/LCD_DISPLAY/src/DISPLAY_Interface.o
 .debug_info    0x00000000      0x14d APP/LCD_DISPLAY/src/DISPLAY_Interface.o
 .debug_abbrev  0x00000000       0x7a APP/LCD_DISPLAY/src/DISPLAY_Interface.o
 .debug_aranges
                0x00000000       0x38 APP/LCD_DISPLAY/src/DISPLAY_Interface.o
 .debug_ranges  0x00000000       0x28 APP/LCD_DISPLAY/src/DISPLAY_Interface.o
 .debug_line    0x00000000       0xbf APP/LCD_DISPLAY/src/DISPLAY_Interface.o
 .debug_str     0x00000000      0x258 APP/LCD_DISPLAY/src/DISPLAY_Interface.o
 .comment       0x00000000       0x31 APP/LCD_DISPLAY/src/DISPLAY_Interface.o
 .debug_frame   0x00000000       0x54 APP/LCD_DISPLAY/src/DISPLAY_Interface.o
 .text          0x00000000        0x0 APP/STORAGE/src/STORAGE.o
 .data          0x00000000        0x0 APP/STORAGE/src/STORAGE.o
 .bss           0x00000000        0x0 APP/STORAGE/src/STORAGE.o
 .text.STORAGE_MAC_Save
                0x00000000       0x32 APP/STORAGE/src/STORAGE.o
 .text.STORAGE_MAC_Load
                0x00000000       0x10 APP/STORAGE/src/STORAGE.o
 .text.STORAGE_DataPacket_Save
                0x00000000       0x32 APP/STORAGE/src/STORAGE.o
 .text.STORAGE_DataPacket_Load
                0x00000000       0x10 APP/STORAGE/src/STORAGE.o
 .text.STORAGE_Password_Save
                0x00000000       0x32 APP/STORAGE/src/STORAGE.o
 .text.STORAGE_Password_Load
                0x00000000       0x10 APP/STORAGE/src/STORAGE.o
 .text.STORAGE_MAC_ERASE
                0x00000000        0xa APP/STORAGE/src/STORAGE.o
 .debug_info    0x00000000      0x3aa APP/STORAGE/src/STORAGE.o
 .debug_abbrev  0x00000000       0xd0 APP/STORAGE/src/STORAGE.o
 .debug_loc     0x00000000      0x2f2 APP/STORAGE/src/STORAGE.o
 .debug_aranges
                0x00000000       0x50 APP/STORAGE/src/STORAGE.o
 .debug_ranges  0x00000000       0x40 APP/STORAGE/src/STORAGE.o
 .debug_line    0x00000000      0x186 APP/STORAGE/src/STORAGE.o
 .debug_str     0x00000000      0x2ca APP/STORAGE/src/STORAGE.o
 .comment       0x00000000       0x31 APP/STORAGE/src/STORAGE.o
 .debug_frame   0x00000000       0xb4 APP/STORAGE/src/STORAGE.o
 .text          0x00000000        0x0 main.o
 .data          0x00000000        0x0 main.o
 .bss           0x00000000        0x0 main.o
 .data.retValofChk
                0x00000000        0x1 main.o
 .text          0x00000000        0x0 e:/new folder/atmel/7.0/toolchain/avr8/avr8-gnu-toolchain/bin/../lib/gcc/avr/5.4.0/../../../../avr/lib/avr5\libm.a(addsf3.o)
 .data          0x00000000        0x0 e:/new folder/atmel/7.0/toolchain/avr8/avr8-gnu-toolchain/bin/../lib/gcc/avr/5.4.0/../../../../avr/lib/avr5\libm.a(addsf3.o)
 .bss           0x00000000        0x0 e:/new folder/atmel/7.0/toolchain/avr8/avr8-gnu-toolchain/bin/../lib/gcc/avr/5.4.0/../../../../avr/lib/avr5\libm.a(addsf3.o)
 .text.avr-libc.fplib
                0x00000000        0xe e:/new folder/atmel/7.0/toolchain/avr8/avr8-gnu-toolchain/bin/../lib/gcc/avr/5.4.0/../../../../avr/lib/avr5\libm.a(addsf3.o)
 .text          0x00000000        0x0 e:/new folder/atmel/7.0/toolchain/avr8/avr8-gnu-toolchain/bin/../lib/gcc/avr/5.4.0/../../../../avr/lib/avr5\libm.a(addsf3x.o)
 .data          0x00000000        0x0 e:/new folder/atmel/7.0/toolchain/avr8/avr8-gnu-toolchain/bin/../lib/gcc/avr/5.4.0/../../../../avr/lib/avr5\libm.a(addsf3x.o)
 .bss           0x00000000        0x0 e:/new folder/atmel/7.0/toolchain/avr8/avr8-gnu-toolchain/bin/../lib/gcc/avr/5.4.0/../../../../avr/lib/avr5\libm.a(addsf3x.o)
 .text.avr-libc.fplib
                0x00000000       0xcc e:/new folder/atmel/7.0/toolchain/avr8/avr8-gnu-toolchain/bin/../lib/gcc/avr/5.4.0/../../../../avr/lib/avr5\libm.a(addsf3x.o)
 .text          0x00000000        0x0 e:/new folder/atmel/7.0/toolchain/avr8/avr8-gnu-toolchain/bin/../lib/gcc/avr/5.4.0/../../../../avr/lib/avr5\libm.a(cmpsf2.o)
 .data          0x00000000        0x0 e:/new folder/atmel/7.0/toolchain/avr8/avr8-gnu-toolchain/bin/../lib/gcc/avr/5.4.0/../../../../avr/lib/avr5\libm.a(cmpsf2.o)
 .bss           0x00000000        0x0 e:/new folder/atmel/7.0/toolchain/avr8/avr8-gnu-toolchain/bin/../lib/gcc/avr/5.4.0/../../../../avr/lib/avr5\libm.a(cmpsf2.o)
 .text.avr-libc.fplib
                0x00000000        0xa e:/new folder/atmel/7.0/toolchain/avr8/avr8-gnu-toolchain/bin/../lib/gcc/avr/5.4.0/../../../../avr/lib/avr5\libm.a(cmpsf2.o)
 .text          0x00000000        0x0 e:/new folder/atmel/7.0/toolchain/avr8/avr8-gnu-toolchain/bin/../lib/gcc/avr/5.4.0/../../../../avr/lib/avr5\libm.a(divsf3.o)
 .data          0x00000000        0x0 e:/new folder/atmel/7.0/toolchain/avr8/avr8-gnu-toolchain/bin/../lib/gcc/avr/5.4.0/../../../../avr/lib/avr5\libm.a(divsf3.o)
 .bss           0x00000000        0x0 e:/new folder/atmel/7.0/toolchain/avr8/avr8-gnu-toolchain/bin/../lib/gcc/avr/5.4.0/../../../../avr/lib/avr5\libm.a(divsf3.o)
 .text.avr-libc.fplib
                0x00000000        0x8 e:/new folder/atmel/7.0/toolchain/avr8/avr8-gnu-toolchain/bin/../lib/gcc/avr/5.4.0/../../../../avr/lib/avr5\libm.a(divsf3.o)
 .text          0x00000000        0x0 e:/new folder/atmel/7.0/toolchain/avr8/avr8-gnu-toolchain/bin/../lib/gcc/avr/5.4.0/../../../../avr/lib/avr5\libm.a(divsf3x.o)
 .data          0x00000000        0x0 e:/new folder/atmel/7.0/toolchain/avr8/avr8-gnu-toolchain/bin/../lib/gcc/avr/5.4.0/../../../../avr/lib/avr5\libm.a(divsf3x.o)
 .bss           0x00000000        0x0 e:/new folder/atmel/7.0/toolchain/avr8/avr8-gnu-toolchain/bin/../lib/gcc/avr/5.4.0/../../../../avr/lib/avr5\libm.a(divsf3x.o)
 .text.avr-libc.fplib
                0x00000000       0xdc e:/new folder/atmel/7.0/toolchain/avr8/avr8-gnu-toolchain/bin/../lib/gcc/avr/5.4.0/../../../../avr/lib/avr5\libm.a(divsf3x.o)
 .text          0x00000000        0x0 e:/new folder/atmel/7.0/toolchain/avr8/avr8-gnu-toolchain/bin/../lib/gcc/avr/5.4.0/../../../../avr/lib/avr5\libm.a(fixunssfsi.o)
 .data          0x00000000        0x0 e:/new folder/atmel/7.0/toolchain/avr8/avr8-gnu-toolchain/bin/../lib/gcc/avr/5.4.0/../../../../avr/lib/avr5\libm.a(fixunssfsi.o)
 .bss           0x00000000        0x0 e:/new folder/atmel/7.0/toolchain/avr8/avr8-gnu-toolchain/bin/../lib/gcc/avr/5.4.0/../../../../avr/lib/avr5\libm.a(fixunssfsi.o)
 .text.avr-libc.fplib
                0x00000000       0x5e e:/new folder/atmel/7.0/toolchain/avr8/avr8-gnu-toolchain/bin/../lib/gcc/avr/5.4.0/../../../../avr/lib/avr5\libm.a(fixunssfsi.o)
 .text          0x00000000        0x0 e:/new folder/atmel/7.0/toolchain/avr8/avr8-gnu-toolchain/bin/../lib/gcc/avr/5.4.0/../../../../avr/lib/avr5\libm.a(floatsisf.o)
 .data          0x00000000        0x0 e:/new folder/atmel/7.0/toolchain/avr8/avr8-gnu-toolchain/bin/../lib/gcc/avr/5.4.0/../../../../avr/lib/avr5\libm.a(floatsisf.o)
 .bss           0x00000000        0x0 e:/new folder/atmel/7.0/toolchain/avr8/avr8-gnu-toolchain/bin/../lib/gcc/avr/5.4.0/../../../../avr/lib/avr5\libm.a(floatsisf.o)
 .text.avr-libc.fplib
                0x00000000       0x7a e:/new folder/atmel/7.0/toolchain/avr8/avr8-gnu-toolchain/bin/../lib/gcc/avr/5.4.0/../../../../avr/lib/avr5\libm.a(floatsisf.o)
 .text          0x00000000        0x0 e:/new folder/atmel/7.0/toolchain/avr8/avr8-gnu-toolchain/bin/../lib/gcc/avr/5.4.0/../../../../avr/lib/avr5\libm.a(fp_cmp.o)
 .data          0x00000000        0x0 e:/new folder/atmel/7.0/toolchain/avr8/avr8-gnu-toolchain/bin/../lib/gcc/avr/5.4.0/../../../../avr/lib/avr5\libm.a(fp_cmp.o)
 .bss           0x00000000        0x0 e:/new folder/atmel/7.0/toolchain/avr8/avr8-gnu-toolchain/bin/../lib/gcc/avr/5.4.0/../../../../avr/lib/avr5\libm.a(fp_cmp.o)
 .text.avr-libc.fplib
                0x00000000       0x48 e:/new folder/atmel/7.0/toolchain/avr8/avr8-gnu-toolchain/bin/../lib/gcc/avr/5.4.0/../../../../avr/lib/avr5\libm.a(fp_cmp.o)
 .text          0x00000000        0x0 e:/new folder/atmel/7.0/toolchain/avr8/avr8-gnu-toolchain/bin/../lib/gcc/avr/5.4.0/../../../../avr/lib/avr5\libm.a(fp_inf.o)
 .data          0x00000000        0x0 e:/new folder/atmel/7.0/toolchain/avr8/avr8-gnu-toolchain/bin/../lib/gcc/avr/5.4.0/../../../../avr/lib/avr5\libm.a(fp_inf.o)
 .bss           0x00000000        0x0 e:/new folder/atmel/7.0/toolchain/avr8/avr8-gnu-toolchain/bin/../lib/gcc/avr/5.4.0/../../../../avr/lib/avr5\libm.a(fp_inf.o)
 .text.avr-libc.fplib
                0x00000000        0xc e:/new folder/atmel/7.0/toolchain/avr8/avr8-gnu-toolchain/bin/../lib/gcc/avr/5.4.0/../../../../avr/lib/avr5\libm.a(fp_inf.o)
 .text          0x00000000        0x0 e:/new folder/atmel/7.0/toolchain/avr8/avr8-gnu-toolchain/bin/../lib/gcc/avr/5.4.0/../../../../avr/lib/avr5\libm.a(fp_nan.o)
 .data          0x00000000        0x0 e:/new folder/atmel/7.0/toolchain/avr8/avr8-gnu-toolchain/bin/../lib/gcc/avr/5.4.0/../../../../avr/lib/avr5\libm.a(fp_nan.o)
 .bss           0x00000000        0x0 e:/new folder/atmel/7.0/toolchain/avr8/avr8-gnu-toolchain/bin/../lib/gcc/avr/5.4.0/../../../../avr/lib/avr5\libm.a(fp_nan.o)
 .text.avr-libc.fplib
                0x00000000        0x6 e:/new folder/atmel/7.0/toolchain/avr8/avr8-gnu-toolchain/bin/../lib/gcc/avr/5.4.0/../../../../avr/lib/avr5\libm.a(fp_nan.o)
 .text          0x00000000        0x0 e:/new folder/atmel/7.0/toolchain/avr8/avr8-gnu-toolchain/bin/../lib/gcc/avr/5.4.0/../../../../avr/lib/avr5\libm.a(fp_pscA.o)
 .data          0x00000000        0x0 e:/new folder/atmel/7.0/toolchain/avr8/avr8-gnu-toolchain/bin/../lib/gcc/avr/5.4.0/../../../../avr/lib/avr5\libm.a(fp_pscA.o)
 .bss           0x00000000        0x0 e:/new folder/atmel/7.0/toolchain/avr8/avr8-gnu-toolchain/bin/../lib/gcc/avr/5.4.0/../../../../avr/lib/avr5\libm.a(fp_pscA.o)
 .text.avr-libc.fplib
                0x00000000        0xe e:/new folder/atmel/7.0/toolchain/avr8/avr8-gnu-toolchain/bin/../lib/gcc/avr/5.4.0/../../../../avr/lib/avr5\libm.a(fp_pscA.o)
 .text          0x00000000        0x0 e:/new folder/atmel/7.0/toolchain/avr8/avr8-gnu-toolchain/bin/../lib/gcc/avr/5.4.0/../../../../avr/lib/avr5\libm.a(fp_pscB.o)
 .data          0x00000000        0x0 e:/new folder/atmel/7.0/toolchain/avr8/avr8-gnu-toolchain/bin/../lib/gcc/avr/5.4.0/../../../../avr/lib/avr5\libm.a(fp_pscB.o)
 .bss           0x00000000        0x0 e:/new folder/atmel/7.0/toolchain/avr8/avr8-gnu-toolchain/bin/../lib/gcc/avr/5.4.0/../../../../avr/lib/avr5\libm.a(fp_pscB.o)
 .text.avr-libc.fplib
                0x00000000        0xe e:/new folder/atmel/7.0/toolchain/avr8/avr8-gnu-toolchain/bin/../lib/gcc/avr/5.4.0/../../../../avr/lib/avr5\libm.a(fp_pscB.o)
 .text          0x00000000        0x0 e:/new folder/atmel/7.0/toolchain/avr8/avr8-gnu-toolchain/bin/../lib/gcc/avr/5.4.0/../../../../avr/lib/avr5\libm.a(fp_round.o)
 .data          0x00000000        0x0 e:/new folder/atmel/7.0/toolchain/avr8/avr8-gnu-toolchain/bin/../lib/gcc/avr/5.4.0/../../../../avr/lib/avr5\libm.a(fp_round.o)
 .bss           0x00000000        0x0 e:/new folder/atmel/7.0/toolchain/avr8/avr8-gnu-toolchain/bin/../lib/gcc/avr/5.4.0/../../../../avr/lib/avr5\libm.a(fp_round.o)
 .text.avr-libc.fplib
                0x00000000       0x22 e:/new folder/atmel/7.0/toolchain/avr8/avr8-gnu-toolchain/bin/../lib/gcc/avr/5.4.0/../../../../avr/lib/avr5\libm.a(fp_round.o)
 .text          0x00000000        0x0 e:/new folder/atmel/7.0/toolchain/avr8/avr8-gnu-toolchain/bin/../lib/gcc/avr/5.4.0/../../../../avr/lib/avr5\libm.a(fp_split3.o)
 .data          0x00000000        0x0 e:/new folder/atmel/7.0/toolchain/avr8/avr8-gnu-toolchain/bin/../lib/gcc/avr/5.4.0/../../../../avr/lib/avr5\libm.a(fp_split3.o)
 .bss           0x00000000        0x0 e:/new folder/atmel/7.0/toolchain/avr8/avr8-gnu-toolchain/bin/../lib/gcc/avr/5.4.0/../../../../avr/lib/avr5\libm.a(fp_split3.o)
 .text.avr-libc.fplib
                0x00000000       0x44 e:/new folder/atmel/7.0/toolchain/avr8/avr8-gnu-toolchain/bin/../lib/gcc/avr/5.4.0/../../../../avr/lib/avr5\libm.a(fp_split3.o)
 .text          0x00000000        0x0 e:/new folder/atmel/7.0/toolchain/avr8/avr8-gnu-toolchain/bin/../lib/gcc/avr/5.4.0/../../../../avr/lib/avr5\libm.a(fp_zero.o)
 .data          0x00000000        0x0 e:/new folder/atmel/7.0/toolchain/avr8/avr8-gnu-toolchain/bin/../lib/gcc/avr/5.4.0/../../../../avr/lib/avr5\libm.a(fp_zero.o)
 .bss           0x00000000        0x0 e:/new folder/atmel/7.0/toolchain/avr8/avr8-gnu-toolchain/bin/../lib/gcc/avr/5.4.0/../../../../avr/lib/avr5\libm.a(fp_zero.o)
 .text.avr-libc.fplib
                0x00000000        0xe e:/new folder/atmel/7.0/toolchain/avr8/avr8-gnu-toolchain/bin/../lib/gcc/avr/5.4.0/../../../../avr/lib/avr5\libm.a(fp_zero.o)
 .text          0x00000000        0x0 e:/new folder/atmel/7.0/toolchain/avr8/avr8-gnu-toolchain/bin/../lib/gcc/avr/5.4.0/../../../../avr/lib/avr5\libm.a(mulsf3.o)
 .data          0x00000000        0x0 e:/new folder/atmel/7.0/toolchain/avr8/avr8-gnu-toolchain/bin/../lib/gcc/avr/5.4.0/../../../../avr/lib/avr5\libm.a(mulsf3.o)
 .bss           0x00000000        0x0 e:/new folder/atmel/7.0/toolchain/avr8/avr8-gnu-toolchain/bin/../lib/gcc/avr/5.4.0/../../../../avr/lib/avr5\libm.a(mulsf3.o)
 .text.avr-libc.fplib
                0x00000000        0x8 e:/new folder/atmel/7.0/toolchain/avr8/avr8-gnu-toolchain/bin/../lib/gcc/avr/5.4.0/../../../../avr/lib/avr5\libm.a(mulsf3.o)
 .text          0x00000000        0x0 e:/new folder/atmel/7.0/toolchain/avr8/avr8-gnu-toolchain/bin/../lib/gcc/avr/5.4.0/../../../../avr/lib/avr5\libm.a(mulsf3x.o)
 .data          0x00000000        0x0 e:/new folder/atmel/7.0/toolchain/avr8/avr8-gnu-toolchain/bin/../lib/gcc/avr/5.4.0/../../../../avr/lib/avr5\libm.a(mulsf3x.o)
 .bss           0x00000000        0x0 e:/new folder/atmel/7.0/toolchain/avr8/avr8-gnu-toolchain/bin/../lib/gcc/avr/5.4.0/../../../../avr/lib/avr5\libm.a(mulsf3x.o)
 .text.avr-libc.fplib
                0x00000000       0xd2 e:/new folder/atmel/7.0/toolchain/avr8/avr8-gnu-toolchain/bin/../lib/gcc/avr/5.4.0/../../../../avr/lib/avr5\libm.a(mulsf3x.o)
 .text          0x00000000        0x0 e:/new folder/atmel/7.0/toolchain/avr8/avr8-gnu-toolchain/bin/../lib/gcc/avr/5.4.0/avr5\libgcc.a(_udivmodhi4.o)
 .data          0x00000000        0x0 e:/new folder/atmel/7.0/toolchain/avr8/avr8-gnu-toolchain/bin/../lib/gcc/avr/5.4.0/avr5\libgcc.a(_udivmodhi4.o)
 .bss           0x00000000        0x0 e:/new folder/atmel/7.0/toolchain/avr8/avr8-gnu-toolchain/bin/../lib/gcc/avr/5.4.0/avr5\libgcc.a(_udivmodhi4.o)
 .text.libgcc.mul
                0x00000000        0x0 e:/new folder/atmel/7.0/toolchain/avr8/avr8-gnu-toolchain/bin/../lib/gcc/avr/5.4.0/avr5\libgcc.a(_udivmodhi4.o)
 .text.libgcc.div
                0x00000000       0x28 e:/new folder/atmel/7.0/toolchain/avr8/avr8-gnu-toolchain/bin/../lib/gcc/avr/5.4.0/avr5\libgcc.a(_udivmodhi4.o)
 .text.libgcc   0x00000000        0x0 e:/new folder/atmel/7.0/toolchain/avr8/avr8-gnu-toolchain/bin/../lib/gcc/avr/5.4.0/avr5\libgcc.a(_udivmodhi4.o)
 .text.libgcc.prologue
                0x00000000        0x0 e:/new folder/atmel/7.0/toolchain/avr8/avr8-gnu-toolchain/bin/../lib/gcc/avr/5.4.0/avr5\libgcc.a(_udivmodhi4.o)
 .text.libgcc.builtins
                0x00000000        0x0 e:/new folder/atmel/7.0/toolchain/avr8/avr8-gnu-toolchain/bin/../lib/gcc/avr/5.4.0/avr5\libgcc.a(_udivmodhi4.o)
 .text.libgcc.fmul
                0x00000000        0x0 e:/new folder/atmel/7.0/toolchain/avr8/avr8-gnu-toolchain/bin/../lib/gcc/avr/5.4.0/avr5\libgcc.a(_udivmodhi4.o)
 .text.libgcc.fixed
                0x00000000        0x0 e:/new folder/atmel/7.0/toolchain/avr8/avr8-gnu-toolchain/bin/../lib/gcc/avr/5.4.0/avr5\libgcc.a(_udivmodhi4.o)
 .text          0x00000000        0x0 e:/new folder/atmel/7.0/toolchain/avr8/avr8-gnu-toolchain/bin/../lib/gcc/avr/5.4.0/avr5\libgcc.a(_udivmodsi4.o)
 .data          0x00000000        0x0 e:/new folder/atmel/7.0/toolchain/avr8/avr8-gnu-toolchain/bin/../lib/gcc/avr/5.4.0/avr5\libgcc.a(_udivmodsi4.o)
 .bss           0x00000000        0x0 e:/new folder/atmel/7.0/toolchain/avr8/avr8-gnu-toolchain/bin/../lib/gcc/avr/5.4.0/avr5\libgcc.a(_udivmodsi4.o)
 .text.libgcc.mul
                0x00000000        0x0 e:/new folder/atmel/7.0/toolchain/avr8/avr8-gnu-toolchain/bin/../lib/gcc/avr/5.4.0/avr5\libgcc.a(_udivmodsi4.o)
 .text.libgcc.div
                0x00000000       0x44 e:/new folder/atmel/7.0/toolchain/avr8/avr8-gnu-toolchain/bin/../lib/gcc/avr/5.4.0/avr5\libgcc.a(_udivmodsi4.o)
 .text.libgcc   0x00000000        0x0 e:/new folder/atmel/7.0/toolchain/avr8/avr8-gnu-toolchain/bin/../lib/gcc/avr/5.4.0/avr5\libgcc.a(_udivmodsi4.o)
 .text.libgcc.prologue
                0x00000000        0x0 e:/new folder/atmel/7.0/toolchain/avr8/avr8-gnu-toolchain/bin/../lib/gcc/avr/5.4.0/avr5\libgcc.a(_udivmodsi4.o)
 .text.libgcc.builtins
                0x00000000        0x0 e:/new folder/atmel/7.0/toolchain/avr8/avr8-gnu-toolchain/bin/../lib/gcc/avr/5.4.0/avr5\libgcc.a(_udivmodsi4.o)
 .text.libgcc.fmul
                0x00000000        0x0 e:/new folder/atmel/7.0/toolchain/avr8/avr8-gnu-toolchain/bin/../lib/gcc/avr/5.4.0/avr5\libgcc.a(_udivmodsi4.o)
 .text.libgcc.fixed
                0x00000000        0x0 e:/new folder/atmel/7.0/toolchain/avr8/avr8-gnu-toolchain/bin/../lib/gcc/avr/5.4.0/avr5\libgcc.a(_udivmodsi4.o)
 .text          0x00000000        0x0 e:/new folder/atmel/7.0/toolchain/avr8/avr8-gnu-toolchain/bin/../lib/gcc/avr/5.4.0/avr5\libgcc.a(_exit.o)
 .data          0x00000000        0x0 e:/new folder/atmel/7.0/toolchain/avr8/avr8-gnu-toolchain/bin/../lib/gcc/avr/5.4.0/avr5\libgcc.a(_exit.o)
 .bss           0x00000000        0x0 e:/new folder/atmel/7.0/toolchain/avr8/avr8-gnu-toolchain/bin/../lib/gcc/avr/5.4.0/avr5\libgcc.a(_exit.o)
 .text.libgcc.mul
                0x00000000        0x0 e:/new folder/atmel/7.0/toolchain/avr8/avr8-gnu-toolchain/bin/../lib/gcc/avr/5.4.0/avr5\libgcc.a(_exit.o)
 .text.libgcc.div
                0x00000000        0x0 e:/new folder/atmel/7.0/toolchain/avr8/avr8-gnu-toolchain/bin/../lib/gcc/avr/5.4.0/avr5\libgcc.a(_exit.o)
 .text.libgcc   0x00000000        0x0 e:/new folder/atmel/7.0/toolchain/avr8/avr8-gnu-toolchain/bin/../lib/gcc/avr/5.4.0/avr5\libgcc.a(_exit.o)
 .text.libgcc.prologue
                0x00000000        0x0 e:/new folder/atmel/7.0/toolchain/avr8/avr8-gnu-toolchain/bin/../lib/gcc/avr/5.4.0/avr5\libgcc.a(_exit.o)
 .text.libgcc.builtins
                0x00000000        0x0 e:/new folder/atmel/7.0/toolchain/avr8/avr8-gnu-toolchain/bin/../lib/gcc/avr/5.4.0/avr5\libgcc.a(_exit.o)
 .text.libgcc.fmul
                0x00000000        0x0 e:/new folder/atmel/7.0/toolchain/avr8/avr8-gnu-toolchain/bin/../lib/gcc/avr/5.4.0/avr5\libgcc.a(_exit.o)
 .text.libgcc.fixed
                0x00000000        0x0 e:/new folder/atmel/7.0/toolchain/avr8/avr8-gnu-toolchain/bin/../lib/gcc/avr/5.4.0/avr5\libgcc.a(_exit.o)
 .text          0x00000000        0x0 e:/new folder/atmel/7.0/toolchain/avr8/avr8-gnu-toolchain/bin/../lib/gcc/avr/5.4.0/avr5\libgcc.a(_tablejump2.o)
 .data          0x00000000        0x0 e:/new folder/atmel/7.0/toolchain/avr8/avr8-gnu-toolchain/bin/../lib/gcc/avr/5.4.0/avr5\libgcc.a(_tablejump2.o)
 .bss           0x00000000        0x0 e:/new folder/atmel/7.0/toolchain/avr8/avr8-gnu-toolchain/bin/../lib/gcc/avr/5.4.0/avr5\libgcc.a(_tablejump2.o)
 .text.libgcc.mul
                0x00000000        0x0 e:/new folder/atmel/7.0/toolchain/avr8/avr8-gnu-toolchain/bin/../lib/gcc/avr/5.4.0/avr5\libgcc.a(_tablejump2.o)
 .text.libgcc.div
                0x00000000        0x0 e:/new folder/atmel/7.0/toolchain/avr8/avr8-gnu-toolchain/bin/../lib/gcc/avr/5.4.0/avr5\libgcc.a(_tablejump2.o)
 .text.libgcc   0x00000000        0xc e:/new folder/atmel/7.0/toolchain/avr8/avr8-gnu-toolchain/bin/../lib/gcc/avr/5.4.0/avr5\libgcc.a(_tablejump2.o)
 .text.libgcc.prologue
                0x00000000        0x0 e:/new folder/atmel/7.0/toolchain/avr8/avr8-gnu-toolchain/bin/../lib/gcc/avr/5.4.0/avr5\libgcc.a(_tablejump2.o)
 .text.libgcc.builtins
                0x00000000        0x0 e:/new folder/atmel/7.0/toolchain/avr8/avr8-gnu-toolchain/bin/../lib/gcc/avr/5.4.0/avr5\libgcc.a(_tablejump2.o)
 .text.libgcc.fmul
                0x00000000        0x0 e:/new folder/atmel/7.0/toolchain/avr8/avr8-gnu-toolchain/bin/../lib/gcc/avr/5.4.0/avr5\libgcc.a(_tablejump2.o)
 .text.libgcc.fixed
                0x00000000        0x0 e:/new folder/atmel/7.0/toolchain/avr8/avr8-gnu-toolchain/bin/../lib/gcc/avr/5.4.0/avr5\libgcc.a(_tablejump2.o)
 .text          0x00000000        0x0 e:/new folder/atmel/7.0/toolchain/avr8/avr8-gnu-toolchain/bin/../lib/gcc/avr/5.4.0/avr5\libgcc.a(_copy_data.o)
 .data          0x00000000        0x0 e:/new folder/atmel/7.0/toolchain/avr8/avr8-gnu-toolchain/bin/../lib/gcc/avr/5.4.0/avr5\libgcc.a(_copy_data.o)
 .bss           0x00000000        0x0 e:/new folder/atmel/7.0/toolchain/avr8/avr8-gnu-toolchain/bin/../lib/gcc/avr/5.4.0/avr5\libgcc.a(_copy_data.o)
 .text.libgcc.mul
                0x00000000        0x0 e:/new folder/atmel/7.0/toolchain/avr8/avr8-gnu-toolchain/bin/../lib/gcc/avr/5.4.0/avr5\libgcc.a(_copy_data.o)
 .text.libgcc.div
                0x00000000        0x0 e:/new folder/atmel/7.0/toolchain/avr8/avr8-gnu-toolchain/bin/../lib/gcc/avr/5.4.0/avr5\libgcc.a(_copy_data.o)
 .text.libgcc   0x00000000        0x0 e:/new folder/atmel/7.0/toolchain/avr8/avr8-gnu-toolchain/bin/../lib/gcc/avr/5.4.0/avr5\libgcc.a(_copy_data.o)
 .text.libgcc.prologue
                0x00000000        0x0 e:/new folder/atmel/7.0/toolchain/avr8/avr8-gnu-toolchain/bin/../lib/gcc/avr/5.4.0/avr5\libgcc.a(_copy_data.o)
 .text.libgcc.builtins
                0x00000000        0x0 e:/new folder/atmel/7.0/toolchain/avr8/avr8-gnu-toolchain/bin/../lib/gcc/avr/5.4.0/avr5\libgcc.a(_copy_data.o)
 .text.libgcc.fmul
                0x00000000        0x0 e:/new folder/atmel/7.0/toolchain/avr8/avr8-gnu-toolchain/bin/../lib/gcc/avr/5.4.0/avr5\libgcc.a(_copy_data.o)
 .text.libgcc.fixed
                0x00000000        0x0 e:/new folder/atmel/7.0/toolchain/avr8/avr8-gnu-toolchain/bin/../lib/gcc/avr/5.4.0/avr5\libgcc.a(_copy_data.o)
 .text          0x00000000        0x0 e:/new folder/atmel/7.0/toolchain/avr8/avr8-gnu-toolchain/bin/../lib/gcc/avr/5.4.0/avr5\libgcc.a(_clear_bss.o)
 .data          0x00000000        0x0 e:/new folder/atmel/7.0/toolchain/avr8/avr8-gnu-toolchain/bin/../lib/gcc/avr/5.4.0/avr5\libgcc.a(_clear_bss.o)
 .bss           0x00000000        0x0 e:/new folder/atmel/7.0/toolchain/avr8/avr8-gnu-toolchain/bin/../lib/gcc/avr/5.4.0/avr5\libgcc.a(_clear_bss.o)
 .text.libgcc.mul
                0x00000000        0x0 e:/new folder/atmel/7.0/toolchain/avr8/avr8-gnu-toolchain/bin/../lib/gcc/avr/5.4.0/avr5\libgcc.a(_clear_bss.o)
 .text.libgcc.div
                0x00000000        0x0 e:/new folder/atmel/7.0/toolchain/avr8/avr8-gnu-toolchain/bin/../lib/gcc/avr/5.4.0/avr5\libgcc.a(_clear_bss.o)
 .text.libgcc   0x00000000        0x0 e:/new folder/atmel/7.0/toolchain/avr8/avr8-gnu-toolchain/bin/../lib/gcc/avr/5.4.0/avr5\libgcc.a(_clear_bss.o)
 .text.libgcc.prologue
                0x00000000        0x0 e:/new folder/atmel/7.0/toolchain/avr8/avr8-gnu-toolchain/bin/../lib/gcc/avr/5.4.0/avr5\libgcc.a(_clear_bss.o)
 .text.libgcc.builtins
                0x00000000        0x0 e:/new folder/atmel/7.0/toolchain/avr8/avr8-gnu-toolchain/bin/../lib/gcc/avr/5.4.0/avr5\libgcc.a(_clear_bss.o)
 .text.libgcc.fmul
                0x00000000        0x0 e:/new folder/atmel/7.0/toolchain/avr8/avr8-gnu-toolchain/bin/../lib/gcc/avr/5.4.0/avr5\libgcc.a(_clear_bss.o)
 .text.libgcc.fixed
                0x00000000        0x0 e:/new folder/atmel/7.0/toolchain/avr8/avr8-gnu-toolchain/bin/../lib/gcc/avr/5.4.0/avr5\libgcc.a(_clear_bss.o)
 .text          0x00000000        0x0 e:/new folder/atmel/7.0/toolchain/avr8/avr8-gnu-toolchain/bin/../lib/gcc/avr/5.4.0/avr5\libgcc.a(_umulhisi3.o)
 .data          0x00000000        0x0 e:/new folder/atmel/7.0/toolchain/avr8/avr8-gnu-toolchain/bin/../lib/gcc/avr/5.4.0/avr5\libgcc.a(_umulhisi3.o)
 .bss           0x00000000        0x0 e:/new folder/atmel/7.0/toolchain/avr8/avr8-gnu-toolchain/bin/../lib/gcc/avr/5.4.0/avr5\libgcc.a(_umulhisi3.o)
 .text.libgcc.mul
                0x00000000       0x1e e:/new folder/atmel/7.0/toolchain/avr8/avr8-gnu-toolchain/bin/../lib/gcc/avr/5.4.0/avr5\libgcc.a(_umulhisi3.o)
 .text.libgcc.div
                0x00000000        0x0 e:/new folder/atmel/7.0/toolchain/avr8/avr8-gnu-toolchain/bin/../lib/gcc/avr/5.4.0/avr5\libgcc.a(_umulhisi3.o)
 .text.libgcc   0x00000000        0x0 e:/new folder/atmel/7.0/toolchain/avr8/avr8-gnu-toolchain/bin/../lib/gcc/avr/5.4.0/avr5\libgcc.a(_umulhisi3.o)
 .text.libgcc.prologue
                0x00000000        0x0 e:/new folder/atmel/7.0/toolchain/avr8/avr8-gnu-toolchain/bin/../lib/gcc/avr/5.4.0/avr5\libgcc.a(_umulhisi3.o)
 .text.libgcc.builtins
                0x00000000        0x0 e:/new folder/atmel/7.0/toolchain/avr8/avr8-gnu-toolchain/bin/../lib/gcc/avr/5.4.0/avr5\libgcc.a(_umulhisi3.o)
 .text.libgcc.fmul
                0x00000000        0x0 e:/new folder/atmel/7.0/toolchain/avr8/avr8-gnu-toolchain/bin/../lib/gcc/avr/5.4.0/avr5\libgcc.a(_umulhisi3.o)
 .text.libgcc.fixed
                0x00000000        0x0 e:/new folder/atmel/7.0/toolchain/avr8/avr8-gnu-toolchain/bin/../lib/gcc/avr/5.4.0/avr5\libgcc.a(_umulhisi3.o)
 .text          0x00000000        0x0 e:/new folder/atmel/7.0/toolchain/avr8/avr8-gnu-toolchain/bin/../lib/gcc/avr/5.4.0/avr5\libgcc.a(_muluhisi3.o)
 .data          0x00000000        0x0 e:/new folder/atmel/7.0/toolchain/avr8/avr8-gnu-toolchain/bin/../lib/gcc/avr/5.4.0/avr5\libgcc.a(_muluhisi3.o)
 .bss           0x00000000        0x0 e:/new folder/atmel/7.0/toolchain/avr8/avr8-gnu-toolchain/bin/../lib/gcc/avr/5.4.0/avr5\libgcc.a(_muluhisi3.o)
 .text.libgcc.mul
                0x00000000       0x16 e:/new folder/atmel/7.0/toolchain/avr8/avr8-gnu-toolchain/bin/../lib/gcc/avr/5.4.0/avr5\libgcc.a(_muluhisi3.o)
 .text.libgcc.div
                0x00000000        0x0 e:/new folder/atmel/7.0/toolchain/avr8/avr8-gnu-toolchain/bin/../lib/gcc/avr/5.4.0/avr5\libgcc.a(_muluhisi3.o)
 .text.libgcc   0x00000000        0x0 e:/new folder/atmel/7.0/toolchain/avr8/avr8-gnu-toolchain/bin/../lib/gcc/avr/5.4.0/avr5\libgcc.a(_muluhisi3.o)
 .text.libgcc.prologue
                0x00000000        0x0 e:/new folder/atmel/7.0/toolchain/avr8/avr8-gnu-toolchain/bin/../lib/gcc/avr/5.4.0/avr5\libgcc.a(_muluhisi3.o)
 .text.libgcc.builtins
                0x00000000        0x0 e:/new folder/atmel/7.0/toolchain/avr8/avr8-gnu-toolchain/bin/../lib/gcc/avr/5.4.0/avr5\libgcc.a(_muluhisi3.o)
 .text.libgcc.fmul
                0x00000000        0x0 e:/new folder/atmel/7.0/toolchain/avr8/avr8-gnu-toolchain/bin/../lib/gcc/avr/5.4.0/avr5\libgcc.a(_muluhisi3.o)
 .text.libgcc.fixed
                0x00000000        0x0 e:/new folder/atmel/7.0/toolchain/avr8/avr8-gnu-toolchain/bin/../lib/gcc/avr/5.4.0/avr5\libgcc.a(_muluhisi3.o)
 .text          0x00000000        0x0 e:/new folder/atmel/7.0/toolchain/avr8/avr8-gnu-toolchain/bin/../lib/gcc/avr/5.4.0/../../../../avr/lib/avr5\libc.a(memcpy.o)
 .data          0x00000000        0x0 e:/new folder/atmel/7.0/toolchain/avr8/avr8-gnu-toolchain/bin/../lib/gcc/avr/5.4.0/../../../../avr/lib/avr5\libc.a(memcpy.o)
 .bss           0x00000000        0x0 e:/new folder/atmel/7.0/toolchain/avr8/avr8-gnu-toolchain/bin/../lib/gcc/avr/5.4.0/../../../../avr/lib/avr5\libc.a(memcpy.o)
 .text.avr-libc
                0x00000000       0x12 e:/new folder/atmel/7.0/toolchain/avr8/avr8-gnu-toolchain/bin/../lib/gcc/avr/5.4.0/../../../../avr/lib/avr5\libc.a(memcpy.o)

Memory Configuration

Name             Origin             Length             Attributes
text             0x00000000         0x00008000         xr
data             0x00800060         0x00000800         rw !x
eeprom           0x00810000         0x00000400         rw !x
fuse             0x00820000         0x00000002         rw !x
lock             0x00830000         0x00000400         rw !x
signature        0x00840000         0x00000400         rw !x
user_signatures  0x00850000         0x00000400         rw !x
*default*        0x00000000         0xffffffff

Linker script and memory map

LOAD E:/New folder/Atmel/7.0/Packs/atmel/ATmega_DFP/1.6.364/gcc/dev/atmega32/avr5/crtatmega32.o
LOAD FreeRTOS/Source/croutine.o
LOAD FreeRTOS/Source/event_groups.o
LOAD FreeRTOS/Source/list.o
LOAD FreeRTOS/Source/portable/GCC/ATMega323/port.o
LOAD FreeRTOS/Source/portable/MemMang/heap_4.o
LOAD FreeRTOS/Source/queue.o
LOAD FreeRTOS/Source/stream_buffer.o
LOAD FreeRTOS/Source/tasks.o
LOAD FreeRTOS/Source/timers.o
LOAD HAL/EEPROM_Proxy/src/EEPROM_Proxy.o
LOAD HAL/LCD/src/LCD.o
LOAD HAL/LCD/src/LCD_Lcfg.o
LOAD LIB/UTILS.o
LOAD MCAL/DIO/src/DIO.o
LOAD MCAL/EEPROM/src/EEPROM.o
LOAD MCAL/PWM/src/PWM.o
LOAD MCAL/PWM/src/PWM_Lcfg.o
LOAD MCAL/TIMER/src/TIMER.o
LOAD MCAL/TIMER/src/TIMER_Lcfg.o
LOAD APP/LCD_DISPLAY/src/DISPLAY.o
LOAD APP/LCD_DISPLAY/src/DISPLAY_Interface.o
LOAD APP/STORAGE/src/STORAGE.o
LOAD main.o
START GROUP
LOAD e:/new folder/atmel/7.0/toolchain/avr8/avr8-gnu-toolchain/bin/../lib/gcc/avr/5.4.0/../../../../avr/lib/avr5\libm.a
END GROUP
START GROUP
LOAD e:/new folder/atmel/7.0/toolchain/avr8/avr8-gnu-toolchain/bin/../lib/gcc/avr/5.4.0/avr5\libgcc.a
LOAD e:/new folder/atmel/7.0/toolchain/avr8/avr8-gnu-toolchain/bin/../lib/gcc/avr/5.4.0/../../../../avr/lib/avr5\libm.a
LOAD e:/new folder/atmel/7.0/toolchain/avr8/avr8-gnu-toolchain/bin/../lib/gcc/avr/5.4.0/../../../../avr/lib/avr5\libc.a
LOAD E:/New folder/Atmel/7.0/Packs/atmel/ATmega_DFP/1.6.364/gcc/dev/atmega32/avr5\libatmega32.a
END GROUP
                0x00000000                __TEXT_REGION_ORIGIN__ = DEFINED (__TEXT_REGION_ORIGIN__)?__TEXT_REGION_ORIGIN__:0x0
                [0x00800060]                __DATA_REGION_ORIGIN__ = DEFINED (__DATA_REGION_ORIGIN__)?__DATA_REGION_ORIGIN__:0x800060
                [0x00008000]                __TEXT_REGION_LENGTH__ = DEFINED (__TEXT_REGION_LENGTH__)?__TEXT_REGION_LENGTH__:0x20000
                [0x00000800]                __DATA_REGION_LENGTH__ = DEFINED (__DATA_REGION_LENGTH__)?__DATA_REGION_LENGTH__:0xffa0
                [0x00000400]                __EEPROM_REGION_LENGTH__ = DEFINED (__EEPROM_REGION_LENGTH__)?__EEPROM_REGION_LENGTH__:0x10000
                [0x00000002]                __FUSE_REGION_LENGTH__ = DEFINED (__FUSE_REGION_LENGTH__)?__FUSE_REGION_LENGTH__:0x400
                0x00000400                __LOCK_REGION_LENGTH__ = DEFINED (__LOCK_REGION_LENGTH__)?__LOCK_REGION_LENGTH__:0x400
                0x00000400                __SIGNATURE_REGION_LENGTH__ = DEFINED (__SIGNATURE_REGION_LENGTH__)?__SIGNATURE_REGION_LENGTH__:0x400
                0x00000400                __USER_SIGNATURE_REGION_LENGTH__ = DEFINED (__USER_SIGNATURE_REGION_LENGTH__)?__USER_SIGNATURE_REGION_LENGTH__:0x400

.hash
 *(.hash)

.dynsym
 *(.dynsym)

.dynstr
 *(.dynstr)

.gnu.version
 *(.gnu.version)

.gnu.version_d
 *(.gnu.version_d)

.gnu.version_r
 *(.gnu.version_r)

.rel.init
 *(.rel.init)

.rela.init
 *(.rela.init)

.rel.text
 *(.rel.text)
 *(.rel.text.*)
 *(.rel.gnu.linkonce.t*)

.rela.text
 *(.rela.text)
 *(.rela.text.*)
 *(.rela.gnu.linkonce.t*)

.rel.fini
 *(.rel.fini)

.rela.fini
 *(.rela.fini)

.rel.rodata
 *(.rel.rodata)
 *(.rel.rodata.*)
 *(.rel.gnu.linkonce.r*)

.rela.rodata
 *(.rela.rodata)
 *(.rela.rodata.*)
 *(.rela.gnu.linkonce.r*)

.rel.data
 *(.rel.data)
 *(.rel.data.*)
 *(.rel.gnu.linkonce.d*)

.rela.data
 *(.rela.data)
 *(.rela.data.*)
 *(.rela.gnu.linkonce.d*)

.rel.ctors
 *(.rel.ctors)

.rela.ctors
 *(.rela.ctors)

.rel.dtors
 *(.rel.dtors)

.rela.dtors
 *(.rela.dtors)

.rel.got
 *(.rel.got)

.rela.got
 *(.rela.got)

.rel.bss
 *(.rel.bss)

.rela.bss
 *(.rela.bss)

.rel.plt
 *(.rel.plt)

.rela.plt
 *(.rela.plt)

.text           0x00000000      0x7f0
 *(.vectors)
 .vectors       0x00000000       0x54 E:/New folder/Atmel/7.0/Packs/atmel/ATmega_DFP/1.6.364/gcc/dev/atmega32/avr5/crtatmega32.o
                0x00000000                __vector_default
                0x00000000                __vectors
 *(.vectors)
 *(.progmem.gcc*)
                0x00000054                . = ALIGN (0x2)
                0x00000054                __trampolines_start = .
 *(.trampolines)
 .trampolines   0x00000054        0x0 linker stubs
 *(.trampolines*)
                0x00000054                __trampolines_end = .
 *libprintf_flt.a:*(.progmem.data)
 *libc.a:*(.progmem.data)
 *(.progmem*)
                0x00000054                . = ALIGN (0x2)
 *(.jumptables)
 *(.jumptables*)
 *(.lowtext)
 *(.lowtext*)
                0x00000054                __ctors_start = .
 *(.ctors)
                0x00000054                __ctors_end = .
                0x00000054                __dtors_start = .
 *(.dtors)
                0x00000054                __dtors_end = .
 SORT(*)(.ctors)
 SORT(*)(.dtors)
 *(.init0)
 .init0         0x00000054        0x0 E:/New folder/Atmel/7.0/Packs/atmel/ATmega_DFP/1.6.364/gcc/dev/atmega32/avr5/crtatmega32.o
                0x00000054                __init
 *(.init0)
 *(.init1)
 *(.init1)
 *(.init2)
 .init2         0x00000054        0xc E:/New folder/Atmel/7.0/Packs/atmel/ATmega_DFP/1.6.364/gcc/dev/atmega32/avr5/crtatmega32.o
 *(.init2)
 *(.init3)
 *(.init3)
 *(.init4)
 .init4         0x00000060       0x16 e:/new folder/atmel/7.0/toolchain/avr8/avr8-gnu-toolchain/bin/../lib/gcc/avr/5.4.0/avr5\libgcc.a(_copy_data.o)
                0x00000060                __do_copy_data
 .init4         0x00000076       0x10 e:/new folder/atmel/7.0/toolchain/avr8/avr8-gnu-toolchain/bin/../lib/gcc/avr/5.4.0/avr5\libgcc.a(_clear_bss.o)
                0x00000076                __do_clear_bss
 *(.init4)
 *(.init5)
 *(.init5)
 *(.init6)
 *(.init6)
 *(.init7)
 *(.init7)
 *(.init8)
 *(.init8)
 *(.init9)
 .init9         0x00000086        0x8 E:/New folder/Atmel/7.0/Packs/atmel/ATmega_DFP/1.6.364/gcc/dev/atmega32/avr5/crtatmega32.o
 *(.init9)
 *(.text)
 .text          0x0000008e        0x4 E:/New folder/Atmel/7.0/Packs/atmel/ATmega_DFP/1.6.364/gcc/dev/atmega32/avr5/crtatmega32.o
                0x0000008e                __vector_1
                0x0000008e                __vector_12
                0x0000008e                __bad_interrupt
                0x0000008e                __vector_6
                0x0000008e                __vector_3
                0x0000008e                __vector_11
                0x0000008e                __vector_13
                0x0000008e                __vector_17
                0x0000008e                __vector_19
                0x0000008e                __vector_5
                0x0000008e                __vector_4
                0x0000008e                __vector_9
                0x0000008e                __vector_2
                0x0000008e                __vector_15
                0x0000008e                __vector_8
                0x0000008e                __vector_14
                0x0000008e                __vector_10
                0x0000008e                __vector_16
                0x0000008e                __vector_18
                0x0000008e                __vector_20
                0x00000092                . = ALIGN (0x2)
 *(.text.*)
 .text.vPortYieldFromTick
                0x00000092       0xb8 FreeRTOS/Source/portable/GCC/ATMega323/port.o
                0x00000092                vPortYieldFromTick
 .text.__vector_7
                0x0000014a        0x6 FreeRTOS/Source/portable/GCC/ATMega323/port.o
                0x0000014a                __vector_7
 .text.prvResetNextTaskUnblockTime
                0x00000150       0x38 FreeRTOS/Source/tasks.o
 .text.xTaskIncrementTick
                0x00000188      0x234 FreeRTOS/Source/tasks.o
                0x00000188                xTaskIncrementTick
 .text.vTaskSwitchContext
                0x000003bc       0xa8 FreeRTOS/Source/tasks.o
                0x000003bc                vTaskSwitchContext
 .text.STR_Length
                0x00000464       0x26 LIB/UTILS.o
                0x00000464                STR_Length
 .text.CRC_16_Calc
                0x0000048a      0x358 LIB/UTILS.o
                0x0000048a                CRC_16_Calc
 .text.main     0x000007e2        0xa main.o
                0x000007e2                main
                0x000007ec                . = ALIGN (0x2)
 *(.fini9)
 .fini9         0x000007ec        0x0 e:/new folder/atmel/7.0/toolchain/avr8/avr8-gnu-toolchain/bin/../lib/gcc/avr/5.4.0/avr5\libgcc.a(_exit.o)
                0x000007ec                _exit
                0x000007ec                exit
 *(.fini9)
 *(.fini8)
 *(.fini8)
 *(.fini7)
 *(.fini7)
 *(.fini6)
 *(.fini6)
 *(.fini5)
 *(.fini5)
 *(.fini4)
 *(.fini4)
 *(.fini3)
 *(.fini3)
 *(.fini2)
 *(.fini2)
 *(.fini1)
 *(.fini1)
 *(.fini0)
 .fini0         0x000007ec        0x4 e:/new folder/atmel/7.0/toolchain/avr8/avr8-gnu-toolchain/bin/../lib/gcc/avr/5.4.0/avr5\libgcc.a(_exit.o)
 *(.fini0)
                0x000007f0                _etext = .

.data           0x00800060      0x100 load address 0x000007f0
                0x00800060                PROVIDE (__data_start, .)
 *(.data)
 *(.data*)
 .data.Name     0x00800060       0xff main.o
                0x00800060                Name
 *(.gnu.linkonce.d*)
 *(.rodata)
 *(.rodata*)
 *(.gnu.linkonce.r*)
                0x00800160                . = ALIGN (0x2)
 *fill*         0x0080015f        0x1 
                0x00800160                _edata = .
                0x00800160                PROVIDE (__data_end, .)

.bss            0x00800160       0x34
                0x00800160                PROVIDE (__bss_start, .)
 *(.bss)
 *(.bss*)
 .bss.uxSchedulerSuspended
                0x00800160        0x1 FreeRTOS/Source/tasks.o
 .bss.xNextTaskUnblockTime
                0x00800161        0x2 FreeRTOS/Source/tasks.o
 .bss.xNumOfOverflows
                0x00800163        0x1 FreeRTOS/Source/tasks.o
 .bss.xYieldPending
                0x00800164        0x1 FreeRTOS/Source/tasks.o
 .bss.xPendedTicks
                0x00800165        0x2 FreeRTOS/Source/tasks.o
 .bss.uxTopReadyPriority
                0x00800167        0x1 FreeRTOS/Source/tasks.o
 .bss.xTickCount
                0x00800168        0x2 FreeRTOS/Source/tasks.o
 .bss.pxOverflowDelayedTaskList
                0x0080016a        0x2 FreeRTOS/Source/tasks.o
 .bss.pxDelayedTaskList
                0x0080016c        0x2 FreeRTOS/Source/tasks.o
 .bss.pxReadyTasksLists
                0x0080016e       0x24 FreeRTOS/Source/tasks.o
 .bss.pxCurrentTCB
                0x00800192        0x2 FreeRTOS/Source/tasks.o
                0x00800192                pxCurrentTCB
 *(COMMON)
                0x00800194                PROVIDE (__bss_end, .)
                0x000007f0                __data_load_start = LOADADDR (.data)
                0x000008f0                __data_load_end = (__data_load_start + SIZEOF (.data))

.noinit         0x00800194        0x0
                [!provide]                PROVIDE (__noinit_start, .)
 *(.noinit*)
                [!provide]                PROVIDE (__noinit_end, .)
                0x00800194                _end = .
                [!provide]                PROVIDE (__heap_start, .)

.eeprom         0x00810000        0x0
 *(.eeprom*)
                0x00810000                __eeprom_end = .

.fuse
 *(.fuse)
 *(.lfuse)
 *(.hfuse)
 *(.efuse)

.lock
 *(.lock*)

.signature
 *(.signature*)

.user_signatures
 *(.user_signatures*)

.stab
 *(.stab)

.stabstr
 *(.stabstr)

.stab.excl
 *(.stab.excl)

.stab.exclstr
 *(.stab.exclstr)

.stab.index
 *(.stab.index)

.stab.indexstr
 *(.stab.indexstr)

.comment        0x00000000       0x30
 *(.comment)
 .comment       0x00000000       0x30 FreeRTOS/Source/portable/GCC/ATMega323/port.o
                                 0x31 (size before relaxing)
 .comment       0x00000030       0x31 FreeRTOS/Source/tasks.o
 .comment       0x00000030       0x31 LIB/UTILS.o
 .comment       0x00000030       0x31 main.o

.note.gnu.avr.deviceinfo
                0x00000000       0x3c
 .note.gnu.avr.deviceinfo
                0x00000000       0x3c E:/New folder/Atmel/7.0/Packs/atmel/ATmega_DFP/1.6.364/gcc/dev/atmega32/avr5/crtatmega32.o

.note.gnu.build-id
 *(.note.gnu.build-id)

.debug
 *(.debug)

.line
 *(.line)

.debug_srcinfo
 *(.debug_srcinfo)

.debug_sfnames
 *(.debug_sfnames)

.debug_aranges  0x00000000      0x230
 *(.debug_aranges)
 .debug_aranges
                0x00000000       0x50 FreeRTOS/Source/portable/GCC/ATMega323/port.o
 .debug_aranges
                0x00000050      0x150 FreeRTOS/Source/tasks.o
 .debug_aranges
                0x000001a0       0x70 LIB/UTILS.o
 .debug_aranges
                0x00000210       0x20 main.o

.debug_pubnames
 *(.debug_pubnames)

.debug_info     0x00000000     0x2747
 *(.debug_info .gnu.linkonce.wi.*)
 .debug_info    0x00000000      0x4e6 E:/New folder/Atmel/7.0/Packs/atmel/ATmega_DFP/1.6.364/gcc/dev/atmega32/avr5/crtatmega32.o
 .debug_info    0x000004e6      0x24e FreeRTOS/Source/portable/GCC/ATMega323/port.o
 .debug_info    0x00000734     0x1991 FreeRTOS/Source/tasks.o
 .debug_info    0x000020c5      0x580 LIB/UTILS.o
 .debug_info    0x00002645      0x102 main.o

.debug_abbrev   0x00000000      0xacb
 *(.debug_abbrev)
 .debug_abbrev  0x00000000      0x4a3 E:/New folder/Atmel/7.0/Packs/atmel/ATmega_DFP/1.6.364/gcc/dev/atmega32/avr5/crtatmega32.o
 .debug_abbrev  0x000004a3      0x143 FreeRTOS/Source/portable/GCC/ATMega323/port.o
 .debug_abbrev  0x000005e6      0x294 FreeRTOS/Source/tasks.o
 .debug_abbrev  0x0000087a      0x1ad LIB/UTILS.o
 .debug_abbrev  0x00000a27       0xa4 main.o

.debug_line     0x00000000     0x1ac6
 *(.debug_line .debug_line.* .debug_line_end)
 .debug_line    0x00000000      0x116 E:/New folder/Atmel/7.0/Packs/atmel/ATmega_DFP/1.6.364/gcc/dev/atmega32/avr5/crtatmega32.o
 .debug_line    0x00000116      0x2f1 FreeRTOS/Source/portable/GCC/ATMega323/port.o
 .debug_line    0x00000407      0xfe4 FreeRTOS/Source/tasks.o
 .debug_line    0x000013eb      0x62f LIB/UTILS.o
 .debug_line    0x00001a1a       0xac main.o

.debug_frame    0x00000000      0x738
 *(.debug_frame)
 .debug_frame   0x00000000       0x84 FreeRTOS/Source/portable/GCC/ATMega323/port.o
 .debug_frame   0x00000084      0x50c FreeRTOS/Source/tasks.o
 .debug_frame   0x00000590      0x184 LIB/UTILS.o
 .debug_frame   0x00000714       0x24 main.o

.debug_str      0x00000000     0x1029
 *(.debug_str)
 .debug_str     0x00000000      0x196 E:/New folder/Atmel/7.0/Packs/atmel/ATmega_DFP/1.6.364/gcc/dev/atmega32/avr5/crtatmega32.o
 .debug_str     0x00000196      0x2d1 FreeRTOS/Source/portable/GCC/ATMega323/port.o
                                0x315 (size before relaxing)
 .debug_str     0x00000467      0x9ec FreeRTOS/Source/tasks.o
                                0xc8e (size before relaxing)
 .debug_str     0x00000e53      0x1b9 LIB/UTILS.o
                                0x37e (size before relaxing)
 .debug_str     0x0000100c       0x1d main.o
                                0x1d9 (size before relaxing)

.debug_loc      0x00000000     0x2954
 *(.debug_loc)
 .debug_loc     0x00000000      0x2a0 FreeRTOS/Source/portable/GCC/ATMega323/port.o
 .debug_loc     0x000002a0     0x1d44 FreeRTOS/Source/tasks.o
 .debug_loc     0x00001fe4      0x970 LIB/UTILS.o

.debug_macinfo
 *(.debug_macinfo)

.debug_weaknames
 *(.debug_weaknames)

.debug_funcnames
 *(.debug_funcnames)

.debug_typenames
 *(.debug_typenames)

.debug_varnames
 *(.debug_varnames)

.debug_pubtypes
 *(.debug_pubtypes)

.debug_ranges   0x00000000      0x230
 *(.debug_ranges)
 .debug_ranges  0x00000000       0x40 FreeRTOS/Source/portable/GCC/ATMega323/port.o
 .debug_ranges  0x00000040      0x180 FreeRTOS/Source/tasks.o
 .debug_ranges  0x000001c0       0x60 LIB/UTILS.o
 .debug_ranges  0x00000220       0x10 main.o

.debug_macro
 *(.debug_macro)
OUTPUT(MCU_To_MCU_Bluetooth_Communication.elf elf32-avr)
LOAD linker stubs
