Archive member included to satisfy reference by file (symbol)

c:/users/vetmo/downloads/ahmed/atmel/7.0/toolchain/avr8/avr8-gnu-toolchain/bin/../lib/gcc/avr/5.4.0/../../../../avr/lib/avr5\libm.a(addsf3.o)
                              MCAL/PWM/src/PWM.o (__subsf3)
c:/users/vetmo/downloads/ahmed/atmel/7.0/toolchain/avr8/avr8-gnu-toolchain/bin/../lib/gcc/avr/5.4.0/../../../../avr/lib/avr5\libm.a(addsf3x.o)
                              c:/users/vetmo/downloads/ahmed/atmel/7.0/toolchain/avr8/avr8-gnu-toolchain/bin/../lib/gcc/avr/5.4.0/../../../../avr/lib/avr5\libm.a(addsf3.o) (__addsf3x)
c:/users/vetmo/downloads/ahmed/atmel/7.0/toolchain/avr8/avr8-gnu-toolchain/bin/../lib/gcc/avr/5.4.0/../../../../avr/lib/avr5\libm.a(cmpsf2.o)
                              MCAL/TIMER/src/TIMER.o (__nesf2)
c:/users/vetmo/downloads/ahmed/atmel/7.0/toolchain/avr8/avr8-gnu-toolchain/bin/../lib/gcc/avr/5.4.0/../../../../avr/lib/avr5\libm.a(divsf3.o)
                              MCAL/PWM/src/PWM.o (__divsf3)
c:/users/vetmo/downloads/ahmed/atmel/7.0/toolchain/avr8/avr8-gnu-toolchain/bin/../lib/gcc/avr/5.4.0/../../../../avr/lib/avr5\libm.a(divsf3x.o)
                              c:/users/vetmo/downloads/ahmed/atmel/7.0/toolchain/avr8/avr8-gnu-toolchain/bin/../lib/gcc/avr/5.4.0/../../../../avr/lib/avr5\libm.a(divsf3.o) (__divsf3x)
c:/users/vetmo/downloads/ahmed/atmel/7.0/toolchain/avr8/avr8-gnu-toolchain/bin/../lib/gcc/avr/5.4.0/../../../../avr/lib/avr5\libm.a(fixunssfsi.o)
                              MCAL/PWM/src/PWM.o (__fixunssfsi)
c:/users/vetmo/downloads/ahmed/atmel/7.0/toolchain/avr8/avr8-gnu-toolchain/bin/../lib/gcc/avr/5.4.0/../../../../avr/lib/avr5\libm.a(floatsisf.o)
                              MCAL/TIMER/src/TIMER.o (__floatunsisf)
c:/users/vetmo/downloads/ahmed/atmel/7.0/toolchain/avr8/avr8-gnu-toolchain/bin/../lib/gcc/avr/5.4.0/../../../../avr/lib/avr5\libm.a(fp_cmp.o)
                              c:/users/vetmo/downloads/ahmed/atmel/7.0/toolchain/avr8/avr8-gnu-toolchain/bin/../lib/gcc/avr/5.4.0/../../../../avr/lib/avr5\libm.a(cmpsf2.o) (__fp_cmp)
c:/users/vetmo/downloads/ahmed/atmel/7.0/toolchain/avr8/avr8-gnu-toolchain/bin/../lib/gcc/avr/5.4.0/../../../../avr/lib/avr5\libm.a(fp_inf.o)
                              c:/users/vetmo/downloads/ahmed/atmel/7.0/toolchain/avr8/avr8-gnu-toolchain/bin/../lib/gcc/avr/5.4.0/../../../../avr/lib/avr5\libm.a(addsf3x.o) (__fp_inf)
c:/users/vetmo/downloads/ahmed/atmel/7.0/toolchain/avr8/avr8-gnu-toolchain/bin/../lib/gcc/avr/5.4.0/../../../../avr/lib/avr5\libm.a(fp_nan.o)
                              c:/users/vetmo/downloads/ahmed/atmel/7.0/toolchain/avr8/avr8-gnu-toolchain/bin/../lib/gcc/avr/5.4.0/../../../../avr/lib/avr5\libm.a(addsf3x.o) (__fp_nan)
c:/users/vetmo/downloads/ahmed/atmel/7.0/toolchain/avr8/avr8-gnu-toolchain/bin/../lib/gcc/avr/5.4.0/../../../../avr/lib/avr5\libm.a(fp_pscA.o)
                              c:/users/vetmo/downloads/ahmed/atmel/7.0/toolchain/avr8/avr8-gnu-toolchain/bin/../lib/gcc/avr/5.4.0/../../../../avr/lib/avr5\libm.a(addsf3x.o) (__fp_pscA)
c:/users/vetmo/downloads/ahmed/atmel/7.0/toolchain/avr8/avr8-gnu-toolchain/bin/../lib/gcc/avr/5.4.0/../../../../avr/lib/avr5\libm.a(fp_pscB.o)
                              c:/users/vetmo/downloads/ahmed/atmel/7.0/toolchain/avr8/avr8-gnu-toolchain/bin/../lib/gcc/avr/5.4.0/../../../../avr/lib/avr5\libm.a(addsf3x.o) (__fp_pscB)
c:/users/vetmo/downloads/ahmed/atmel/7.0/toolchain/avr8/avr8-gnu-toolchain/bin/../lib/gcc/avr/5.4.0/../../../../avr/lib/avr5\libm.a(fp_round.o)
                              c:/users/vetmo/downloads/ahmed/atmel/7.0/toolchain/avr8/avr8-gnu-toolchain/bin/../lib/gcc/avr/5.4.0/../../../../avr/lib/avr5\libm.a(addsf3.o) (__fp_round)
c:/users/vetmo/downloads/ahmed/atmel/7.0/toolchain/avr8/avr8-gnu-toolchain/bin/../lib/gcc/avr/5.4.0/../../../../avr/lib/avr5\libm.a(fp_split3.o)
                              c:/users/vetmo/downloads/ahmed/atmel/7.0/toolchain/avr8/avr8-gnu-toolchain/bin/../lib/gcc/avr/5.4.0/../../../../avr/lib/avr5\libm.a(addsf3x.o) (__fp_split3)
c:/users/vetmo/downloads/ahmed/atmel/7.0/toolchain/avr8/avr8-gnu-toolchain/bin/../lib/gcc/avr/5.4.0/../../../../avr/lib/avr5\libm.a(fp_zero.o)
                              c:/users/vetmo/downloads/ahmed/atmel/7.0/toolchain/avr8/avr8-gnu-toolchain/bin/../lib/gcc/avr/5.4.0/../../../../avr/lib/avr5\libm.a(addsf3x.o) (__fp_zero)
c:/users/vetmo/downloads/ahmed/atmel/7.0/toolchain/avr8/avr8-gnu-toolchain/bin/../lib/gcc/avr/5.4.0/../../../../avr/lib/avr5\libm.a(mulsf3.o)
                              MCAL/PWM/src/PWM.o (__mulsf3)
c:/users/vetmo/downloads/ahmed/atmel/7.0/toolchain/avr8/avr8-gnu-toolchain/bin/../lib/gcc/avr/5.4.0/../../../../avr/lib/avr5\libm.a(mulsf3x.o)
                              c:/users/vetmo/downloads/ahmed/atmel/7.0/toolchain/avr8/avr8-gnu-toolchain/bin/../lib/gcc/avr/5.4.0/../../../../avr/lib/avr5\libm.a(mulsf3.o) (__mulsf3x)
c:/users/vetmo/downloads/ahmed/atmel/7.0/toolchain/avr8/avr8-gnu-toolchain/bin/../lib/gcc/avr/5.4.0/avr5\libgcc.a(_udivmodhi4.o)
                              FreeRTOS/Source/queue.o (__udivmodhi4)
c:/users/vetmo/downloads/ahmed/atmel/7.0/toolchain/avr8/avr8-gnu-toolchain/bin/../lib/gcc/avr/5.4.0/avr5\libgcc.a(_udivmodsi4.o)
                              LIB/UTILS.o (__udivmodsi4)
c:/users/vetmo/downloads/ahmed/atmel/7.0/toolchain/avr8/avr8-gnu-toolchain/bin/../lib/gcc/avr/5.4.0/avr5\libgcc.a(_exit.o)
                              C:/Users/vetmo/Downloads/Ahmed/Atmel/7.0/Packs/atmel/ATmega_DFP/1.6.364/gcc/dev/atmega32/avr5/crtatmega32.o (exit)
c:/users/vetmo/downloads/ahmed/atmel/7.0/toolchain/avr8/avr8-gnu-toolchain/bin/../lib/gcc/avr/5.4.0/avr5\libgcc.a(_tablejump2.o)
                              MCAL/TIMER/src/TIMER.o (__tablejump2__)
c:/users/vetmo/downloads/ahmed/atmel/7.0/toolchain/avr8/avr8-gnu-toolchain/bin/../lib/gcc/avr/5.4.0/avr5\libgcc.a(_copy_data.o)
                              FreeRTOS/Source/portable/MemMang/heap_4.o (__do_copy_data)
c:/users/vetmo/downloads/ahmed/atmel/7.0/toolchain/avr8/avr8-gnu-toolchain/bin/../lib/gcc/avr/5.4.0/avr5\libgcc.a(_clear_bss.o)
                              FreeRTOS/Source/croutine.o (__do_clear_bss)
c:/users/vetmo/downloads/ahmed/atmel/7.0/toolchain/avr8/avr8-gnu-toolchain/bin/../lib/gcc/avr/5.4.0/avr5\libgcc.a(_muluhisi3.o)
                              MCAL/TIMER/src/TIMER.o (__muluhisi3)
c:/users/vetmo/downloads/ahmed/atmel/7.0/toolchain/avr8/avr8-gnu-toolchain/bin/../lib/gcc/avr/5.4.0/avr5\libgcc.a(_umulhisi3.o)
                              c:/users/vetmo/downloads/ahmed/atmel/7.0/toolchain/avr8/avr8-gnu-toolchain/bin/../lib/gcc/avr/5.4.0/avr5\libgcc.a(_muluhisi3.o) (__umulhisi3)
c:/users/vetmo/downloads/ahmed/atmel/7.0/toolchain/avr8/avr8-gnu-toolchain/bin/../lib/gcc/avr/5.4.0/../../../../avr/lib/avr5\libc.a(memcpy.o)
                              FreeRTOS/Source/queue.o (memcpy)
c:/users/vetmo/downloads/ahmed/atmel/7.0/toolchain/avr8/avr8-gnu-toolchain/bin/../lib/gcc/avr/5.4.0/../../../../avr/lib/avr5\libc.a(memset.o)
                              FreeRTOS/Source/stream_buffer.o (memset)

Discarded input sections

 .data          0x00000000        0x0 C:/Users/vetmo/Downloads/Ahmed/Atmel/7.0/Packs/atmel/ATmega_DFP/1.6.364/gcc/dev/atmega32/avr5/crtatmega32.o
 .bss           0x00000000        0x0 C:/Users/vetmo/Downloads/Ahmed/Atmel/7.0/Packs/atmel/ATmega_DFP/1.6.364/gcc/dev/atmega32/avr5/crtatmega32.o
 .text          0x00000000        0x0 FreeRTOS/Source/croutine.o
 .data          0x00000000        0x0 FreeRTOS/Source/croutine.o
 .bss           0x00000000        0x0 FreeRTOS/Source/croutine.o
 .bss.pxReadyCoRoutineLists
                0x00000000       0x12 FreeRTOS/Source/croutine.o
 .bss.xDelayedCoRoutineList1
                0x00000000        0x9 FreeRTOS/Source/croutine.o
 .bss.xDelayedCoRoutineList2
                0x00000000        0x9 FreeRTOS/Source/croutine.o
 .bss.pxDelayedCoRoutineList
                0x00000000        0x2 FreeRTOS/Source/croutine.o
 .bss.pxOverflowDelayedCoRoutineList
                0x00000000        0x2 FreeRTOS/Source/croutine.o
 .bss.xPendingReadyCoRoutineList
                0x00000000        0x9 FreeRTOS/Source/croutine.o
 .bss.pxCurrentCoRoutine
                0x00000000        0x2 FreeRTOS/Source/croutine.o
 .bss.uxTopCoRoutineReadyPriority
                0x00000000        0x1 FreeRTOS/Source/croutine.o
 .bss.xCoRoutineTickCount
                0x00000000        0x2 FreeRTOS/Source/croutine.o
 .bss.xLastTickCount
                0x00000000        0x2 FreeRTOS/Source/croutine.o
 .bss.xPassedTicks
                0x00000000        0x2 FreeRTOS/Source/croutine.o
 .text.xCoRoutineCreate
                0x00000000      0x138 FreeRTOS/Source/croutine.o
 .text.vCoRoutineAddToDelayedList
                0x00000000       0xca FreeRTOS/Source/croutine.o
 .text.prvCheckPendingReadyList
                0x00000000       0x9a FreeRTOS/Source/croutine.o
 .text.prvCheckDelayedList
                0x00000000      0x16e FreeRTOS/Source/croutine.o
 .text.vCoRoutineSchedule
                0x00000000      0x116 FreeRTOS/Source/croutine.o
 .text.prvInitialiseCoRoutineLists
                0x00000000       0x74 FreeRTOS/Source/croutine.o
 .text.xCoRoutineRemoveFromEventList
                0x00000000       0x72 FreeRTOS/Source/croutine.o
 .debug_info    0x00000000      0x4e0 FreeRTOS/Source/croutine.o
 .debug_abbrev  0x00000000      0x189 FreeRTOS/Source/croutine.o
 .debug_loc     0x00000000      0x1f7 FreeRTOS/Source/croutine.o
 .debug_aranges
                0x00000000       0x50 FreeRTOS/Source/croutine.o
 .debug_ranges  0x00000000       0x40 FreeRTOS/Source/croutine.o
 .debug_line    0x00000000      0x441 FreeRTOS/Source/croutine.o
 .debug_str     0x00000000      0x540 FreeRTOS/Source/croutine.o
 .comment       0x00000000       0x31 FreeRTOS/Source/croutine.o
 .debug_frame   0x00000000       0xf4 FreeRTOS/Source/croutine.o
 .text          0x00000000        0x0 FreeRTOS/Source/event_groups.o
 .data          0x00000000        0x0 FreeRTOS/Source/event_groups.o
 .bss           0x00000000        0x0 FreeRTOS/Source/event_groups.o
 .text.xEventGroupCreate
                0x00000000       0x40 FreeRTOS/Source/event_groups.o
 .text.xEventGroupSync
                0x00000000      0x17a FreeRTOS/Source/event_groups.o
 .text.xEventGroupWaitBits
                0x00000000      0x192 FreeRTOS/Source/event_groups.o
 .text.xEventGroupClearBits
                0x00000000       0x72 FreeRTOS/Source/event_groups.o
 .text.xEventGroupGetBitsFromISR
                0x00000000       0x46 FreeRTOS/Source/event_groups.o
 .text.xEventGroupSetBits
                0x00000000      0x17a FreeRTOS/Source/event_groups.o
 .text.vEventGroupDelete
                0x00000000       0x68 FreeRTOS/Source/event_groups.o
 .text.vEventGroupSetBitsCallback
                0x00000000       0x3c FreeRTOS/Source/event_groups.o
 .text.vEventGroupClearBitsCallback
                0x00000000       0x3c FreeRTOS/Source/event_groups.o
 .text.prvTestWaitCondition
                0x00000000       0x64 FreeRTOS/Source/event_groups.o
 .debug_info    0x00000000      0x666 FreeRTOS/Source/event_groups.o
 .debug_abbrev  0x00000000      0x140 FreeRTOS/Source/event_groups.o
 .debug_loc     0x00000000      0x2e5 FreeRTOS/Source/event_groups.o
 .debug_aranges
                0x00000000       0x68 FreeRTOS/Source/event_groups.o
 .debug_ranges  0x00000000       0x58 FreeRTOS/Source/event_groups.o
 .debug_line    0x00000000      0x510 FreeRTOS/Source/event_groups.o
 .debug_str     0x00000000      0x549 FreeRTOS/Source/event_groups.o
 .comment       0x00000000       0x31 FreeRTOS/Source/event_groups.o
 .debug_frame   0x00000000      0x160 FreeRTOS/Source/event_groups.o
 .text          0x00000000        0x0 FreeRTOS/Source/list.o
 .data          0x00000000        0x0 FreeRTOS/Source/list.o
 .bss           0x00000000        0x0 FreeRTOS/Source/list.o
 .text.vListInitialise
                0x00000000       0x6c FreeRTOS/Source/list.o
 .text.vListInitialiseItem
                0x00000000       0x24 FreeRTOS/Source/list.o
 .text.vListInsertEnd
                0x00000000       0x9e FreeRTOS/Source/list.o
 .text.vListInsert
                0x00000000       0xf0 FreeRTOS/Source/list.o
 .text.uxListRemove
                0x00000000       0xae FreeRTOS/Source/list.o
 .debug_info    0x00000000      0x2bb FreeRTOS/Source/list.o
 .debug_abbrev  0x00000000       0xc7 FreeRTOS/Source/list.o
 .debug_loc     0x00000000      0x167 FreeRTOS/Source/list.o
 .debug_aranges
                0x00000000       0x40 FreeRTOS/Source/list.o
 .debug_ranges  0x00000000       0x30 FreeRTOS/Source/list.o
 .debug_line    0x00000000      0x270 FreeRTOS/Source/list.o
 .debug_str     0x00000000      0x320 FreeRTOS/Source/list.o
 .comment       0x00000000       0x31 FreeRTOS/Source/list.o
 .debug_frame   0x00000000       0xb4 FreeRTOS/Source/list.o
 .text          0x00000000        0x0 FreeRTOS/Source/portable/GCC/ATMega323/port.o
 .data          0x00000000        0x0 FreeRTOS/Source/portable/GCC/ATMega323/port.o
 .bss           0x00000000        0x0 FreeRTOS/Source/portable/GCC/ATMega323/port.o
 .text.pxPortInitialiseStack
                0x00000000      0x352 FreeRTOS/Source/portable/GCC/ATMega323/port.o
 .text.xPortStartScheduler
                0x00000000       0x6a FreeRTOS/Source/portable/GCC/ATMega323/port.o
 .text.vPortEndScheduler
                0x00000000       0x10 FreeRTOS/Source/portable/GCC/ATMega323/port.o
 .text.vPortYield
                0x00000000       0xb4 FreeRTOS/Source/portable/GCC/ATMega323/port.o
 .text.prvSetupTimerInterrupt
                0x00000000       0xc4 FreeRTOS/Source/portable/GCC/ATMega323/port.o
 .text          0x00000000        0x0 FreeRTOS/Source/portable/MemMang/heap_4.o
 .data          0x00000000        0x0 FreeRTOS/Source/portable/MemMang/heap_4.o
 .bss           0x00000000        0x0 FreeRTOS/Source/portable/MemMang/heap_4.o
 .bss.ucHeap    0x00000000      0x5dc FreeRTOS/Source/portable/MemMang/heap_4.o
 .rodata.xHeapStructSize
                0x00000000        0x2 FreeRTOS/Source/portable/MemMang/heap_4.o
 .bss.xStart    0x00000000        0x4 FreeRTOS/Source/portable/MemMang/heap_4.o
 .bss.pxEnd     0x00000000        0x2 FreeRTOS/Source/portable/MemMang/heap_4.o
 .bss.xFreeBytesRemaining
                0x00000000        0x2 FreeRTOS/Source/portable/MemMang/heap_4.o
 .bss.xMinimumEverFreeBytesRemaining
                0x00000000        0x2 FreeRTOS/Source/portable/MemMang/heap_4.o
 .bss.xNumberOfSuccessfulAllocations
                0x00000000        0x2 FreeRTOS/Source/portable/MemMang/heap_4.o
 .bss.xNumberOfSuccessfulFrees
                0x00000000        0x2 FreeRTOS/Source/portable/MemMang/heap_4.o
 .bss.xBlockAllocatedBit
                0x00000000        0x2 FreeRTOS/Source/portable/MemMang/heap_4.o
 .text.pvPortMalloc
                0x00000000      0x224 FreeRTOS/Source/portable/MemMang/heap_4.o
 .text.vPortFree
                0x00000000       0xe2 FreeRTOS/Source/portable/MemMang/heap_4.o
 .text.xPortGetFreeHeapSize
                0x00000000       0x16 FreeRTOS/Source/portable/MemMang/heap_4.o
 .text.xPortGetMinimumEverFreeHeapSize
                0x00000000       0x16 FreeRTOS/Source/portable/MemMang/heap_4.o
 .text.vPortInitialiseBlocks
                0x00000000       0x10 FreeRTOS/Source/portable/MemMang/heap_4.o
 .text.prvHeapInit
                0x00000000      0x100 FreeRTOS/Source/portable/MemMang/heap_4.o
 .text.prvInsertBlockIntoFreeList
                0x00000000      0x16a FreeRTOS/Source/portable/MemMang/heap_4.o
 .text.vPortGetHeapStats
                0x00000000      0x142 FreeRTOS/Source/portable/MemMang/heap_4.o
 .debug_info    0x00000000      0x413 FreeRTOS/Source/portable/MemMang/heap_4.o
 .debug_abbrev  0x00000000      0x15a FreeRTOS/Source/portable/MemMang/heap_4.o
 .debug_loc     0x00000000      0x216 FreeRTOS/Source/portable/MemMang/heap_4.o
 .debug_aranges
                0x00000000       0x58 FreeRTOS/Source/portable/MemMang/heap_4.o
 .debug_ranges  0x00000000       0x48 FreeRTOS/Source/portable/MemMang/heap_4.o
 .debug_line    0x00000000      0x4f6 FreeRTOS/Source/portable/MemMang/heap_4.o
 .debug_str     0x00000000      0x4c6 FreeRTOS/Source/portable/MemMang/heap_4.o
 .comment       0x00000000       0x31 FreeRTOS/Source/portable/MemMang/heap_4.o
 .debug_frame   0x00000000      0x114 FreeRTOS/Source/portable/MemMang/heap_4.o
 .text          0x00000000        0x0 FreeRTOS/Source/queue.o
 .data          0x00000000        0x0 FreeRTOS/Source/queue.o
 .bss           0x00000000        0x0 FreeRTOS/Source/queue.o
 .text.xQueueGenericReset
                0x00000000      0x176 FreeRTOS/Source/queue.o
 .text.xQueueGenericCreate
                0x00000000       0xe4 FreeRTOS/Source/queue.o
 .text.prvInitialiseNewQueue
                0x00000000       0x80 FreeRTOS/Source/queue.o
 .text.xQueueGenericSend
                0x00000000      0x162 FreeRTOS/Source/queue.o
 .text.xQueueGenericSendFromISR
                0x00000000       0xc8 FreeRTOS/Source/queue.o
 .text.xQueueGiveFromISR
                0x00000000       0xb4 FreeRTOS/Source/queue.o
 .text.xQueueReceive
                0x00000000      0x162 FreeRTOS/Source/queue.o
 .text.xQueueSemaphoreTake
                0x00000000      0x150 FreeRTOS/Source/queue.o
 .text.xQueuePeek
                0x00000000      0x170 FreeRTOS/Source/queue.o
 .text.xQueueReceiveFromISR
                0x00000000       0xbe FreeRTOS/Source/queue.o
 .text.xQueuePeekFromISR
                0x00000000       0x78 FreeRTOS/Source/queue.o
 .text.uxQueueMessagesWaiting
                0x00000000       0x32 FreeRTOS/Source/queue.o
 .text.uxQueueSpacesAvailable
                0x00000000       0x4e FreeRTOS/Source/queue.o
 .text.uxQueueMessagesWaitingFromISR
                0x00000000       0x36 FreeRTOS/Source/queue.o
 .text.vQueueDelete
                0x00000000       0x30 FreeRTOS/Source/queue.o
 .text.prvCopyDataToQueue
                0x00000000      0x176 FreeRTOS/Source/queue.o
 .text.prvCopyDataFromQueue
                0x00000000       0xa2 FreeRTOS/Source/queue.o
 .text.prvUnlockQueue
                0x00000000       0xbc FreeRTOS/Source/queue.o
 .text.prvIsQueueEmpty
                0x00000000       0x3c FreeRTOS/Source/queue.o
 .text.xQueueIsQueueEmptyFromISR
                0x00000000       0x40 FreeRTOS/Source/queue.o
 .text.prvIsQueueFull
                0x00000000       0x44 FreeRTOS/Source/queue.o
 .text.xQueueIsQueueFullFromISR
                0x00000000       0x48 FreeRTOS/Source/queue.o
 .text.xQueueCRSend
                0x00000000       0xc2 FreeRTOS/Source/queue.o
 .text.xQueueCRReceive
                0x00000000      0x132 FreeRTOS/Source/queue.o
 .text.xQueueCRSendFromISR
                0x00000000       0x82 FreeRTOS/Source/queue.o
 .text.xQueueCRReceiveFromISR
                0x00000000      0x108 FreeRTOS/Source/queue.o
 .debug_info    0x00000000      0xe67 FreeRTOS/Source/queue.o
 .debug_abbrev  0x00000000      0x196 FreeRTOS/Source/queue.o
 .debug_loc     0x00000000      0x775 FreeRTOS/Source/queue.o
 .debug_aranges
                0x00000000       0xe8 FreeRTOS/Source/queue.o
 .debug_ranges  0x00000000       0xd8 FreeRTOS/Source/queue.o
 .debug_line    0x00000000      0xdc9 FreeRTOS/Source/queue.o
 .debug_str     0x00000000      0x78a FreeRTOS/Source/queue.o
 .comment       0x00000000       0x31 FreeRTOS/Source/queue.o
 .debug_frame   0x00000000      0x36c FreeRTOS/Source/queue.o
 .text          0x00000000        0x0 FreeRTOS/Source/stream_buffer.o
 .data          0x00000000        0x0 FreeRTOS/Source/stream_buffer.o
 .bss           0x00000000        0x0 FreeRTOS/Source/stream_buffer.o
 .text.xStreamBufferGenericCreate
                0x00000000       0xac FreeRTOS/Source/stream_buffer.o
 .text.vStreamBufferDelete
                0x00000000       0x56 FreeRTOS/Source/stream_buffer.o
 .text.xStreamBufferReset
                0x00000000       0x9e FreeRTOS/Source/stream_buffer.o
 .text.xStreamBufferSetTriggerLevel
                0x00000000       0x72 FreeRTOS/Source/stream_buffer.o
 .text.xStreamBufferSpacesAvailable
                0x00000000       0xc6 FreeRTOS/Source/stream_buffer.o
 .text.xStreamBufferBytesAvailable
                0x00000000       0x3c FreeRTOS/Source/stream_buffer.o
 .text.xStreamBufferSend
                0x00000000      0x1e6 FreeRTOS/Source/stream_buffer.o
 .text.xStreamBufferSendFromISR
                0x00000000      0x108 FreeRTOS/Source/stream_buffer.o
 .text.prvWriteMessageToBuffer
                0x00000000       0xd4 FreeRTOS/Source/stream_buffer.o
 .text.xStreamBufferReceive
                0x00000000      0x180 FreeRTOS/Source/stream_buffer.o
 .text.xStreamBufferNextMessageLengthBytes
                0x00000000       0x8e FreeRTOS/Source/stream_buffer.o
 .text.xStreamBufferReceiveFromISR
                0x00000000       0xf2 FreeRTOS/Source/stream_buffer.o
 .text.prvReadMessageFromBuffer
                0x00000000       0xe0 FreeRTOS/Source/stream_buffer.o
 .text.xStreamBufferIsEmpty
                0x00000000       0x5e FreeRTOS/Source/stream_buffer.o
 .text.xStreamBufferIsFull
                0x00000000       0x72 FreeRTOS/Source/stream_buffer.o
 .text.xStreamBufferSendCompletedFromISR
                0x00000000       0x90 FreeRTOS/Source/stream_buffer.o
 .text.xStreamBufferReceiveCompletedFromISR
                0x00000000       0x90 FreeRTOS/Source/stream_buffer.o
 .text.prvWriteBytesToBuffer
                0x00000000       0xf6 FreeRTOS/Source/stream_buffer.o
 .text.prvReadBytesFromBuffer
                0x00000000       0xf4 FreeRTOS/Source/stream_buffer.o
 .text.prvBytesInBuffer
                0x00000000       0x86 FreeRTOS/Source/stream_buffer.o
 .text.prvInitialiseNewStreamBuffer
                0x00000000       0x82 FreeRTOS/Source/stream_buffer.o
 .debug_info    0x00000000      0xb3c FreeRTOS/Source/stream_buffer.o
 .debug_abbrev  0x00000000      0x19a FreeRTOS/Source/stream_buffer.o
 .debug_loc     0x00000000      0x7c5 FreeRTOS/Source/stream_buffer.o
 .debug_aranges
                0x00000000       0xc0 FreeRTOS/Source/stream_buffer.o
 .debug_ranges  0x00000000       0xb0 FreeRTOS/Source/stream_buffer.o
 .debug_line    0x00000000      0x8c6 FreeRTOS/Source/stream_buffer.o
 .debug_str     0x00000000      0x734 FreeRTOS/Source/stream_buffer.o
 .comment       0x00000000       0x31 FreeRTOS/Source/stream_buffer.o
 .debug_frame   0x00000000      0x38c FreeRTOS/Source/stream_buffer.o
 .text          0x00000000        0x0 FreeRTOS/Source/tasks.o
 .data          0x00000000        0x0 FreeRTOS/Source/tasks.o
 .bss           0x00000000        0x0 FreeRTOS/Source/tasks.o
 .bss.xDelayedTaskList1
                0x00000000        0x9 FreeRTOS/Source/tasks.o
 .bss.xDelayedTaskList2
                0x00000000        0x9 FreeRTOS/Source/tasks.o
 .bss.xPendingReadyList
                0x00000000        0x9 FreeRTOS/Source/tasks.o
 .bss.xTasksWaitingTermination
                0x00000000        0x9 FreeRTOS/Source/tasks.o
 .bss.uxDeletedTasksWaitingCleanUp
                0x00000000        0x1 FreeRTOS/Source/tasks.o
 .bss.uxCurrentNumberOfTasks
                0x00000000        0x1 FreeRTOS/Source/tasks.o
 .bss.xSchedulerRunning
                0x00000000        0x1 FreeRTOS/Source/tasks.o
 .bss.uxTaskNumber
                0x00000000        0x1 FreeRTOS/Source/tasks.o
 .bss.xIdleTaskHandle
                0x00000000        0x2 FreeRTOS/Source/tasks.o
 .data.uxTopUsedPriority
                0x00000000        0x1 FreeRTOS/Source/tasks.o
 .text.xTaskCreate
                0x00000000       0xfa FreeRTOS/Source/tasks.o
 .text.prvInitialiseNewTask
                0x00000000      0x1a4 FreeRTOS/Source/tasks.o
 .text.prvAddNewTaskToReadyList
                0x00000000      0x1bc FreeRTOS/Source/tasks.o
 .text.vTaskDelete
                0x00000000       0xd2 FreeRTOS/Source/tasks.o
 .text.xTaskDelayUntil
                0x00000000       0xf4 FreeRTOS/Source/tasks.o
 .text.vTaskDelay
                0x00000000       0x46 FreeRTOS/Source/tasks.o
 .rodata        0x00000000        0x5 FreeRTOS/Source/tasks.o
 .text.vTaskStartScheduler
                0x00000000       0x6e FreeRTOS/Source/tasks.o
 .text.vTaskEndScheduler
                0x00000000       0x1a FreeRTOS/Source/tasks.o
 .text.vTaskSuspendAll
                0x00000000       0x1a FreeRTOS/Source/tasks.o
 .text.xTaskResumeAll
                0x00000000      0x306 FreeRTOS/Source/tasks.o
 .text.xTaskGetTickCount
                0x00000000       0x2e FreeRTOS/Source/tasks.o
 .text.xTaskGetTickCountFromISR
                0x00000000       0x2a FreeRTOS/Source/tasks.o
 .text.uxTaskGetNumberOfTasks
                0x00000000       0x12 FreeRTOS/Source/tasks.o
 .text.pcTaskGetName
                0x00000000       0x3e FreeRTOS/Source/tasks.o
 .text.xTaskCatchUpTicks
                0x00000000       0x40 FreeRTOS/Source/tasks.o
 .text.vTaskPlaceOnEventList
                0x00000000       0x46 FreeRTOS/Source/tasks.o
 .text.vTaskPlaceOnUnorderedEventList
                0x00000000       0xe4 FreeRTOS/Source/tasks.o
 .text.xTaskRemoveFromEventList
                0x00000000      0x300 FreeRTOS/Source/tasks.o
 .text.vTaskRemoveFromUnorderedEventList
                0x00000000      0x288 FreeRTOS/Source/tasks.o
 .text.vTaskSetTimeOutState
                0x00000000       0x42 FreeRTOS/Source/tasks.o
 .text.vTaskInternalSetTimeOutState
                0x00000000       0x38 FreeRTOS/Source/tasks.o
 .text.xTaskCheckForTimeOut
                0x00000000       0xde FreeRTOS/Source/tasks.o
 .text.vTaskMissedYield
                0x00000000       0x16 FreeRTOS/Source/tasks.o
 .text.prvIdleTask
                0x00000000       0x20 FreeRTOS/Source/tasks.o
 .text.prvInitialiseTaskLists
                0x00000000       0x7c FreeRTOS/Source/tasks.o
 .text.prvCheckTasksWaitingTermination
                0x00000000       0x62 FreeRTOS/Source/tasks.o
 .text.prvDeleteTCB
                0x00000000       0x30 FreeRTOS/Source/tasks.o
 .text.uxTaskResetEventItemValue
                0x00000000       0x54 FreeRTOS/Source/tasks.o
 .text.ulTaskGenericNotifyTake
                0x00000000      0x166 FreeRTOS/Source/tasks.o
 .text.xTaskGenericNotifyWait
                0x00000000      0x1f4 FreeRTOS/Source/tasks.o
 .text.xTaskGenericNotify
                0x00000000      0x3b8 FreeRTOS/Source/tasks.o
 .text.xTaskGenericNotifyFromISR
                0x00000000      0x44e FreeRTOS/Source/tasks.o
 .text.vTaskGenericNotifyGiveFromISR
                0x00000000      0x2f8 FreeRTOS/Source/tasks.o
 .text.xTaskGenericNotifyStateClear
                0x00000000       0x80 FreeRTOS/Source/tasks.o
 .text.ulTaskGenericNotifyValueClear
                0x00000000       0xee FreeRTOS/Source/tasks.o
 .text.prvAddCurrentTaskToDelayedList
                0x00000000       0xd0 FreeRTOS/Source/tasks.o
 .text          0x00000000        0x0 FreeRTOS/Source/timers.o
 .data          0x00000000        0x0 FreeRTOS/Source/timers.o
 .bss           0x00000000        0x0 FreeRTOS/Source/timers.o
 .debug_info    0x00000000       0x64 FreeRTOS/Source/timers.o
 .debug_abbrev  0x00000000       0x26 FreeRTOS/Source/timers.o
 .debug_aranges
                0x00000000       0x18 FreeRTOS/Source/timers.o
 .debug_line    0x00000000       0x1a FreeRTOS/Source/timers.o
 .debug_str     0x00000000      0x1df FreeRTOS/Source/timers.o
 .comment       0x00000000       0x31 FreeRTOS/Source/timers.o
 .text          0x00000000        0x0 HAL/LCD/src/LCD.o
 .data          0x00000000        0x0 HAL/LCD/src/LCD.o
 .bss           0x00000000        0x0 HAL/LCD/src/LCD.o
 .text.LCD_SendNumber
                0x00000000       0x70 HAL/LCD/src/LCD.o
 .text.LCD_ReadDispLoc
                0x00000000      0x392 HAL/LCD/src/LCD.o
 .data.State.1802
                0x00000000        0x1 HAL/LCD/src/LCD.o
 .bss.Character.1803
                0x00000000        0x1 HAL/LCD/src/LCD.o
 .text          0x00000000        0x0 HAL/LCD/src/LCD_Lcfg.o
 .data          0x00000000        0x0 HAL/LCD/src/LCD_Lcfg.o
 .bss           0x00000000        0x0 HAL/LCD/src/LCD_Lcfg.o
 .text          0x00000000        0x0 LIB/UTILS.o
 .data          0x00000000        0x0 LIB/UTILS.o
 .bss           0x00000000        0x0 LIB/UTILS.o
 .text.dummy_delay
                0x00000000       0x56 LIB/UTILS.o
 .text.StringCompare
                0x00000000       0xae LIB/UTILS.o
 .text.STR_Length
                0x00000000       0x60 LIB/UTILS.o
 .text.STR_CharIsNumeric
                0x00000000       0x40 LIB/UTILS.o
 .text.STR_StringIsNumeric
                0x00000000       0x72 LIB/UTILS.o
 .text.STR_CompareString
                0x00000000       0xaa LIB/UTILS.o
 .text.STR_String2Number
                0x00000000       0xfa LIB/UTILS.o
 .text.STR_Number2String
                0x00000000       0xce LIB/UTILS.o
 .text.STR_StringReverse
                0x00000000       0xa8 LIB/UTILS.o
 .debug_info    0x00000000      0x352 LIB/UTILS.o
 .debug_abbrev  0x00000000       0xeb LIB/UTILS.o
 .debug_loc     0x00000000      0x285 LIB/UTILS.o
 .debug_aranges
                0x00000000       0x60 LIB/UTILS.o
 .debug_ranges  0x00000000       0x50 LIB/UTILS.o
 .debug_line    0x00000000      0x39b LIB/UTILS.o
 .debug_str     0x00000000      0x304 LIB/UTILS.o
 .comment       0x00000000       0x31 LIB/UTILS.o
 .debug_frame   0x00000000      0x134 LIB/UTILS.o
 .text          0x00000000        0x0 MCAL/DIO/src/DIO.o
 .data          0x00000000        0x0 MCAL/DIO/src/DIO.o
 .bss           0x00000000        0x0 MCAL/DIO/src/DIO.o
 .text.DIO_TogglePin
                0x00000000      0x108 MCAL/DIO/src/DIO.o
 .text.DIO_ReadPin
                0x00000000      0x120 MCAL/DIO/src/DIO.o
 .text.DIO_EnablePinPullup
                0x00000000      0x108 MCAL/DIO/src/DIO.o
 .text          0x00000000        0x0 MCAL/PWM/src/PWM.o
 .data          0x00000000        0x0 MCAL/PWM/src/PWM.o
 .bss           0x00000000        0x0 MCAL/PWM/src/PWM.o
 .text.PWM_Init
                0x00000000       0xc8 MCAL/PWM/src/PWM.o
 .text.PWM_Start
                0x00000000       0x46 MCAL/PWM/src/PWM.o
 .text.PWM_Stop
                0x00000000       0x40 MCAL/PWM/src/PWM.o
 .text.PWM_Connect
                0x00000000       0x58 MCAL/PWM/src/PWM.o
 .text.PWM_Disconnect
                0x00000000       0x40 MCAL/PWM/src/PWM.o
 .text.PWM_SetDuty
                0x00000000       0xce MCAL/PWM/src/PWM.o
 .debug_info    0x00000000      0x352 MCAL/PWM/src/PWM.o
 .debug_abbrev  0x00000000       0xf3 MCAL/PWM/src/PWM.o
 .debug_loc     0x00000000      0x1ca MCAL/PWM/src/PWM.o
 .debug_aranges
                0x00000000       0x48 MCAL/PWM/src/PWM.o
 .debug_ranges  0x00000000       0x38 MCAL/PWM/src/PWM.o
 .debug_line    0x00000000      0x2b4 MCAL/PWM/src/PWM.o
 .debug_str     0x00000000      0x3fc MCAL/PWM/src/PWM.o
 .comment       0x00000000       0x31 MCAL/PWM/src/PWM.o
 .debug_frame   0x00000000       0xe0 MCAL/PWM/src/PWM.o
 .text          0x00000000        0x0 MCAL/PWM/src/PWM_Lcfg.o
 .data          0x00000000        0x0 MCAL/PWM/src/PWM_Lcfg.o
 .bss           0x00000000        0x0 MCAL/PWM/src/PWM_Lcfg.o
 .data.gastr_PWMConfig
                0x00000000        0xc MCAL/PWM/src/PWM_Lcfg.o
 .debug_info    0x00000000      0x185 MCAL/PWM/src/PWM_Lcfg.o
 .debug_abbrev  0x00000000       0x8e MCAL/PWM/src/PWM_Lcfg.o
 .debug_aranges
                0x00000000       0x18 MCAL/PWM/src/PWM_Lcfg.o
 .debug_line    0x00000000       0x99 MCAL/PWM/src/PWM_Lcfg.o
 .debug_str     0x00000000      0x35d MCAL/PWM/src/PWM_Lcfg.o
 .comment       0x00000000       0x31 MCAL/PWM/src/PWM_Lcfg.o
 .text          0x00000000        0x0 MCAL/TIMER/src/TIMER.o
 .data          0x00000000        0x0 MCAL/TIMER/src/TIMER.o
 .bss           0x00000000        0x0 MCAL/TIMER/src/TIMER.o
 .text.TIM_Stop
                0x00000000       0x6c MCAL/TIMER/src/TIMER.o
 .text          0x00000000        0x0 MCAL/TIMER/src/TIMER_Lcfg.o
 .data          0x00000000        0x0 MCAL/TIMER/src/TIMER_Lcfg.o
 .bss           0x00000000        0x0 MCAL/TIMER/src/TIMER_Lcfg.o
 .text          0x00000000        0x0 main.o
 .data          0x00000000        0x0 main.o
 .bss           0x00000000        0x0 main.o
 .text          0x00000000        0x0 MCAL/EEPROM/src/EEPROM.o
 .data          0x00000000        0x0 MCAL/EEPROM/src/EEPROM.o
 .bss           0x00000000        0x0 MCAL/EEPROM/src/EEPROM.o
 .text.EEPROM_Init
                0x00000000       0x40 MCAL/EEPROM/src/EEPROM.o
 .text.EEPROM_Read
                0x00000000       0xa6 MCAL/EEPROM/src/EEPROM.o
 .text.EEPROM_Write
                0x00000000       0xd4 MCAL/EEPROM/src/EEPROM.o
 .debug_info    0x00000000      0x16e MCAL/EEPROM/src/EEPROM.o
 .debug_abbrev  0x00000000       0xb2 MCAL/EEPROM/src/EEPROM.o
 .debug_loc     0x00000000       0xd8 MCAL/EEPROM/src/EEPROM.o
 .debug_aranges
                0x00000000       0x30 MCAL/EEPROM/src/EEPROM.o
 .debug_ranges  0x00000000       0x20 MCAL/EEPROM/src/EEPROM.o
 .debug_line    0x00000000      0x192 MCAL/EEPROM/src/EEPROM.o
 .debug_str     0x00000000      0x23b MCAL/EEPROM/src/EEPROM.o
 .comment       0x00000000       0x31 MCAL/EEPROM/src/EEPROM.o
 .debug_frame   0x00000000       0x74 MCAL/EEPROM/src/EEPROM.o
 .text          0x00000000        0x0 c:/users/vetmo/downloads/ahmed/atmel/7.0/toolchain/avr8/avr8-gnu-toolchain/bin/../lib/gcc/avr/5.4.0/../../../../avr/lib/avr5\libm.a(addsf3.o)
 .data          0x00000000        0x0 c:/users/vetmo/downloads/ahmed/atmel/7.0/toolchain/avr8/avr8-gnu-toolchain/bin/../lib/gcc/avr/5.4.0/../../../../avr/lib/avr5\libm.a(addsf3.o)
 .bss           0x00000000        0x0 c:/users/vetmo/downloads/ahmed/atmel/7.0/toolchain/avr8/avr8-gnu-toolchain/bin/../lib/gcc/avr/5.4.0/../../../../avr/lib/avr5\libm.a(addsf3.o)
 .text.avr-libc.fplib
                0x00000000        0xe c:/users/vetmo/downloads/ahmed/atmel/7.0/toolchain/avr8/avr8-gnu-toolchain/bin/../lib/gcc/avr/5.4.0/../../../../avr/lib/avr5\libm.a(addsf3.o)
 .text          0x00000000        0x0 c:/users/vetmo/downloads/ahmed/atmel/7.0/toolchain/avr8/avr8-gnu-toolchain/bin/../lib/gcc/avr/5.4.0/../../../../avr/lib/avr5\libm.a(addsf3x.o)
 .data          0x00000000        0x0 c:/users/vetmo/downloads/ahmed/atmel/7.0/toolchain/avr8/avr8-gnu-toolchain/bin/../lib/gcc/avr/5.4.0/../../../../avr/lib/avr5\libm.a(addsf3x.o)
 .bss           0x00000000        0x0 c:/users/vetmo/downloads/ahmed/atmel/7.0/toolchain/avr8/avr8-gnu-toolchain/bin/../lib/gcc/avr/5.4.0/../../../../avr/lib/avr5\libm.a(addsf3x.o)
 .text.avr-libc.fplib
                0x00000000       0xcc c:/users/vetmo/downloads/ahmed/atmel/7.0/toolchain/avr8/avr8-gnu-toolchain/bin/../lib/gcc/avr/5.4.0/../../../../avr/lib/avr5\libm.a(addsf3x.o)
 .text          0x00000000        0x0 c:/users/vetmo/downloads/ahmed/atmel/7.0/toolchain/avr8/avr8-gnu-toolchain/bin/../lib/gcc/avr/5.4.0/../../../../avr/lib/avr5\libm.a(cmpsf2.o)
 .data          0x00000000        0x0 c:/users/vetmo/downloads/ahmed/atmel/7.0/toolchain/avr8/avr8-gnu-toolchain/bin/../lib/gcc/avr/5.4.0/../../../../avr/lib/avr5\libm.a(cmpsf2.o)
 .bss           0x00000000        0x0 c:/users/vetmo/downloads/ahmed/atmel/7.0/toolchain/avr8/avr8-gnu-toolchain/bin/../lib/gcc/avr/5.4.0/../../../../avr/lib/avr5\libm.a(cmpsf2.o)
 .text          0x00000000        0x0 c:/users/vetmo/downloads/ahmed/atmel/7.0/toolchain/avr8/avr8-gnu-toolchain/bin/../lib/gcc/avr/5.4.0/../../../../avr/lib/avr5\libm.a(divsf3.o)
 .data          0x00000000        0x0 c:/users/vetmo/downloads/ahmed/atmel/7.0/toolchain/avr8/avr8-gnu-toolchain/bin/../lib/gcc/avr/5.4.0/../../../../avr/lib/avr5\libm.a(divsf3.o)
 .bss           0x00000000        0x0 c:/users/vetmo/downloads/ahmed/atmel/7.0/toolchain/avr8/avr8-gnu-toolchain/bin/../lib/gcc/avr/5.4.0/../../../../avr/lib/avr5\libm.a(divsf3.o)
 .text          0x00000000        0x0 c:/users/vetmo/downloads/ahmed/atmel/7.0/toolchain/avr8/avr8-gnu-toolchain/bin/../lib/gcc/avr/5.4.0/../../../../avr/lib/avr5\libm.a(divsf3x.o)
 .data          0x00000000        0x0 c:/users/vetmo/downloads/ahmed/atmel/7.0/toolchain/avr8/avr8-gnu-toolchain/bin/../lib/gcc/avr/5.4.0/../../../../avr/lib/avr5\libm.a(divsf3x.o)
 .bss           0x00000000        0x0 c:/users/vetmo/downloads/ahmed/atmel/7.0/toolchain/avr8/avr8-gnu-toolchain/bin/../lib/gcc/avr/5.4.0/../../../../avr/lib/avr5\libm.a(divsf3x.o)
 .text          0x00000000        0x0 c:/users/vetmo/downloads/ahmed/atmel/7.0/toolchain/avr8/avr8-gnu-toolchain/bin/../lib/gcc/avr/5.4.0/../../../../avr/lib/avr5\libm.a(fixunssfsi.o)
 .data          0x00000000        0x0 c:/users/vetmo/downloads/ahmed/atmel/7.0/toolchain/avr8/avr8-gnu-toolchain/bin/../lib/gcc/avr/5.4.0/../../../../avr/lib/avr5\libm.a(fixunssfsi.o)
 .bss           0x00000000        0x0 c:/users/vetmo/downloads/ahmed/atmel/7.0/toolchain/avr8/avr8-gnu-toolchain/bin/../lib/gcc/avr/5.4.0/../../../../avr/lib/avr5\libm.a(fixunssfsi.o)
 .text          0x00000000        0x0 c:/users/vetmo/downloads/ahmed/atmel/7.0/toolchain/avr8/avr8-gnu-toolchain/bin/../lib/gcc/avr/5.4.0/../../../../avr/lib/avr5\libm.a(floatsisf.o)
 .data          0x00000000        0x0 c:/users/vetmo/downloads/ahmed/atmel/7.0/toolchain/avr8/avr8-gnu-toolchain/bin/../lib/gcc/avr/5.4.0/../../../../avr/lib/avr5\libm.a(floatsisf.o)
 .bss           0x00000000        0x0 c:/users/vetmo/downloads/ahmed/atmel/7.0/toolchain/avr8/avr8-gnu-toolchain/bin/../lib/gcc/avr/5.4.0/../../../../avr/lib/avr5\libm.a(floatsisf.o)
 .text          0x00000000        0x0 c:/users/vetmo/downloads/ahmed/atmel/7.0/toolchain/avr8/avr8-gnu-toolchain/bin/../lib/gcc/avr/5.4.0/../../../../avr/lib/avr5\libm.a(fp_cmp.o)
 .data          0x00000000        0x0 c:/users/vetmo/downloads/ahmed/atmel/7.0/toolchain/avr8/avr8-gnu-toolchain/bin/../lib/gcc/avr/5.4.0/../../../../avr/lib/avr5\libm.a(fp_cmp.o)
 .bss           0x00000000        0x0 c:/users/vetmo/downloads/ahmed/atmel/7.0/toolchain/avr8/avr8-gnu-toolchain/bin/../lib/gcc/avr/5.4.0/../../../../avr/lib/avr5\libm.a(fp_cmp.o)
 .text          0x00000000        0x0 c:/users/vetmo/downloads/ahmed/atmel/7.0/toolchain/avr8/avr8-gnu-toolchain/bin/../lib/gcc/avr/5.4.0/../../../../avr/lib/avr5\libm.a(fp_inf.o)
 .data          0x00000000        0x0 c:/users/vetmo/downloads/ahmed/atmel/7.0/toolchain/avr8/avr8-gnu-toolchain/bin/../lib/gcc/avr/5.4.0/../../../../avr/lib/avr5\libm.a(fp_inf.o)
 .bss           0x00000000        0x0 c:/users/vetmo/downloads/ahmed/atmel/7.0/toolchain/avr8/avr8-gnu-toolchain/bin/../lib/gcc/avr/5.4.0/../../../../avr/lib/avr5\libm.a(fp_inf.o)
 .text          0x00000000        0x0 c:/users/vetmo/downloads/ahmed/atmel/7.0/toolchain/avr8/avr8-gnu-toolchain/bin/../lib/gcc/avr/5.4.0/../../../../avr/lib/avr5\libm.a(fp_nan.o)
 .data          0x00000000        0x0 c:/users/vetmo/downloads/ahmed/atmel/7.0/toolchain/avr8/avr8-gnu-toolchain/bin/../lib/gcc/avr/5.4.0/../../../../avr/lib/avr5\libm.a(fp_nan.o)
 .bss           0x00000000        0x0 c:/users/vetmo/downloads/ahmed/atmel/7.0/toolchain/avr8/avr8-gnu-toolchain/bin/../lib/gcc/avr/5.4.0/../../../../avr/lib/avr5\libm.a(fp_nan.o)
 .text          0x00000000        0x0 c:/users/vetmo/downloads/ahmed/atmel/7.0/toolchain/avr8/avr8-gnu-toolchain/bin/../lib/gcc/avr/5.4.0/../../../../avr/lib/avr5\libm.a(fp_pscA.o)
 .data          0x00000000        0x0 c:/users/vetmo/downloads/ahmed/atmel/7.0/toolchain/avr8/avr8-gnu-toolchain/bin/../lib/gcc/avr/5.4.0/../../../../avr/lib/avr5\libm.a(fp_pscA.o)
 .bss           0x00000000        0x0 c:/users/vetmo/downloads/ahmed/atmel/7.0/toolchain/avr8/avr8-gnu-toolchain/bin/../lib/gcc/avr/5.4.0/../../../../avr/lib/avr5\libm.a(fp_pscA.o)
 .text          0x00000000        0x0 c:/users/vetmo/downloads/ahmed/atmel/7.0/toolchain/avr8/avr8-gnu-toolchain/bin/../lib/gcc/avr/5.4.0/../../../../avr/lib/avr5\libm.a(fp_pscB.o)
 .data          0x00000000        0x0 c:/users/vetmo/downloads/ahmed/atmel/7.0/toolchain/avr8/avr8-gnu-toolchain/bin/../lib/gcc/avr/5.4.0/../../../../avr/lib/avr5\libm.a(fp_pscB.o)
 .bss           0x00000000        0x0 c:/users/vetmo/downloads/ahmed/atmel/7.0/toolchain/avr8/avr8-gnu-toolchain/bin/../lib/gcc/avr/5.4.0/../../../../avr/lib/avr5\libm.a(fp_pscB.o)
 .text          0x00000000        0x0 c:/users/vetmo/downloads/ahmed/atmel/7.0/toolchain/avr8/avr8-gnu-toolchain/bin/../lib/gcc/avr/5.4.0/../../../../avr/lib/avr5\libm.a(fp_round.o)
 .data          0x00000000        0x0 c:/users/vetmo/downloads/ahmed/atmel/7.0/toolchain/avr8/avr8-gnu-toolchain/bin/../lib/gcc/avr/5.4.0/../../../../avr/lib/avr5\libm.a(fp_round.o)
 .bss           0x00000000        0x0 c:/users/vetmo/downloads/ahmed/atmel/7.0/toolchain/avr8/avr8-gnu-toolchain/bin/../lib/gcc/avr/5.4.0/../../../../avr/lib/avr5\libm.a(fp_round.o)
 .text          0x00000000        0x0 c:/users/vetmo/downloads/ahmed/atmel/7.0/toolchain/avr8/avr8-gnu-toolchain/bin/../lib/gcc/avr/5.4.0/../../../../avr/lib/avr5\libm.a(fp_split3.o)
 .data          0x00000000        0x0 c:/users/vetmo/downloads/ahmed/atmel/7.0/toolchain/avr8/avr8-gnu-toolchain/bin/../lib/gcc/avr/5.4.0/../../../../avr/lib/avr5\libm.a(fp_split3.o)
 .bss           0x00000000        0x0 c:/users/vetmo/downloads/ahmed/atmel/7.0/toolchain/avr8/avr8-gnu-toolchain/bin/../lib/gcc/avr/5.4.0/../../../../avr/lib/avr5\libm.a(fp_split3.o)
 .text          0x00000000        0x0 c:/users/vetmo/downloads/ahmed/atmel/7.0/toolchain/avr8/avr8-gnu-toolchain/bin/../lib/gcc/avr/5.4.0/../../../../avr/lib/avr5\libm.a(fp_zero.o)
 .data          0x00000000        0x0 c:/users/vetmo/downloads/ahmed/atmel/7.0/toolchain/avr8/avr8-gnu-toolchain/bin/../lib/gcc/avr/5.4.0/../../../../avr/lib/avr5\libm.a(fp_zero.o)
 .bss           0x00000000        0x0 c:/users/vetmo/downloads/ahmed/atmel/7.0/toolchain/avr8/avr8-gnu-toolchain/bin/../lib/gcc/avr/5.4.0/../../../../avr/lib/avr5\libm.a(fp_zero.o)
 .text          0x00000000        0x0 c:/users/vetmo/downloads/ahmed/atmel/7.0/toolchain/avr8/avr8-gnu-toolchain/bin/../lib/gcc/avr/5.4.0/../../../../avr/lib/avr5\libm.a(mulsf3.o)
 .data          0x00000000        0x0 c:/users/vetmo/downloads/ahmed/atmel/7.0/toolchain/avr8/avr8-gnu-toolchain/bin/../lib/gcc/avr/5.4.0/../../../../avr/lib/avr5\libm.a(mulsf3.o)
 .bss           0x00000000        0x0 c:/users/vetmo/downloads/ahmed/atmel/7.0/toolchain/avr8/avr8-gnu-toolchain/bin/../lib/gcc/avr/5.4.0/../../../../avr/lib/avr5\libm.a(mulsf3.o)
 .text.avr-libc.fplib
                0x00000000        0x8 c:/users/vetmo/downloads/ahmed/atmel/7.0/toolchain/avr8/avr8-gnu-toolchain/bin/../lib/gcc/avr/5.4.0/../../../../avr/lib/avr5\libm.a(mulsf3.o)
 .text          0x00000000        0x0 c:/users/vetmo/downloads/ahmed/atmel/7.0/toolchain/avr8/avr8-gnu-toolchain/bin/../lib/gcc/avr/5.4.0/../../../../avr/lib/avr5\libm.a(mulsf3x.o)
 .data          0x00000000        0x0 c:/users/vetmo/downloads/ahmed/atmel/7.0/toolchain/avr8/avr8-gnu-toolchain/bin/../lib/gcc/avr/5.4.0/../../../../avr/lib/avr5\libm.a(mulsf3x.o)
 .bss           0x00000000        0x0 c:/users/vetmo/downloads/ahmed/atmel/7.0/toolchain/avr8/avr8-gnu-toolchain/bin/../lib/gcc/avr/5.4.0/../../../../avr/lib/avr5\libm.a(mulsf3x.o)
 .text.avr-libc.fplib
                0x00000000       0xd2 c:/users/vetmo/downloads/ahmed/atmel/7.0/toolchain/avr8/avr8-gnu-toolchain/bin/../lib/gcc/avr/5.4.0/../../../../avr/lib/avr5\libm.a(mulsf3x.o)
 .text          0x00000000        0x0 c:/users/vetmo/downloads/ahmed/atmel/7.0/toolchain/avr8/avr8-gnu-toolchain/bin/../lib/gcc/avr/5.4.0/avr5\libgcc.a(_udivmodhi4.o)
 .data          0x00000000        0x0 c:/users/vetmo/downloads/ahmed/atmel/7.0/toolchain/avr8/avr8-gnu-toolchain/bin/../lib/gcc/avr/5.4.0/avr5\libgcc.a(_udivmodhi4.o)
 .bss           0x00000000        0x0 c:/users/vetmo/downloads/ahmed/atmel/7.0/toolchain/avr8/avr8-gnu-toolchain/bin/../lib/gcc/avr/5.4.0/avr5\libgcc.a(_udivmodhi4.o)
 .text.libgcc.mul
                0x00000000        0x0 c:/users/vetmo/downloads/ahmed/atmel/7.0/toolchain/avr8/avr8-gnu-toolchain/bin/../lib/gcc/avr/5.4.0/avr5\libgcc.a(_udivmodhi4.o)
 .text.libgcc.div
                0x00000000       0x28 c:/users/vetmo/downloads/ahmed/atmel/7.0/toolchain/avr8/avr8-gnu-toolchain/bin/../lib/gcc/avr/5.4.0/avr5\libgcc.a(_udivmodhi4.o)
 .text.libgcc   0x00000000        0x0 c:/users/vetmo/downloads/ahmed/atmel/7.0/toolchain/avr8/avr8-gnu-toolchain/bin/../lib/gcc/avr/5.4.0/avr5\libgcc.a(_udivmodhi4.o)
 .text.libgcc.prologue
                0x00000000        0x0 c:/users/vetmo/downloads/ahmed/atmel/7.0/toolchain/avr8/avr8-gnu-toolchain/bin/../lib/gcc/avr/5.4.0/avr5\libgcc.a(_udivmodhi4.o)
 .text.libgcc.builtins
                0x00000000        0x0 c:/users/vetmo/downloads/ahmed/atmel/7.0/toolchain/avr8/avr8-gnu-toolchain/bin/../lib/gcc/avr/5.4.0/avr5\libgcc.a(_udivmodhi4.o)
 .text.libgcc.fmul
                0x00000000        0x0 c:/users/vetmo/downloads/ahmed/atmel/7.0/toolchain/avr8/avr8-gnu-toolchain/bin/../lib/gcc/avr/5.4.0/avr5\libgcc.a(_udivmodhi4.o)
 .text.libgcc.fixed
                0x00000000        0x0 c:/users/vetmo/downloads/ahmed/atmel/7.0/toolchain/avr8/avr8-gnu-toolchain/bin/../lib/gcc/avr/5.4.0/avr5\libgcc.a(_udivmodhi4.o)
 .text          0x00000000        0x0 c:/users/vetmo/downloads/ahmed/atmel/7.0/toolchain/avr8/avr8-gnu-toolchain/bin/../lib/gcc/avr/5.4.0/avr5\libgcc.a(_udivmodsi4.o)
 .data          0x00000000        0x0 c:/users/vetmo/downloads/ahmed/atmel/7.0/toolchain/avr8/avr8-gnu-toolchain/bin/../lib/gcc/avr/5.4.0/avr5\libgcc.a(_udivmodsi4.o)
 .bss           0x00000000        0x0 c:/users/vetmo/downloads/ahmed/atmel/7.0/toolchain/avr8/avr8-gnu-toolchain/bin/../lib/gcc/avr/5.4.0/avr5\libgcc.a(_udivmodsi4.o)
 .text.libgcc.mul
                0x00000000        0x0 c:/users/vetmo/downloads/ahmed/atmel/7.0/toolchain/avr8/avr8-gnu-toolchain/bin/../lib/gcc/avr/5.4.0/avr5\libgcc.a(_udivmodsi4.o)
 .text.libgcc.div
                0x00000000       0x44 c:/users/vetmo/downloads/ahmed/atmel/7.0/toolchain/avr8/avr8-gnu-toolchain/bin/../lib/gcc/avr/5.4.0/avr5\libgcc.a(_udivmodsi4.o)
 .text.libgcc   0x00000000        0x0 c:/users/vetmo/downloads/ahmed/atmel/7.0/toolchain/avr8/avr8-gnu-toolchain/bin/../lib/gcc/avr/5.4.0/avr5\libgcc.a(_udivmodsi4.o)
 .text.libgcc.prologue
                0x00000000        0x0 c:/users/vetmo/downloads/ahmed/atmel/7.0/toolchain/avr8/avr8-gnu-toolchain/bin/../lib/gcc/avr/5.4.0/avr5\libgcc.a(_udivmodsi4.o)
 .text.libgcc.builtins
                0x00000000        0x0 c:/users/vetmo/downloads/ahmed/atmel/7.0/toolchain/avr8/avr8-gnu-toolchain/bin/../lib/gcc/avr/5.4.0/avr5\libgcc.a(_udivmodsi4.o)
 .text.libgcc.fmul
                0x00000000        0x0 c:/users/vetmo/downloads/ahmed/atmel/7.0/toolchain/avr8/avr8-gnu-toolchain/bin/../lib/gcc/avr/5.4.0/avr5\libgcc.a(_udivmodsi4.o)
 .text.libgcc.fixed
                0x00000000        0x0 c:/users/vetmo/downloads/ahmed/atmel/7.0/toolchain/avr8/avr8-gnu-toolchain/bin/../lib/gcc/avr/5.4.0/avr5\libgcc.a(_udivmodsi4.o)
 .text          0x00000000        0x0 c:/users/vetmo/downloads/ahmed/atmel/7.0/toolchain/avr8/avr8-gnu-toolchain/bin/../lib/gcc/avr/5.4.0/avr5\libgcc.a(_exit.o)
 .data          0x00000000        0x0 c:/users/vetmo/downloads/ahmed/atmel/7.0/toolchain/avr8/avr8-gnu-toolchain/bin/../lib/gcc/avr/5.4.0/avr5\libgcc.a(_exit.o)
 .bss           0x00000000        0x0 c:/users/vetmo/downloads/ahmed/atmel/7.0/toolchain/avr8/avr8-gnu-toolchain/bin/../lib/gcc/avr/5.4.0/avr5\libgcc.a(_exit.o)
 .text.libgcc.mul
                0x00000000        0x0 c:/users/vetmo/downloads/ahmed/atmel/7.0/toolchain/avr8/avr8-gnu-toolchain/bin/../lib/gcc/avr/5.4.0/avr5\libgcc.a(_exit.o)
 .text.libgcc.div
                0x00000000        0x0 c:/users/vetmo/downloads/ahmed/atmel/7.0/toolchain/avr8/avr8-gnu-toolchain/bin/../lib/gcc/avr/5.4.0/avr5\libgcc.a(_exit.o)
 .text.libgcc   0x00000000        0x0 c:/users/vetmo/downloads/ahmed/atmel/7.0/toolchain/avr8/avr8-gnu-toolchain/bin/../lib/gcc/avr/5.4.0/avr5\libgcc.a(_exit.o)
 .text.libgcc.prologue
                0x00000000        0x0 c:/users/vetmo/downloads/ahmed/atmel/7.0/toolchain/avr8/avr8-gnu-toolchain/bin/../lib/gcc/avr/5.4.0/avr5\libgcc.a(_exit.o)
 .text.libgcc.builtins
                0x00000000        0x0 c:/users/vetmo/downloads/ahmed/atmel/7.0/toolchain/avr8/avr8-gnu-toolchain/bin/../lib/gcc/avr/5.4.0/avr5\libgcc.a(_exit.o)
 .text.libgcc.fmul
                0x00000000        0x0 c:/users/vetmo/downloads/ahmed/atmel/7.0/toolchain/avr8/avr8-gnu-toolchain/bin/../lib/gcc/avr/5.4.0/avr5\libgcc.a(_exit.o)
 .text.libgcc.fixed
                0x00000000        0x0 c:/users/vetmo/downloads/ahmed/atmel/7.0/toolchain/avr8/avr8-gnu-toolchain/bin/../lib/gcc/avr/5.4.0/avr5\libgcc.a(_exit.o)
 .text          0x00000000        0x0 c:/users/vetmo/downloads/ahmed/atmel/7.0/toolchain/avr8/avr8-gnu-toolchain/bin/../lib/gcc/avr/5.4.0/avr5\libgcc.a(_tablejump2.o)
 .data          0x00000000        0x0 c:/users/vetmo/downloads/ahmed/atmel/7.0/toolchain/avr8/avr8-gnu-toolchain/bin/../lib/gcc/avr/5.4.0/avr5\libgcc.a(_tablejump2.o)
 .bss           0x00000000        0x0 c:/users/vetmo/downloads/ahmed/atmel/7.0/toolchain/avr8/avr8-gnu-toolchain/bin/../lib/gcc/avr/5.4.0/avr5\libgcc.a(_tablejump2.o)
 .text.libgcc.mul
                0x00000000        0x0 c:/users/vetmo/downloads/ahmed/atmel/7.0/toolchain/avr8/avr8-gnu-toolchain/bin/../lib/gcc/avr/5.4.0/avr5\libgcc.a(_tablejump2.o)
 .text.libgcc.div
                0x00000000        0x0 c:/users/vetmo/downloads/ahmed/atmel/7.0/toolchain/avr8/avr8-gnu-toolchain/bin/../lib/gcc/avr/5.4.0/avr5\libgcc.a(_tablejump2.o)
 .text.libgcc.prologue
                0x00000000        0x0 c:/users/vetmo/downloads/ahmed/atmel/7.0/toolchain/avr8/avr8-gnu-toolchain/bin/../lib/gcc/avr/5.4.0/avr5\libgcc.a(_tablejump2.o)
 .text.libgcc.builtins
                0x00000000        0x0 c:/users/vetmo/downloads/ahmed/atmel/7.0/toolchain/avr8/avr8-gnu-toolchain/bin/../lib/gcc/avr/5.4.0/avr5\libgcc.a(_tablejump2.o)
 .text.libgcc.fmul
                0x00000000        0x0 c:/users/vetmo/downloads/ahmed/atmel/7.0/toolchain/avr8/avr8-gnu-toolchain/bin/../lib/gcc/avr/5.4.0/avr5\libgcc.a(_tablejump2.o)
 .text.libgcc.fixed
                0x00000000        0x0 c:/users/vetmo/downloads/ahmed/atmel/7.0/toolchain/avr8/avr8-gnu-toolchain/bin/../lib/gcc/avr/5.4.0/avr5\libgcc.a(_tablejump2.o)
 .text          0x00000000        0x0 c:/users/vetmo/downloads/ahmed/atmel/7.0/toolchain/avr8/avr8-gnu-toolchain/bin/../lib/gcc/avr/5.4.0/avr5\libgcc.a(_copy_data.o)
 .data          0x00000000        0x0 c:/users/vetmo/downloads/ahmed/atmel/7.0/toolchain/avr8/avr8-gnu-toolchain/bin/../lib/gcc/avr/5.4.0/avr5\libgcc.a(_copy_data.o)
 .bss           0x00000000        0x0 c:/users/vetmo/downloads/ahmed/atmel/7.0/toolchain/avr8/avr8-gnu-toolchain/bin/../lib/gcc/avr/5.4.0/avr5\libgcc.a(_copy_data.o)
 .text.libgcc.mul
                0x00000000        0x0 c:/users/vetmo/downloads/ahmed/atmel/7.0/toolchain/avr8/avr8-gnu-toolchain/bin/../lib/gcc/avr/5.4.0/avr5\libgcc.a(_copy_data.o)
 .text.libgcc.div
                0x00000000        0x0 c:/users/vetmo/downloads/ahmed/atmel/7.0/toolchain/avr8/avr8-gnu-toolchain/bin/../lib/gcc/avr/5.4.0/avr5\libgcc.a(_copy_data.o)
 .text.libgcc   0x00000000        0x0 c:/users/vetmo/downloads/ahmed/atmel/7.0/toolchain/avr8/avr8-gnu-toolchain/bin/../lib/gcc/avr/5.4.0/avr5\libgcc.a(_copy_data.o)
 .text.libgcc.prologue
                0x00000000        0x0 c:/users/vetmo/downloads/ahmed/atmel/7.0/toolchain/avr8/avr8-gnu-toolchain/bin/../lib/gcc/avr/5.4.0/avr5\libgcc.a(_copy_data.o)
 .text.libgcc.builtins
                0x00000000        0x0 c:/users/vetmo/downloads/ahmed/atmel/7.0/toolchain/avr8/avr8-gnu-toolchain/bin/../lib/gcc/avr/5.4.0/avr5\libgcc.a(_copy_data.o)
 .text.libgcc.fmul
                0x00000000        0x0 c:/users/vetmo/downloads/ahmed/atmel/7.0/toolchain/avr8/avr8-gnu-toolchain/bin/../lib/gcc/avr/5.4.0/avr5\libgcc.a(_copy_data.o)
 .text.libgcc.fixed
                0x00000000        0x0 c:/users/vetmo/downloads/ahmed/atmel/7.0/toolchain/avr8/avr8-gnu-toolchain/bin/../lib/gcc/avr/5.4.0/avr5\libgcc.a(_copy_data.o)
 .text          0x00000000        0x0 c:/users/vetmo/downloads/ahmed/atmel/7.0/toolchain/avr8/avr8-gnu-toolchain/bin/../lib/gcc/avr/5.4.0/avr5\libgcc.a(_clear_bss.o)
 .data          0x00000000        0x0 c:/users/vetmo/downloads/ahmed/atmel/7.0/toolchain/avr8/avr8-gnu-toolchain/bin/../lib/gcc/avr/5.4.0/avr5\libgcc.a(_clear_bss.o)
 .bss           0x00000000        0x0 c:/users/vetmo/downloads/ahmed/atmel/7.0/toolchain/avr8/avr8-gnu-toolchain/bin/../lib/gcc/avr/5.4.0/avr5\libgcc.a(_clear_bss.o)
 .text.libgcc.mul
                0x00000000        0x0 c:/users/vetmo/downloads/ahmed/atmel/7.0/toolchain/avr8/avr8-gnu-toolchain/bin/../lib/gcc/avr/5.4.0/avr5\libgcc.a(_clear_bss.o)
 .text.libgcc.div
                0x00000000        0x0 c:/users/vetmo/downloads/ahmed/atmel/7.0/toolchain/avr8/avr8-gnu-toolchain/bin/../lib/gcc/avr/5.4.0/avr5\libgcc.a(_clear_bss.o)
 .text.libgcc   0x00000000        0x0 c:/users/vetmo/downloads/ahmed/atmel/7.0/toolchain/avr8/avr8-gnu-toolchain/bin/../lib/gcc/avr/5.4.0/avr5\libgcc.a(_clear_bss.o)
 .text.libgcc.prologue
                0x00000000        0x0 c:/users/vetmo/downloads/ahmed/atmel/7.0/toolchain/avr8/avr8-gnu-toolchain/bin/../lib/gcc/avr/5.4.0/avr5\libgcc.a(_clear_bss.o)
 .text.libgcc.builtins
                0x00000000        0x0 c:/users/vetmo/downloads/ahmed/atmel/7.0/toolchain/avr8/avr8-gnu-toolchain/bin/../lib/gcc/avr/5.4.0/avr5\libgcc.a(_clear_bss.o)
 .text.libgcc.fmul
                0x00000000        0x0 c:/users/vetmo/downloads/ahmed/atmel/7.0/toolchain/avr8/avr8-gnu-toolchain/bin/../lib/gcc/avr/5.4.0/avr5\libgcc.a(_clear_bss.o)
 .text.libgcc.fixed
                0x00000000        0x0 c:/users/vetmo/downloads/ahmed/atmel/7.0/toolchain/avr8/avr8-gnu-toolchain/bin/../lib/gcc/avr/5.4.0/avr5\libgcc.a(_clear_bss.o)
 .text          0x00000000        0x0 c:/users/vetmo/downloads/ahmed/atmel/7.0/toolchain/avr8/avr8-gnu-toolchain/bin/../lib/gcc/avr/5.4.0/avr5\libgcc.a(_muluhisi3.o)
 .data          0x00000000        0x0 c:/users/vetmo/downloads/ahmed/atmel/7.0/toolchain/avr8/avr8-gnu-toolchain/bin/../lib/gcc/avr/5.4.0/avr5\libgcc.a(_muluhisi3.o)
 .bss           0x00000000        0x0 c:/users/vetmo/downloads/ahmed/atmel/7.0/toolchain/avr8/avr8-gnu-toolchain/bin/../lib/gcc/avr/5.4.0/avr5\libgcc.a(_muluhisi3.o)
 .text.libgcc.div
                0x00000000        0x0 c:/users/vetmo/downloads/ahmed/atmel/7.0/toolchain/avr8/avr8-gnu-toolchain/bin/../lib/gcc/avr/5.4.0/avr5\libgcc.a(_muluhisi3.o)
 .text.libgcc   0x00000000        0x0 c:/users/vetmo/downloads/ahmed/atmel/7.0/toolchain/avr8/avr8-gnu-toolchain/bin/../lib/gcc/avr/5.4.0/avr5\libgcc.a(_muluhisi3.o)
 .text.libgcc.prologue
                0x00000000        0x0 c:/users/vetmo/downloads/ahmed/atmel/7.0/toolchain/avr8/avr8-gnu-toolchain/bin/../lib/gcc/avr/5.4.0/avr5\libgcc.a(_muluhisi3.o)
 .text.libgcc.builtins
                0x00000000        0x0 c:/users/vetmo/downloads/ahmed/atmel/7.0/toolchain/avr8/avr8-gnu-toolchain/bin/../lib/gcc/avr/5.4.0/avr5\libgcc.a(_muluhisi3.o)
 .text.libgcc.fmul
                0x00000000        0x0 c:/users/vetmo/downloads/ahmed/atmel/7.0/toolchain/avr8/avr8-gnu-toolchain/bin/../lib/gcc/avr/5.4.0/avr5\libgcc.a(_muluhisi3.o)
 .text.libgcc.fixed
                0x00000000        0x0 c:/users/vetmo/downloads/ahmed/atmel/7.0/toolchain/avr8/avr8-gnu-toolchain/bin/../lib/gcc/avr/5.4.0/avr5\libgcc.a(_muluhisi3.o)
 .text          0x00000000        0x0 c:/users/vetmo/downloads/ahmed/atmel/7.0/toolchain/avr8/avr8-gnu-toolchain/bin/../lib/gcc/avr/5.4.0/avr5\libgcc.a(_umulhisi3.o)
 .data          0x00000000        0x0 c:/users/vetmo/downloads/ahmed/atmel/7.0/toolchain/avr8/avr8-gnu-toolchain/bin/../lib/gcc/avr/5.4.0/avr5\libgcc.a(_umulhisi3.o)
 .bss           0x00000000        0x0 c:/users/vetmo/downloads/ahmed/atmel/7.0/toolchain/avr8/avr8-gnu-toolchain/bin/../lib/gcc/avr/5.4.0/avr5\libgcc.a(_umulhisi3.o)
 .text.libgcc.div
                0x00000000        0x0 c:/users/vetmo/downloads/ahmed/atmel/7.0/toolchain/avr8/avr8-gnu-toolchain/bin/../lib/gcc/avr/5.4.0/avr5\libgcc.a(_umulhisi3.o)
 .text.libgcc   0x00000000        0x0 c:/users/vetmo/downloads/ahmed/atmel/7.0/toolchain/avr8/avr8-gnu-toolchain/bin/../lib/gcc/avr/5.4.0/avr5\libgcc.a(_umulhisi3.o)
 .text.libgcc.prologue
                0x00000000        0x0 c:/users/vetmo/downloads/ahmed/atmel/7.0/toolchain/avr8/avr8-gnu-toolchain/bin/../lib/gcc/avr/5.4.0/avr5\libgcc.a(_umulhisi3.o)
 .text.libgcc.builtins
                0x00000000        0x0 c:/users/vetmo/downloads/ahmed/atmel/7.0/toolchain/avr8/avr8-gnu-toolchain/bin/../lib/gcc/avr/5.4.0/avr5\libgcc.a(_umulhisi3.o)
 .text.libgcc.fmul
                0x00000000        0x0 c:/users/vetmo/downloads/ahmed/atmel/7.0/toolchain/avr8/avr8-gnu-toolchain/bin/../lib/gcc/avr/5.4.0/avr5\libgcc.a(_umulhisi3.o)
 .text.libgcc.fixed
                0x00000000        0x0 c:/users/vetmo/downloads/ahmed/atmel/7.0/toolchain/avr8/avr8-gnu-toolchain/bin/../lib/gcc/avr/5.4.0/avr5\libgcc.a(_umulhisi3.o)
 .text          0x00000000        0x0 c:/users/vetmo/downloads/ahmed/atmel/7.0/toolchain/avr8/avr8-gnu-toolchain/bin/../lib/gcc/avr/5.4.0/../../../../avr/lib/avr5\libc.a(memcpy.o)
 .data          0x00000000        0x0 c:/users/vetmo/downloads/ahmed/atmel/7.0/toolchain/avr8/avr8-gnu-toolchain/bin/../lib/gcc/avr/5.4.0/../../../../avr/lib/avr5\libc.a(memcpy.o)
 .bss           0x00000000        0x0 c:/users/vetmo/downloads/ahmed/atmel/7.0/toolchain/avr8/avr8-gnu-toolchain/bin/../lib/gcc/avr/5.4.0/../../../../avr/lib/avr5\libc.a(memcpy.o)
 .text.avr-libc
                0x00000000       0x12 c:/users/vetmo/downloads/ahmed/atmel/7.0/toolchain/avr8/avr8-gnu-toolchain/bin/../lib/gcc/avr/5.4.0/../../../../avr/lib/avr5\libc.a(memcpy.o)
 .text          0x00000000        0x0 c:/users/vetmo/downloads/ahmed/atmel/7.0/toolchain/avr8/avr8-gnu-toolchain/bin/../lib/gcc/avr/5.4.0/../../../../avr/lib/avr5\libc.a(memset.o)
 .data          0x00000000        0x0 c:/users/vetmo/downloads/ahmed/atmel/7.0/toolchain/avr8/avr8-gnu-toolchain/bin/../lib/gcc/avr/5.4.0/../../../../avr/lib/avr5\libc.a(memset.o)
 .bss           0x00000000        0x0 c:/users/vetmo/downloads/ahmed/atmel/7.0/toolchain/avr8/avr8-gnu-toolchain/bin/../lib/gcc/avr/5.4.0/../../../../avr/lib/avr5\libc.a(memset.o)
 .text.avr-libc
                0x00000000        0xe c:/users/vetmo/downloads/ahmed/atmel/7.0/toolchain/avr8/avr8-gnu-toolchain/bin/../lib/gcc/avr/5.4.0/../../../../avr/lib/avr5\libc.a(memset.o)

Memory Configuration

Name             Origin             Length             Attributes
text             0x00000000         0x00008000         xr
data             0x00800060         0x00000800         rw !x
eeprom           0x00810000         0x00000400         rw !x
fuse             0x00820000         0x00000002         rw !x
lock             0x00830000         0x00000400         rw !x
signature        0x00840000         0x00000400         rw !x
user_signatures  0x00850000         0x00000400         rw !x
*default*        0x00000000         0xffffffff

Linker script and memory map

LOAD C:/Users/vetmo/Downloads/Ahmed/Atmel/7.0/Packs/atmel/ATmega_DFP/1.6.364/gcc/dev/atmega32/avr5/crtatmega32.o
LOAD FreeRTOS/Source/croutine.o
LOAD FreeRTOS/Source/event_groups.o
LOAD FreeRTOS/Source/list.o
LOAD FreeRTOS/Source/portable/GCC/ATMega323/port.o
LOAD FreeRTOS/Source/portable/MemMang/heap_4.o
LOAD FreeRTOS/Source/queue.o
LOAD FreeRTOS/Source/stream_buffer.o
LOAD FreeRTOS/Source/tasks.o
LOAD FreeRTOS/Source/timers.o
LOAD HAL/LCD/src/LCD.o
LOAD HAL/LCD/src/LCD_Lcfg.o
LOAD LIB/UTILS.o
LOAD MCAL/DIO/src/DIO.o
LOAD MCAL/PWM/src/PWM.o
LOAD MCAL/PWM/src/PWM_Lcfg.o
LOAD MCAL/TIMER/src/TIMER.o
LOAD MCAL/TIMER/src/TIMER_Lcfg.o
LOAD main.o
LOAD MCAL/EEPROM/src/EEPROM.o
START GROUP
LOAD c:/users/vetmo/downloads/ahmed/atmel/7.0/toolchain/avr8/avr8-gnu-toolchain/bin/../lib/gcc/avr/5.4.0/../../../../avr/lib/avr5\libm.a
END GROUP
START GROUP
LOAD c:/users/vetmo/downloads/ahmed/atmel/7.0/toolchain/avr8/avr8-gnu-toolchain/bin/../lib/gcc/avr/5.4.0/avr5\libgcc.a
LOAD c:/users/vetmo/downloads/ahmed/atmel/7.0/toolchain/avr8/avr8-gnu-toolchain/bin/../lib/gcc/avr/5.4.0/../../../../avr/lib/avr5\libm.a
LOAD c:/users/vetmo/downloads/ahmed/atmel/7.0/toolchain/avr8/avr8-gnu-toolchain/bin/../lib/gcc/avr/5.4.0/../../../../avr/lib/avr5\libc.a
LOAD C:/Users/vetmo/Downloads/Ahmed/Atmel/7.0/Packs/atmel/ATmega_DFP/1.6.364/gcc/dev/atmega32/avr5\libatmega32.a
END GROUP
                0x00000000                __TEXT_REGION_ORIGIN__ = DEFINED (__TEXT_REGION_ORIGIN__)?__TEXT_REGION_ORIGIN__:0x0
                [0x00800060]                __DATA_REGION_ORIGIN__ = DEFINED (__DATA_REGION_ORIGIN__)?__DATA_REGION_ORIGIN__:0x800060
                [0x00008000]                __TEXT_REGION_LENGTH__ = DEFINED (__TEXT_REGION_LENGTH__)?__TEXT_REGION_LENGTH__:0x20000
                [0x00000800]                __DATA_REGION_LENGTH__ = DEFINED (__DATA_REGION_LENGTH__)?__DATA_REGION_LENGTH__:0xffa0
                [0x00000400]                __EEPROM_REGION_LENGTH__ = DEFINED (__EEPROM_REGION_LENGTH__)?__EEPROM_REGION_LENGTH__:0x10000
                [0x00000002]                __FUSE_REGION_LENGTH__ = DEFINED (__FUSE_REGION_LENGTH__)?__FUSE_REGION_LENGTH__:0x400
                0x00000400                __LOCK_REGION_LENGTH__ = DEFINED (__LOCK_REGION_LENGTH__)?__LOCK_REGION_LENGTH__:0x400
                0x00000400                __SIGNATURE_REGION_LENGTH__ = DEFINED (__SIGNATURE_REGION_LENGTH__)?__SIGNATURE_REGION_LENGTH__:0x400
                0x00000400                __USER_SIGNATURE_REGION_LENGTH__ = DEFINED (__USER_SIGNATURE_REGION_LENGTH__)?__USER_SIGNATURE_REGION_LENGTH__:0x400

.hash
 *(.hash)

.dynsym
 *(.dynsym)

.dynstr
 *(.dynstr)

.gnu.version
 *(.gnu.version)

.gnu.version_d
 *(.gnu.version_d)

.gnu.version_r
 *(.gnu.version_r)

.rel.init
 *(.rel.init)

.rela.init
 *(.rela.init)

.rel.text
 *(.rel.text)
 *(.rel.text.*)
 *(.rel.gnu.linkonce.t*)

.rela.text
 *(.rela.text)
 *(.rela.text.*)
 *(.rela.gnu.linkonce.t*)

.rel.fini
 *(.rel.fini)

.rela.fini
 *(.rela.fini)

.rel.rodata
 *(.rel.rodata)
 *(.rel.rodata.*)
 *(.rel.gnu.linkonce.r*)

.rela.rodata
 *(.rela.rodata)
 *(.rela.rodata.*)
 *(.rela.gnu.linkonce.r*)

.rel.data
 *(.rel.data)
 *(.rel.data.*)
 *(.rel.gnu.linkonce.d*)

.rela.data
 *(.rela.data)
 *(.rela.data.*)
 *(.rela.gnu.linkonce.d*)

.rel.ctors
 *(.rel.ctors)

.rela.ctors
 *(.rela.ctors)

.rel.dtors
 *(.rel.dtors)

.rela.dtors
 *(.rela.dtors)

.rel.got
 *(.rel.got)

.rela.got
 *(.rela.got)

.rel.bss
 *(.rel.bss)

.rela.bss
 *(.rela.bss)

.rel.plt
 *(.rel.plt)

.rela.plt
 *(.rela.plt)

.text           0x00000000     0x1e0e
 *(.vectors)
 .vectors       0x00000000       0x54 C:/Users/vetmo/Downloads/Ahmed/Atmel/7.0/Packs/atmel/ATmega_DFP/1.6.364/gcc/dev/atmega32/avr5/crtatmega32.o
                0x00000000                __vector_default
                0x00000000                __vectors
 *(.vectors)
 *(.progmem.gcc*)
 .progmem.gcc_sw_table.GetFreqPrescaleRatio
                0x00000054        0xe MCAL/TIMER/src/TIMER.o
                0x00000062                . = ALIGN (0x2)
                0x00000062                __trampolines_start = .
 *(.trampolines)
 .trampolines   0x00000062        0x0 linker stubs
 *(.trampolines*)
                0x00000062                __trampolines_end = .
 *libprintf_flt.a:*(.progmem.data)
 *libc.a:*(.progmem.data)
 *(.progmem*)
                0x00000062                . = ALIGN (0x2)
 *(.jumptables)
 *(.jumptables*)
 *(.lowtext)
 *(.lowtext*)
                0x00000062                __ctors_start = .
 *(.ctors)
                0x00000062                __ctors_end = .
                0x00000062                __dtors_start = .
 *(.dtors)
                0x00000062                __dtors_end = .
 SORT(*)(.ctors)
 SORT(*)(.dtors)
 *(.init0)
 .init0         0x00000062        0x0 C:/Users/vetmo/Downloads/Ahmed/Atmel/7.0/Packs/atmel/ATmega_DFP/1.6.364/gcc/dev/atmega32/avr5/crtatmega32.o
                0x00000062                __init
 *(.init0)
 *(.init1)
 *(.init1)
 *(.init2)
 .init2         0x00000062        0xc C:/Users/vetmo/Downloads/Ahmed/Atmel/7.0/Packs/atmel/ATmega_DFP/1.6.364/gcc/dev/atmega32/avr5/crtatmega32.o
 *(.init2)
 *(.init3)
 *(.init3)
 *(.init4)
 .init4         0x0000006e       0x16 c:/users/vetmo/downloads/ahmed/atmel/7.0/toolchain/avr8/avr8-gnu-toolchain/bin/../lib/gcc/avr/5.4.0/avr5\libgcc.a(_copy_data.o)
                0x0000006e                __do_copy_data
 .init4         0x00000084       0x10 c:/users/vetmo/downloads/ahmed/atmel/7.0/toolchain/avr8/avr8-gnu-toolchain/bin/../lib/gcc/avr/5.4.0/avr5\libgcc.a(_clear_bss.o)
                0x00000084                __do_clear_bss
 *(.init4)
 *(.init5)
 *(.init5)
 *(.init6)
 *(.init6)
 *(.init7)
 *(.init7)
 *(.init8)
 *(.init8)
 *(.init9)
 .init9         0x00000094        0x8 C:/Users/vetmo/Downloads/Ahmed/Atmel/7.0/Packs/atmel/ATmega_DFP/1.6.364/gcc/dev/atmega32/avr5/crtatmega32.o
 *(.init9)
 *(.text)
 .text          0x0000009c        0x4 C:/Users/vetmo/Downloads/Ahmed/Atmel/7.0/Packs/atmel/ATmega_DFP/1.6.364/gcc/dev/atmega32/avr5/crtatmega32.o
                0x0000009c                __vector_1
                0x0000009c                __vector_12
                0x0000009c                __bad_interrupt
                0x0000009c                __vector_6
                0x0000009c                __vector_3
                0x0000009c                __vector_11
                0x0000009c                __vector_13
                0x0000009c                __vector_17
                0x0000009c                __vector_19
                0x0000009c                __vector_5
                0x0000009c                __vector_4
                0x0000009c                __vector_9
                0x0000009c                __vector_2
                0x0000009c                __vector_15
                0x0000009c                __vector_8
                0x0000009c                __vector_14
                0x0000009c                __vector_10
                0x0000009c                __vector_16
                0x0000009c                __vector_18
                0x0000009c                __vector_20
                0x000000a0                . = ALIGN (0x2)
 *(.text.*)
 .text.vPortYieldFromTick
                0x000000a0       0xbc FreeRTOS/Source/portable/GCC/ATMega323/port.o
                0x000000a0                vPortYieldFromTick
 .text.__vector_7
                0x0000015c        0x8 FreeRTOS/Source/portable/GCC/ATMega323/port.o
                0x0000015c                __vector_7
 .text.xTaskIncrementTick
                0x00000164      0x39e FreeRTOS/Source/tasks.o
                0x00000164                xTaskIncrementTick
 .text.vTaskSwitchContext
                0x00000502       0xe8 FreeRTOS/Source/tasks.o
                0x00000502                vTaskSwitchContext
 .text.prvResetNextTaskUnblockTime
                0x000005ea       0x4a FreeRTOS/Source/tasks.o
 .text.LCD_SendCommand
                0x00000634      0x226 HAL/LCD/src/LCD.o
                0x00000634                LCD_SendCommand
 .text.LCD_SendData
                0x0000085a      0x1e2 HAL/LCD/src/LCD.o
                0x0000085a                LCD_SendData
 .text.LCD_Init
                0x00000a3c      0x306 HAL/LCD/src/LCD.o
                0x00000a3c                LCD_Init
 .text.LCD_SendString
                0x00000d42       0x84 HAL/LCD/src/LCD.o
                0x00000d42                LCD_SendString
 .text.DIO_SetPinDirection
                0x00000dc6      0x188 MCAL/DIO/src/DIO.o
                0x00000dc6                DIO_SetPinDirection
 .text.DIO_WritePin
                0x00000f4e      0x188 MCAL/DIO/src/DIO.o
                0x00000f4e                DIO_WritePin
 .text.GetFreqPrescaleRatio
                0x000010d6      0x1e2 MCAL/TIMER/src/TIMER.o
 .text.TIM_Init
                0x000012b8      0x178 MCAL/TIMER/src/TIMER.o
                0x000012b8                TIM_Init
 .text.TIM_Start
                0x00001430       0xc0 MCAL/TIMER/src/TIMER.o
                0x00001430                TIM_Start
 .text.TIM_GetStatus
                0x000014f0      0x26a MCAL/TIMER/src/TIMER.o
                0x000014f0                TIM_GetStatus
 .text.TIM_DelayUs
                0x0000175a      0x14a MCAL/TIMER/src/TIMER.o
                0x0000175a                TIM_DelayUs
 .text.TIM_DelayMs
                0x000018a4      0x160 MCAL/TIMER/src/TIMER.o
                0x000018a4                TIM_DelayMs
 .text.TIM_DelayStatus
                0x00001a04       0xe8 MCAL/TIMER/src/TIMER.o
                0x00001a04                TIM_DelayStatus
 .text.main     0x00001aec       0x2e main.o
                0x00001aec                main
 .text.avr-libc.fplib
                0x00001b1a        0xa c:/users/vetmo/downloads/ahmed/atmel/7.0/toolchain/avr8/avr8-gnu-toolchain/bin/../lib/gcc/avr/5.4.0/../../../../avr/lib/avr5\libm.a(cmpsf2.o)
                0x00001b1a                __nesf2
                0x00001b1a                __eqsf2
                0x00001b1a                __cmpsf2
                0x00001b1a                __ltsf2
                0x00001b1a                __lesf2
 .text.avr-libc.fplib
                0x00001b24        0x8 c:/users/vetmo/downloads/ahmed/atmel/7.0/toolchain/avr8/avr8-gnu-toolchain/bin/../lib/gcc/avr/5.4.0/../../../../avr/lib/avr5\libm.a(divsf3.o)
                0x00001b24                __divsf3
 .text.avr-libc.fplib
                0x00001b2c       0xdc c:/users/vetmo/downloads/ahmed/atmel/7.0/toolchain/avr8/avr8-gnu-toolchain/bin/../lib/gcc/avr/5.4.0/../../../../avr/lib/avr5\libm.a(divsf3x.o)
                0x00001b4c                __divsf3x
                0x00001b52                __divsf3_pse
 .text.avr-libc.fplib
                0x00001c08       0x5e c:/users/vetmo/downloads/ahmed/atmel/7.0/toolchain/avr8/avr8-gnu-toolchain/bin/../lib/gcc/avr/5.4.0/../../../../avr/lib/avr5\libm.a(fixunssfsi.o)
                0x00001c08                __fixunssfsi
 .text.avr-libc.fplib
                0x00001c66       0x7a c:/users/vetmo/downloads/ahmed/atmel/7.0/toolchain/avr8/avr8-gnu-toolchain/bin/../lib/gcc/avr/5.4.0/../../../../avr/lib/avr5\libm.a(floatsisf.o)
                0x00001c66                __floatunsisf
                0x00001c6a                __floatsisf
 .text.avr-libc.fplib
                0x00001ce0       0x48 c:/users/vetmo/downloads/ahmed/atmel/7.0/toolchain/avr8/avr8-gnu-toolchain/bin/../lib/gcc/avr/5.4.0/../../../../avr/lib/avr5\libm.a(fp_cmp.o)
                0x00001ce0                __fp_cmp
 .text.avr-libc.fplib
                0x00001d28        0xc c:/users/vetmo/downloads/ahmed/atmel/7.0/toolchain/avr8/avr8-gnu-toolchain/bin/../lib/gcc/avr/5.4.0/../../../../avr/lib/avr5\libm.a(fp_inf.o)
                0x00001d28                __fp_inf
 .text.avr-libc.fplib
                0x00001d34        0x6 c:/users/vetmo/downloads/ahmed/atmel/7.0/toolchain/avr8/avr8-gnu-toolchain/bin/../lib/gcc/avr/5.4.0/../../../../avr/lib/avr5\libm.a(fp_nan.o)
                0x00001d34                __fp_nan
 .text.avr-libc.fplib
                0x00001d3a        0xe c:/users/vetmo/downloads/ahmed/atmel/7.0/toolchain/avr8/avr8-gnu-toolchain/bin/../lib/gcc/avr/5.4.0/../../../../avr/lib/avr5\libm.a(fp_pscA.o)
                0x00001d3a                __fp_pscA
 .text.avr-libc.fplib
                0x00001d48        0xe c:/users/vetmo/downloads/ahmed/atmel/7.0/toolchain/avr8/avr8-gnu-toolchain/bin/../lib/gcc/avr/5.4.0/../../../../avr/lib/avr5\libm.a(fp_pscB.o)
                0x00001d48                __fp_pscB
 .text.avr-libc.fplib
                0x00001d56       0x22 c:/users/vetmo/downloads/ahmed/atmel/7.0/toolchain/avr8/avr8-gnu-toolchain/bin/../lib/gcc/avr/5.4.0/../../../../avr/lib/avr5\libm.a(fp_round.o)
                0x00001d56                __fp_round
 .text.avr-libc.fplib
                0x00001d78       0x44 c:/users/vetmo/downloads/ahmed/atmel/7.0/toolchain/avr8/avr8-gnu-toolchain/bin/../lib/gcc/avr/5.4.0/../../../../avr/lib/avr5\libm.a(fp_split3.o)
                0x00001d78                __fp_split3
                0x00001d88                __fp_splitA
 .text.avr-libc.fplib
                0x00001dbc        0xe c:/users/vetmo/downloads/ahmed/atmel/7.0/toolchain/avr8/avr8-gnu-toolchain/bin/../lib/gcc/avr/5.4.0/../../../../avr/lib/avr5\libm.a(fp_zero.o)
                0x00001dbc                __fp_zero
                0x00001dbe                __fp_szero
 .text.libgcc   0x00001dca        0xc c:/users/vetmo/downloads/ahmed/atmel/7.0/toolchain/avr8/avr8-gnu-toolchain/bin/../lib/gcc/avr/5.4.0/avr5\libgcc.a(_tablejump2.o)
                0x00001dca                __tablejump2__
 .text.libgcc.mul
                0x00001dd6       0x16 c:/users/vetmo/downloads/ahmed/atmel/7.0/toolchain/avr8/avr8-gnu-toolchain/bin/../lib/gcc/avr/5.4.0/avr5\libgcc.a(_muluhisi3.o)
                0x00001dd6                __muluhisi3
 .text.libgcc.mul
                0x00001dec       0x1e c:/users/vetmo/downloads/ahmed/atmel/7.0/toolchain/avr8/avr8-gnu-toolchain/bin/../lib/gcc/avr/5.4.0/avr5\libgcc.a(_umulhisi3.o)
                0x00001dec                __umulhisi3
                0x00001e0a                . = ALIGN (0x2)
 *(.fini9)
 .fini9         0x00001e0a        0x0 c:/users/vetmo/downloads/ahmed/atmel/7.0/toolchain/avr8/avr8-gnu-toolchain/bin/../lib/gcc/avr/5.4.0/avr5\libgcc.a(_exit.o)
                0x00001e0a                _exit
                0x00001e0a                exit
 *(.fini9)
 *(.fini8)
 *(.fini8)
 *(.fini7)
 *(.fini7)
 *(.fini6)
 *(.fini6)
 *(.fini5)
 *(.fini5)
 *(.fini4)
 *(.fini4)
 *(.fini3)
 *(.fini3)
 *(.fini2)
 *(.fini2)
 *(.fini1)
 *(.fini1)
 *(.fini0)
 .fini0         0x00001e0a        0x4 c:/users/vetmo/downloads/ahmed/atmel/7.0/toolchain/avr8/avr8-gnu-toolchain/bin/../lib/gcc/avr/5.4.0/avr5\libgcc.a(_exit.o)
 *(.fini0)
                0x00001e0e                _etext = .

.data           0x00800060       0x28 load address 0x00001e0e
                0x00800060                PROVIDE (__data_start, .)
 *(.data)
 *(.data*)
 .data.State.1730
                0x00800060        0x1 HAL/LCD/src/LCD.o
 .data.State.1749
                0x00800061        0x1 HAL/LCD/src/LCD.o
 .data.State.1763
                0x00800062        0x1 HAL/LCD/src/LCD.o
 *(.gnu.linkonce.d*)
 *(.rodata)
 .rodata        0x00800063        0x6 main.o
 *(.rodata*)
 .rodata.gastr_LCD_Config
                0x00800069        0x8 HAL/LCD/src/LCD_Lcfg.o
                0x00800069                gastr_LCD_Config
 .rodata.gastr_LCD_8_Config
                0x00800071        0xd HAL/LCD/src/LCD_Lcfg.o
                0x00800071                gastr_LCD_8_Config
 .rodata.gastr_Timer_Config
                0x0080007e        0x9 MCAL/TIMER/src/TIMER_Lcfg.o
                0x0080007e                gastr_Timer_Config
 *(.gnu.linkonce.r*)
                0x00800088                . = ALIGN (0x2)
 *fill*         0x00800087        0x1 
                0x00800088                _edata = .
                0x00800088                PROVIDE (__data_end, .)

.bss            0x00800088       0x3e
                0x00800088                PROVIDE (__bss_start, .)
 *(.bss)
 *(.bss*)
 .bss.pxCurrentTCB
                0x00800088        0x2 FreeRTOS/Source/tasks.o
                0x00800088                pxCurrentTCB
 .bss.pxReadyTasksLists
                0x0080008a       0x24 FreeRTOS/Source/tasks.o
 .bss.pxDelayedTaskList
                0x008000ae        0x2 FreeRTOS/Source/tasks.o
 .bss.pxOverflowDelayedTaskList
                0x008000b0        0x2 FreeRTOS/Source/tasks.o
 .bss.xTickCount
                0x008000b2        0x2 FreeRTOS/Source/tasks.o
 .bss.uxTopReadyPriority
                0x008000b4        0x1 FreeRTOS/Source/tasks.o
 .bss.xPendedTicks
                0x008000b5        0x2 FreeRTOS/Source/tasks.o
 .bss.xYieldPending
                0x008000b7        0x1 FreeRTOS/Source/tasks.o
 .bss.xNumOfOverflows
                0x008000b8        0x1 FreeRTOS/Source/tasks.o
 .bss.xNextTaskUnblockTime
                0x008000b9        0x2 FreeRTOS/Source/tasks.o
 .bss.uxSchedulerSuspended
                0x008000bb        0x1 FreeRTOS/Source/tasks.o
 .bss.Number.1786
                0x008000bc        0x1 HAL/LCD/src/LCD.o
 .bss.gu32_Overflows
                0x008000bd        0x4 MCAL/TIMER/src/TIMER.o
 .bss.gu8_OverflowsComplete
                0x008000c1        0x1 MCAL/TIMER/src/TIMER.o
 .bss.gu8_Remindar
                0x008000c2        0x1 MCAL/TIMER/src/TIMER.o
 .bss.gEnu_State
                0x008000c3        0x1 MCAL/TIMER/src/TIMER.o
 .bss.gptr_CallerFunc
                0x008000c4        0x2 MCAL/TIMER/src/TIMER.o
 *(COMMON)
                0x008000c6                PROVIDE (__bss_end, .)
                0x00001e0e                __data_load_start = LOADADDR (.data)
                0x00001e36                __data_load_end = (__data_load_start + SIZEOF (.data))

.noinit         0x008000c6        0x0
                [!provide]                PROVIDE (__noinit_start, .)
 *(.noinit*)
                [!provide]                PROVIDE (__noinit_end, .)
                0x008000c6                _end = .
                [!provide]                PROVIDE (__heap_start, .)

.eeprom         0x00810000        0x0
 *(.eeprom*)
                0x00810000                __eeprom_end = .

.fuse
 *(.fuse)
 *(.lfuse)
 *(.hfuse)
 *(.efuse)

.lock
 *(.lock*)

.signature
 *(.signature*)

.user_signatures
 *(.user_signatures*)

.stab
 *(.stab)

.stabstr
 *(.stabstr)

.stab.excl
 *(.stab.excl)

.stab.exclstr
 *(.stab.exclstr)

.stab.index
 *(.stab.index)

.stab.indexstr
 *(.stab.indexstr)

.comment        0x00000000       0x30
 *(.comment)
 .comment       0x00000000       0x30 FreeRTOS/Source/portable/GCC/ATMega323/port.o
                                 0x31 (size before relaxing)
 .comment       0x00000030       0x31 FreeRTOS/Source/tasks.o
 .comment       0x00000030       0x31 HAL/LCD/src/LCD.o
 .comment       0x00000030       0x31 HAL/LCD/src/LCD_Lcfg.o
 .comment       0x00000030       0x31 MCAL/DIO/src/DIO.o
 .comment       0x00000030       0x31 MCAL/TIMER/src/TIMER.o
 .comment       0x00000030       0x31 MCAL/TIMER/src/TIMER_Lcfg.o
 .comment       0x00000030       0x31 main.o

.note.gnu.avr.deviceinfo
                0x00000000       0x3c
 .note.gnu.avr.deviceinfo
                0x00000000       0x3c C:/Users/vetmo/Downloads/Ahmed/Atmel/7.0/Packs/atmel/ATmega_DFP/1.6.364/gcc/dev/atmega32/avr5/crtatmega32.o

.note.gnu.build-id
 *(.note.gnu.build-id)

.debug
 *(.debug)

.line
 *(.line)

.debug_srcinfo
 *(.debug_srcinfo)

.debug_sfnames
 *(.debug_sfnames)

.debug_aranges  0x00000000      0x2d0
 *(.debug_aranges)
 .debug_aranges
                0x00000000       0x50 FreeRTOS/Source/portable/GCC/ATMega323/port.o
 .debug_aranges
                0x00000050      0x150 FreeRTOS/Source/tasks.o
 .debug_aranges
                0x000001a0       0x48 HAL/LCD/src/LCD.o
 .debug_aranges
                0x000001e8       0x18 HAL/LCD/src/LCD_Lcfg.o
 .debug_aranges
                0x00000200       0x40 MCAL/DIO/src/DIO.o
 .debug_aranges
                0x00000240       0x58 MCAL/TIMER/src/TIMER.o
 .debug_aranges
                0x00000298       0x18 MCAL/TIMER/src/TIMER_Lcfg.o
 .debug_aranges
                0x000002b0       0x20 main.o

.debug_pubnames
 *(.debug_pubnames)

.debug_info     0x00000000     0x2aff
 *(.debug_info .gnu.linkonce.wi.*)
 .debug_info    0x00000000      0x4e6 C:/Users/vetmo/Downloads/Ahmed/Atmel/7.0/Packs/atmel/ATmega_DFP/1.6.364/gcc/dev/atmega32/avr5/crtatmega32.o
 .debug_info    0x000004e6      0x1ed FreeRTOS/Source/portable/GCC/ATMega323/port.o
 .debug_info    0x000006d3     0x13f7 FreeRTOS/Source/tasks.o
 .debug_info    0x00001aca      0x4d7 HAL/LCD/src/LCD.o
 .debug_info    0x00001fa1      0x28e HAL/LCD/src/LCD_Lcfg.o
 .debug_info    0x0000222f      0x2ce MCAL/DIO/src/DIO.o
 .debug_info    0x000024fd      0x486 MCAL/TIMER/src/TIMER.o
 .debug_info    0x00002983       0xe4 MCAL/TIMER/src/TIMER_Lcfg.o
 .debug_info    0x00002a67       0x98 main.o

.debug_abbrev   0x00000000      0xc1c
 *(.debug_abbrev)
 .debug_abbrev  0x00000000      0x4a3 C:/Users/vetmo/Downloads/Ahmed/Atmel/7.0/Packs/atmel/ATmega_DFP/1.6.364/gcc/dev/atmega32/avr5/crtatmega32.o
 .debug_abbrev  0x000004a3      0x104 FreeRTOS/Source/portable/GCC/ATMega323/port.o
 .debug_abbrev  0x000005a7      0x201 FreeRTOS/Source/tasks.o
 .debug_abbrev  0x000007a8      0x127 HAL/LCD/src/LCD.o
 .debug_abbrev  0x000008cf       0x95 HAL/LCD/src/LCD_Lcfg.o
 .debug_abbrev  0x00000964       0xb0 MCAL/DIO/src/DIO.o
 .debug_abbrev  0x00000a14      0x147 MCAL/TIMER/src/TIMER.o
 .debug_abbrev  0x00000b5b       0x7b MCAL/TIMER/src/TIMER_Lcfg.o
 .debug_abbrev  0x00000bd6       0x46 main.o

.debug_line     0x00000000     0x2859
 *(.debug_line .debug_line.* .debug_line_end)
 .debug_line    0x00000000      0x116 C:/Users/vetmo/Downloads/Ahmed/Atmel/7.0/Packs/atmel/ATmega_DFP/1.6.364/gcc/dev/atmega32/avr5/crtatmega32.o
 .debug_line    0x00000116      0x43c FreeRTOS/Source/portable/GCC/ATMega323/port.o
 .debug_line    0x00000552     0x1150 FreeRTOS/Source/tasks.o
 .debug_line    0x000016a2      0x6c1 HAL/LCD/src/LCD.o
 .debug_line    0x00001d63       0xb0 HAL/LCD/src/LCD_Lcfg.o
 .debug_line    0x00001e13      0x376 MCAL/DIO/src/DIO.o
 .debug_line    0x00002189      0x5b6 MCAL/TIMER/src/TIMER.o
 .debug_line    0x0000273f       0xa1 MCAL/TIMER/src/TIMER_Lcfg.o
 .debug_line    0x000027e0       0x79 main.o

.debug_frame    0x00000000      0x970
 *(.debug_frame)
 .debug_frame   0x00000000       0xc4 FreeRTOS/Source/portable/GCC/ATMega323/port.o
 .debug_frame   0x000000c4      0x5b4 FreeRTOS/Source/tasks.o
 .debug_frame   0x00000678       0xd4 HAL/LCD/src/LCD.o
 .debug_frame   0x0000074c       0xb4 MCAL/DIO/src/DIO.o
 .debug_frame   0x00000800      0x13c MCAL/TIMER/src/TIMER.o
 .debug_frame   0x0000093c       0x34 main.o

.debug_str      0x00000000     0x13a9
 *(.debug_str)
 .debug_str     0x00000000      0x196 C:/Users/vetmo/Downloads/Ahmed/Atmel/7.0/Packs/atmel/ATmega_DFP/1.6.364/gcc/dev/atmega32/avr5/crtatmega32.o
 .debug_str     0x00000196      0x2b5 FreeRTOS/Source/portable/GCC/ATMega323/port.o
                                0x30a (size before relaxing)
 .debug_str     0x0000044b      0x9af FreeRTOS/Source/tasks.o
                                0xbff (size before relaxing)
 .debug_str     0x00000dfa      0x21e HAL/LCD/src/LCD.o
                                0x3f4 (size before relaxing)
 .debug_str     0x00001018       0x88 HAL/LCD/src/LCD_Lcfg.o
                                0x32d (size before relaxing)
 .debug_str     0x000010a0       0x9f MCAL/DIO/src/DIO.o
                                0x333 (size before relaxing)
 .debug_str     0x0000113f      0x228 MCAL/TIMER/src/TIMER.o
                                0x41b (size before relaxing)
 .debug_str     0x00001367       0x31 MCAL/TIMER/src/TIMER_Lcfg.o
                                0x23e (size before relaxing)
 .debug_str     0x00001398       0x11 main.o
                                0x1cf (size before relaxing)

.debug_loc      0x00000000     0x1377
 *(.debug_loc)
 .debug_loc     0x00000000      0x105 FreeRTOS/Source/portable/GCC/ATMega323/port.o
 .debug_loc     0x00000105      0xc7b FreeRTOS/Source/tasks.o
 .debug_loc     0x00000d80      0x1af HAL/LCD/src/LCD.o
 .debug_loc     0x00000f2f      0x168 MCAL/DIO/src/DIO.o
 .debug_loc     0x00001097      0x2a5 MCAL/TIMER/src/TIMER.o
 .debug_loc     0x0000133c       0x3b main.o

.debug_macinfo
 *(.debug_macinfo)

.debug_weaknames
 *(.debug_weaknames)

.debug_funcnames
 *(.debug_funcnames)

.debug_typenames
 *(.debug_typenames)

.debug_varnames
 *(.debug_varnames)

.debug_pubtypes
 *(.debug_pubtypes)

.debug_ranges   0x00000000      0x240
 *(.debug_ranges)
 .debug_ranges  0x00000000       0x40 FreeRTOS/Source/portable/GCC/ATMega323/port.o
 .debug_ranges  0x00000040      0x140 FreeRTOS/Source/tasks.o
 .debug_ranges  0x00000180       0x38 HAL/LCD/src/LCD.o
 .debug_ranges  0x000001b8       0x30 MCAL/DIO/src/DIO.o
 .debug_ranges  0x000001e8       0x48 MCAL/TIMER/src/TIMER.o
 .debug_ranges  0x00000230       0x10 main.o

.debug_macro
 *(.debug_macro)
OUTPUT(MCU_To_MCU_Bluetooth_Communication.elf elf32-avr)
LOAD linker stubs
